Archive member included to satisfy reference by file (symbol)

c:/users/asus/.pico-sdk/toolchain/12_3_rel1/bin/../lib/gcc/arm-none-eabi/12.3.1/thumb/v6-m/nofp\libgcc.a(_dvmd_tls.o)
                              CMakeFiles/USB_DEVICE_AND_KEYBOARD.dir/C_/Users/ASUS/.pico-sdk/sdk/1.5.1/src/rp2_common/pico_divider/divider.S.obj (__aeabi_idiv0)
c:/users/asus/.pico-sdk/toolchain/12_3_rel1/bin/../lib/gcc/arm-none-eabi/12.3.1/thumb/v6-m/nofp\libc.a(libc_a-calloc.o)
                              CMakeFiles/USB_DEVICE_AND_KEYBOARD.dir/C_/Users/ASUS/.pico-sdk/sdk/1.5.1/src/rp2_common/pico_malloc/pico_malloc.c.obj (calloc)
c:/users/asus/.pico-sdk/toolchain/12_3_rel1/bin/../lib/gcc/arm-none-eabi/12.3.1/thumb/v6-m/nofp\libc.a(libc_a-callocr.o)
                              c:/users/asus/.pico-sdk/toolchain/12_3_rel1/bin/../lib/gcc/arm-none-eabi/12.3.1/thumb/v6-m/nofp\libc.a(libc_a-calloc.o) (_calloc_r)
c:/users/asus/.pico-sdk/toolchain/12_3_rel1/bin/../lib/gcc/arm-none-eabi/12.3.1/thumb/v6-m/nofp\libc.a(libc_a-malloc.o)
                              CMakeFiles/USB_DEVICE_AND_KEYBOARD.dir/C_/Users/ASUS/.pico-sdk/sdk/1.5.1/src/rp2_common/pico_malloc/pico_malloc.c.obj (malloc)
c:/users/asus/.pico-sdk/toolchain/12_3_rel1/bin/../lib/gcc/arm-none-eabi/12.3.1/thumb/v6-m/nofp\libc.a(libc_a-mallocr.o)
                              c:/users/asus/.pico-sdk/toolchain/12_3_rel1/bin/../lib/gcc/arm-none-eabi/12.3.1/thumb/v6-m/nofp\libc.a(libc_a-callocr.o) (_malloc_r)
c:/users/asus/.pico-sdk/toolchain/12_3_rel1/bin/../lib/gcc/arm-none-eabi/12.3.1/thumb/v6-m/nofp\libc.a(libc_a-mlock.o)
                              c:/users/asus/.pico-sdk/toolchain/12_3_rel1/bin/../lib/gcc/arm-none-eabi/12.3.1/thumb/v6-m/nofp\libc.a(libc_a-mallocr.o) (__malloc_lock)
c:/users/asus/.pico-sdk/toolchain/12_3_rel1/bin/../lib/gcc/arm-none-eabi/12.3.1/thumb/v6-m/nofp\libc.a(libc_a-realloc.o)
                              CMakeFiles/USB_DEVICE_AND_KEYBOARD.dir/C_/Users/ASUS/.pico-sdk/sdk/1.5.1/src/rp2_common/pico_malloc/pico_malloc.c.obj (realloc)
c:/users/asus/.pico-sdk/toolchain/12_3_rel1/bin/../lib/gcc/arm-none-eabi/12.3.1/thumb/v6-m/nofp\libc.a(libc_a-reallocr.o)
                              c:/users/asus/.pico-sdk/toolchain/12_3_rel1/bin/../lib/gcc/arm-none-eabi/12.3.1/thumb/v6-m/nofp\libc.a(libc_a-realloc.o) (_realloc_r)
c:/users/asus/.pico-sdk/toolchain/12_3_rel1/bin/../lib/gcc/arm-none-eabi/12.3.1/thumb/v6-m/nofp\libc.a(libc_a-memmove.o)
                              c:/users/asus/.pico-sdk/toolchain/12_3_rel1/bin/../lib/gcc/arm-none-eabi/12.3.1/thumb/v6-m/nofp\libc.a(libc_a-reallocr.o) (memmove)
c:/users/asus/.pico-sdk/toolchain/12_3_rel1/bin/../lib/gcc/arm-none-eabi/12.3.1/thumb/v6-m/nofp\libc.a(libc_a-impure.o)
                              c:/users/asus/.pico-sdk/toolchain/12_3_rel1/bin/../lib/gcc/arm-none-eabi/12.3.1/thumb/v6-m/nofp\libc.a(libc_a-calloc.o) (_impure_ptr)
c:/users/asus/.pico-sdk/toolchain/12_3_rel1/bin/../lib/gcc/arm-none-eabi/12.3.1/thumb/v6-m/nofp\libc.a(libc_a-sbrkr.o)
                              c:/users/asus/.pico-sdk/toolchain/12_3_rel1/bin/../lib/gcc/arm-none-eabi/12.3.1/thumb/v6-m/nofp\libc.a(libc_a-mallocr.o) (_sbrk_r)
c:/users/asus/.pico-sdk/toolchain/12_3_rel1/bin/../lib/gcc/arm-none-eabi/12.3.1/thumb/v6-m/nofp\libc.a(libc_a-errno.o)
                              c:/users/asus/.pico-sdk/toolchain/12_3_rel1/bin/../lib/gcc/arm-none-eabi/12.3.1/thumb/v6-m/nofp\libc.a(libc_a-callocr.o) (__errno)
c:/users/asus/.pico-sdk/toolchain/12_3_rel1/bin/../lib/gcc/arm-none-eabi/12.3.1/thumb/v6-m/nofp\libc.a(libc_a-init.o)
                              c:/users/asus/.pico-sdk/toolchain/12_3_rel1/bin/../lib/gcc/arm-none-eabi/12.3.1/thumb/v6-m/nofp/crt0.o (__libc_init_array)
c:/users/asus/.pico-sdk/toolchain/12_3_rel1/bin/../lib/gcc/arm-none-eabi/12.3.1/thumb/v6-m/nofp\libc.a(libc_a-lock.o)
                              c:/users/asus/.pico-sdk/toolchain/12_3_rel1/bin/../lib/gcc/arm-none-eabi/12.3.1/thumb/v6-m/nofp\libc.a(libc_a-mlock.o) (__retarget_lock_acquire_recursive)
c:/users/asus/.pico-sdk/toolchain/12_3_rel1/bin/../lib/gcc/arm-none-eabi/12.3.1/thumb/v6-m/nofp\libc.a(libc_a-sysconf.o)
                              c:/users/asus/.pico-sdk/toolchain/12_3_rel1/bin/../lib/gcc/arm-none-eabi/12.3.1/thumb/v6-m/nofp\libc.a(libc_a-mallocr.o) (sysconf)
c:/users/asus/.pico-sdk/toolchain/12_3_rel1/bin/../lib/gcc/arm-none-eabi/12.3.1/thumb/v6-m/nofp\libc.a(libc_a-strlen-stub.o)
                              CMakeFiles/USB_DEVICE_AND_KEYBOARD.dir/usb_descriptors.c.obj (strlen)
c:/users/asus/.pico-sdk/toolchain/12_3_rel1/bin/../lib/gcc/arm-none-eabi/12.3.1/thumb/v6-m/nofp\libc.a(libc_a-freer.o)
                              c:/users/asus/.pico-sdk/toolchain/12_3_rel1/bin/../lib/gcc/arm-none-eabi/12.3.1/thumb/v6-m/nofp\libc.a(libc_a-malloc.o) (_free_r)
c:/users/asus/.pico-sdk/toolchain/12_3_rel1/bin/../lib/gcc/arm-none-eabi/12.3.1/thumb/v6-m/nofp\libc.a(libc_a-findfp.o)
[...]
Memory Configuration

Name             Origin             Length             Attributes
FLASH            0x10000000         0x00200000         xr
RAM              0x20000000         0x00040000         xrw
SCRATCH_X        0x20040000         0x00001000         xrw
SCRATCH_Y        0x20041000         0x00001000         xrw
*default*        0x00000000         0xffffffff

Linker script and memory map

LOAD c:/users/asus/.pico-sdk/toolchain/12_3_rel1/bin/../lib/gcc/arm-none-eabi/12.3.1/thumb/v6-m/nofp/crti.o
LOAD c:/users/asus/.pico-sdk/toolchain/12_3_rel1/bin/../lib/gcc/arm-none-eabi/12.3.1/thumb/v6-m/nofp/crtbegin.o
LOAD c:/users/asus/.pico-sdk/toolchain/12_3_rel1/bin/../lib/gcc/arm-none-eabi/12.3.1/thumb/v6-m/nofp/crt0.o

.flash_begin    0x10000000        0x0
                0x10000000                        __flash_binary_start = .

.boot2          0x10000000      0x100
                0x10000000                        __boot2_start__ = .
 *(.boot2)
 .boot2         0x10000000      0x100 C:\Users\ASUS\AppData\Local\Temp\cc04RHta.o
                0x10000100                        __boot2_end__ = .
                0x00000001                        ASSERT (((__boot2_end__ - __boot2_start__) == 0x100), ERROR: Pico second stage bootloader must be 256 bytes in size)

.text           0x10000100     0xa1d0
                0x10000100                        __logical_binary_start = .
 *(.vectors)
 .vectors       0x10000100       0xd4 CMakeFiles/USB_DEVICE_AND_KEYBOARD.dir/C_/Users/ASUS/.pico-sdk/sdk/1.5.1/src/rp2_common/pico_standard_link/crt0.S.obj
                0x10000100                __VECTOR_TABLE
                0x10000100                __vectors
                0x100001c0                isr_invalid
                0x100001c0                __default_isrs_start
                0x100001c2                isr_nmi
                0x100001c4                isr_hardfault
                0x100001c6                isr_svcall
                0x100001c8                isr_pendsv
                0x100001ca                isr_systick
                0x100001cc                isr_irq23
                0x100001cc                isr_irq18
                0x100001cc                isr_irq11
                0x100001cc                isr_irq28
                0x100001cc                isr_irq19
                0x100001cc                isr_irq0
                0x100001cc                isr_irq6
                0x100001cc                isr_irq5
                0x100001cc                isr_irq12
                0x100001cc                isr_irq22
                0x100001cc                isr_irq31
                0x100001cc                isr_irq17
                0x100001cc                isr_irq27
                0x100001cc                isr_irq30
                0x100001cc                isr_irq2
                0x100001cc                isr_irq10
                0x100001cc                isr_irq8
                0x100001cc                isr_irq24
                0x100001cc                isr_irq1
                0x100001cc                isr_irq7
                0x100001cc                isr_irq21
                0x100001cc                isr_irq20
                0x100001cc                isr_irq15
                0x100001cc                isr_irq25
                0x100001cc                isr_irq13
                0x100001cc                __unhandled_user_irq
                0x100001cc                isr_irq4
                0x100001cc                isr_irq16
                0x100001cc                isr_irq29
                0x100001cc                isr_irq26
                0x100001cc                __default_isrs_end
                0x100001cc                isr_irq3
                0x100001cc                isr_irq14
                0x100001cc                isr_irq9
                0x100001d2                unhandled_user_irq_num_in_r0
 *(.binary_info_header)
 .binary_info_header
                0x100001d4       0x14 CMakeFiles/USB_DEVICE_AND_KEYBOARD.dir/C_/Users/ASUS/.pico-sdk/sdk/1.5.1/src/rp2_common/pico_standard_link/crt0.S.obj
                0x100001e8                        __binary_info_header_end = .
 *(.reset)
 .reset         0x100001e8       0xa0 CMakeFiles/USB_DEVICE_AND_KEYBOARD.dir/C_/Users/ASUS/.pico-sdk/sdk/1.5.1/src/rp2_common/pico_standard_link/crt0.S.obj
                0x100001e8                _entry_point
 .reset         0x10000288       0x30 CMakeFiles/USB_DEVICE_AND_KEYBOARD.dir/C_/Users/ASUS/.pico-sdk/sdk/1.5.1/src/rp2_common/pico_standard_link/binary_info.c.obj
 *(.init)
 .init          0x100002b8        0x4 c:/users/asus/.pico-sdk/toolchain/12_3_rel1/bin/../lib/gcc/arm-none-eabi/12.3.1/thumb/v6-m/nofp/crti.o
                0x100002b8                _init
 *(EXCLUDE_FILE(*libm.a: *libc.a:*lib_a-mem*.o *libgcc.a:) .text*)
 .text.register_tm_clones
                0x100002bc       0x28 c:/users/asus/.pico-sdk/toolchain/12_3_rel1/bin/../lib/gcc/arm-none-eabi/12.3.1/thumb/v6-m/nofp/crtbegin.o
 .text.frame_dummy
                0x100002e4       0x24 c:/users/asus/.pico-sdk/toolchain/12_3_rel1/bin/../lib/gcc/arm-none-eabi/12.3.1/thumb/v6-m/nofp/crtbegin.o
 .text.startup.main
                0x10000308       0x5c CMakeFiles/USB_DEVICE_AND_KEYBOARD.dir/main_device.c.obj
                0x10000308                main
 .text.tud_cdc_rx_cb
                0x10000364       0x14 CMakeFiles/USB_DEVICE_AND_KEYBOARD.dir/main_device.c.obj
                0x10000364                tud_cdc_rx_cb
 .text.core1_main
                0x10000378       0x3c CMakeFiles/USB_DEVICE_AND_KEYBOARD.dir/main_host.c.obj
                0x10000378                core1_main
 .text.tuh_hid_mount_cb
                0x100003b4       0x94 CMakeFiles/USB_DEVICE_AND_KEYBOARD.dir/main_host.c.obj
                0x100003b4                tuh_hid_mount_cb
 .text.tuh_hid_umount_cb
                0x10000448       0x2c CMakeFiles/USB_DEVICE_AND_KEYBOARD.dir/main_host.c.obj
                0x10000448                tuh_hid_umount_cb
 .text.tuh_hid_report_received_cb
                0x10000474      0x424 CMakeFiles/USB_DEVICE_AND_KEYBOARD.dir/main_host.c.obj
                0x10000474                tuh_hid_report_received_cb
 .text.tud_descriptor_device_cb
                0x10000898        0x8 CMakeFiles/USB_DEVICE_AND_KEYBOARD.dir/usb_descriptors.c.obj
                0x10000898                tud_descriptor_device_cb
 .text.tud_descriptor_configuration_cb
                0x100008a0        0x8 CMakeFiles/USB_DEVICE_AND_KEYBOARD.dir/usb_descriptors.c.obj
                0x100008a0                tud_descriptor_configuration_cb
 .text.tud_descriptor_string_cb
                0x100008a8       0x70 CMakeFiles/USB_DEVICE_AND_KEYBOARD.dir/usb_descriptors.c.obj
                0x100008a8                tud_descriptor_string_cb
 .text.tud_hid_descriptor_report_cb
                0x10000918        0x8 CMakeFiles/USB_DEVICE_AND_KEYBOARD.dir/usb_descriptors.c.obj
                0x10000918                tud_hid_descriptor_report_cb
 .text.tud_hid_set_report_cb
                0x10000920        0x4 CMakeFiles/USB_DEVICE_AND_KEYBOARD.dir/usb_descriptors.c.obj
                0x10000920                tud_hid_set_report_cb
 .text.tud_hid_get_report_cb
                0x10000924        0x4 CMakeFiles/USB_DEVICE_AND_KEYBOARD.dir/usb_descriptors.c.obj
                0x10000924                tud_hid_get_report_cb
 .text.tud_hid_report_complete_cb
                0x10000928        0x4 CMakeFiles/USB_DEVICE_AND_KEYBOARD.dir/usb_descriptors.c.obj
                0x10000928                tud_hid_report_complete_cb
 .text.hcd_configure
                0x1000092c       0x24 CMakeFiles/USB_DEVICE_AND_KEYBOARD.dir/C_/Users/ASUS/.pico-sdk/sdk/1.5.1/lib/tinyusb/src/portable/raspberrypi/pio_usb/hcd_pio_usb.c.obj
                0x1000092c                hcd_configure
 .text.hcd_init
                0x10000950       0x10 CMakeFiles/USB_DEVICE_AND_KEYBOARD.dir/C_/Users/ASUS/.pico-sdk/sdk/1.5.1/lib/tinyusb/src/portable/raspberrypi/pio_usb/hcd_pio_usb.c.obj
                0x10000950                hcd_init
 .text.hcd_port_reset
                0x10000960        0xc CMakeFiles/USB_DEVICE_AND_KEYBOARD.dir/C_/Users/ASUS/.pico-sdk/sdk/1.5.1/lib/tinyusb/src/portable/raspberrypi/pio_usb/hcd_pio_usb.c.obj
                0x10000960                hcd_port_reset
 .text.hcd_port_reset_end
                0x1000096c        0xc CMakeFiles/USB_DEVICE_AND_KEYBOARD.dir/C_/Users/ASUS/.pico-sdk/sdk/1.5.1/lib/tinyusb/src/portable/raspberrypi/pio_usb/hcd_pio_usb.c.obj
                0x1000096c                hcd_port_reset_end
 .text.hcd_port_connect_status
                0x10000978       0x40 CMakeFiles/USB_DEVICE_AND_KEYBOARD.dir/C_/Users/ASUS/.pico-sdk/sdk/1.5.1/lib/tinyusb/src/portable/raspberrypi/pio_usb/hcd_pio_usb.c.obj
                0x10000978                hcd_port_connect_status
 .text.hcd_port_speed_get
                0x100009b8       0x1c CMakeFiles/USB_DEVICE_AND_KEYBOARD.dir/C_/Users/ASUS/.pico-sdk/sdk/1.5.1/lib/tinyusb/src/portable/raspberrypi/pio_usb/hcd_pio_usb.c.obj
                0x100009b8                hcd_port_speed_get
 .text.hcd_device_close
                0x100009d4        0xc CMakeFiles/USB_DEVICE_AND_KEYBOARD.dir/C_/Users/ASUS/.pico-sdk/sdk/1.5.1/lib/tinyusb/src/portable/raspberrypi/pio_usb/hcd_pio_usb.c.obj
                0x100009d4                hcd_device_close
 .text.hcd_int_enable
                0x100009e0        0x4 CMakeFiles/USB_DEVICE_AND_KEYBOARD.dir/C_/Users/ASUS/.pico-sdk/sdk/1.5.1/lib/tinyusb/src/portable/raspberrypi/pio_usb/hcd_pio_usb.c.obj
                0x100009e0                hcd_int_enable
 .text.hcd_edpt_open
                0x100009e4       0x38 CMakeFiles/USB_DEVICE_AND_KEYBOARD.dir/C_/Users/ASUS/.pico-sdk/sdk/1.5.1/lib/tinyusb/src/portable/raspberrypi/pio_usb/hcd_pio_usb.c.obj
                0x100009e4                hcd_edpt_open
 .text.hcd_edpt_xfer
                0x10000a1c       0x18 CMakeFiles/USB_DEVICE_AND_KEYBOARD.dir/C_/Users/ASUS/.pico-sdk/sdk/1.5.1/lib/tinyusb/src/portable/raspberrypi/pio_usb/hcd_pio_usb.c.obj
                0x10000a1c                hcd_edpt_xfer
 .text.hcd_setup_send
                0x10000a34        0xc CMakeFiles/USB_DEVICE_AND_KEYBOARD.dir/C_/Users/ASUS/.pico-sdk/sdk/1.5.1/lib/tinyusb/src/portable/raspberrypi/pio_usb/hcd_pio_usb.c.obj
                0x10000a34                hcd_setup_send
 .text.set_sys_clock_pll
                0x10000a40       0x78 CMakeFiles/USB_DEVICE_AND_KEYBOARD.dir/C_/Users/ASUS/.pico-sdk/sdk/1.5.1/src/rp2_common/pico_stdlib/stdlib.c.obj
                0x10000a40                set_sys_clock_pll
 .text.check_sys_clock_khz
                0x10000ab8      0x210 CMakeFiles/USB_DEVICE_AND_KEYBOARD.dir/C_/Users/ASUS/.pico-sdk/sdk/1.5.1/src/rp2_common/pico_stdlib/stdlib.c.obj
                0x10000ab8                check_sys_clock_khz
 .text.gpio_set_function
                0x10000cc8       0x30 CMakeFiles/USB_DEVICE_AND_KEYBOARD.dir/C_/Users/ASUS/.pico-sdk/sdk/1.5.1/src/rp2_common/hardware_gpio/gpio.c.obj
                0x10000cc8                gpio_set_function
 .text.gpio_set_pulls
                0x10000cf8       0x24 CMakeFiles/USB_DEVICE_AND_KEYBOARD.dir/C_/Users/ASUS/.pico-sdk/sdk/1.5.1/src/rp2_common/hardware_gpio/gpio.c.obj
                0x10000cf8                gpio_set_pulls
 .text.gpio_set_inover
                0x10000d1c       0x24 CMakeFiles/USB_DEVICE_AND_KEYBOARD.dir/C_/Users/ASUS/.pico-sdk/sdk/1.5.1/src/rp2_common/hardware_gpio/gpio.c.obj
                0x10000d1c                gpio_set_inover
 .text.gpio_set_slew_rate
                0x10000d40       0x20 CMakeFiles/USB_DEVICE_AND_KEYBOARD.dir/C_/Users/ASUS/.pico-sdk/sdk/1.5.1/src/rp2_common/hardware_gpio/gpio.c.obj
                0x10000d40                gpio_set_slew_rate
 .text.gpio_set_drive_strength
                0x10000d60       0x20 CMakeFiles/USB_DEVICE_AND_KEYBOARD.dir/C_/Users/ASUS/.pico-sdk/sdk/1.5.1/src/rp2_common/hardware_gpio/gpio.c.obj
                0x10000d60                gpio_set_drive_strength
 .text.running_on_fpga
                0x10000d80       0x10 CMakeFiles/USB_DEVICE_AND_KEYBOARD.dir/C_/Users/ASUS/.pico-sdk/sdk/1.5.1/src/rp2_common/pico_platform/platform.c.obj
                0x10000d80                running_on_fpga
 .text.hw_claim_lock
                0x10000d90       0x18 CMakeFiles/USB_DEVICE_AND_KEYBOARD.dir/C_/Users/ASUS/.pico-sdk/sdk/1.5.1/src/rp2_common/hardware_claim/claim.c.obj
                0x10000d90                hw_claim_lock
 .text.hw_claim_unlock
                0x10000da8       0x14 CMakeFiles/USB_DEVICE_AND_KEYBOARD.dir/C_/Users/ASUS/.pico-sdk/sdk/1.5.1/src/rp2_common/hardware_claim/claim.c.obj
                0x10000da8                hw_claim_unlock
 .text.hw_claim_or_assert
                0x10000dbc       0x44 CMakeFiles/USB_DEVICE_AND_KEYBOARD.dir/C_/Users/ASUS/.pico-sdk/sdk/1.5.1/src/rp2_common/hardware_claim/claim.c.obj
                0x10000dbc                hw_claim_or_assert
 .text.hw_claim_unused_from_range
                0x10000e00       0x9c CMakeFiles/USB_DEVICE_AND_KEYBOARD.dir/C_/Users/ASUS/.pico-sdk/sdk/1.5.1/src/rp2_common/hardware_claim/claim.c.obj
                0x10000e00                hw_claim_unused_from_range
 .text.spin_locks_reset
                0x10000e9c       0x1c CMakeFiles/USB_DEVICE_AND_KEYBOARD.dir/C_/Users/ASUS/.pico-sdk/sdk/1.5.1/src/rp2_common/hardware_sync/sync.c.obj
                0x10000e9c                spin_locks_reset
 .text.next_striped_spin_lock_num
                0x10000eb8       0x18 CMakeFiles/USB_DEVICE_AND_KEYBOARD.dir/C_/Users/ASUS/.pico-sdk/sdk/1.5.1/src/rp2_common/hardware_sync/sync.c.obj
                0x10000eb8                next_striped_spin_lock_num
 .text.spin_lock_claim_unused
                0x10000ed0       0x24 CMakeFiles/USB_DEVICE_AND_KEYBOARD.dir/C_/Users/ASUS/.pico-sdk/sdk/1.5.1/src/rp2_common/hardware_sync/sync.c.obj
                0x10000ed0                spin_lock_claim_unused
 .text.irq_set_enabled
                0x10000ef4       0x24 CMakeFiles/USB_DEVICE_AND_KEYBOARD.dir/C_/Users/ASUS/.pico-sdk/sdk/1.5.1/src/rp2_common/hardware_irq/irq.c.obj
                0x10000ef4                irq_set_enabled
 .text.irq_is_enabled
                0x10000f18       0x18 CMakeFiles/USB_DEVICE_AND_KEYBOARD.dir/C_/Users/ASUS/.pico-sdk/sdk/1.5.1/src/rp2_common/hardware_irq/irq.c.obj
                0x10000f18                irq_is_enabled
 .text.irq_get_vtable_handler
                0x10000f30       0x10 CMakeFiles/USB_DEVICE_AND_KEYBOARD.dir/C_/Users/ASUS/.pico-sdk/sdk/1.5.1/src/rp2_common/hardware_irq/irq.c.obj
                0x10000f30                irq_get_vtable_handler
 .text.irq_set_exclusive_handler
                0x10000f40       0x54 CMakeFiles/USB_DEVICE_AND_KEYBOARD.dir/C_/Users/ASUS/.pico-sdk/sdk/1.5.1/src/rp2_common/hardware_irq/irq.c.obj
                0x10000f40                irq_set_exclusive_handler
 .text.irq_add_shared_handler
                0x10000f94      0x1e0 CMakeFiles/USB_DEVICE_AND_KEYBOARD.dir/C_/Users/ASUS/.pico-sdk/sdk/1.5.1/src/rp2_common/hardware_irq/irq.c.obj
                0x10000f94                irq_add_shared_handler
 .text.irq_remove_handler
                0x10001174      0x1c4 CMakeFiles/USB_DEVICE_AND_KEYBOARD.dir/C_/Users/ASUS/.pico-sdk/sdk/1.5.1/src/rp2_common/hardware_irq/irq.c.obj
                0x10001174                irq_remove_handler
 .text.irq_add_tail_to_free_list
                0x10001338       0xb4 CMakeFiles/USB_DEVICE_AND_KEYBOARD.dir/C_/Users/ASUS/.pico-sdk/sdk/1.5.1/src/rp2_common/hardware_irq/irq.c.obj
                0x10001338                irq_add_tail_to_free_list
 .text.irq_init_priorities
                0x100013ec       0x24 CMakeFiles/USB_DEVICE_AND_KEYBOARD.dir/C_/Users/ASUS/.pico-sdk/sdk/1.5.1/src/rp2_common/hardware_irq/irq.c.obj
                0x100013ec                irq_init_priorities
 .text.lock_init
                0x10001410       0x10 CMakeFiles/USB_DEVICE_AND_KEYBOARD.dir/C_/Users/ASUS/.pico-sdk/sdk/1.5.1/src/common/pico_sync/lock_core.c.obj
                0x10001410                lock_init
 .text.mutex_init
                0x10001420       0x1c CMakeFiles/USB_DEVICE_AND_KEYBOARD.dir/C_/Users/ASUS/.pico-sdk/sdk/1.5.1/src/common/pico_sync/mutex.c.obj
                0x10001420                mutex_init
 .text.recursive_mutex_init
                0x1000143c       0x1c CMakeFiles/USB_DEVICE_AND_KEYBOARD.dir/C_/Users/ASUS/.pico-sdk/sdk/1.5.1/src/common/pico_sync/mutex.c.obj
                0x1000143c                recursive_mutex_init
 .text.critical_section_init
                0x10001458       0x1c CMakeFiles/USB_DEVICE_AND_KEYBOARD.dir/C_/Users/ASUS/.pico-sdk/sdk/1.5.1/src/common/pico_sync/critical_section.c.obj
                0x10001458                critical_section_init
 .text.timer_pool_entry_comparator
                0x10001474       0x34 CMakeFiles/USB_DEVICE_AND_KEYBOARD.dir/C_/Users/ASUS/.pico-sdk/sdk/1.5.1/src/common/pico_time/time.c.obj
                0x10001474                timer_pool_entry_comparator
 .text.repeating_timer_callback
                0x100014a8       0x1c CMakeFiles/USB_DEVICE_AND_KEYBOARD.dir/C_/Users/ASUS/.pico-sdk/sdk/1.5.1/src/common/pico_time/time.c.obj
 .text.sleep_until_callback
                0x100014c4       0x30 CMakeFiles/USB_DEVICE_AND_KEYBOARD.dir/C_/Users/ASUS/.pico-sdk/sdk/1.5.1/src/common/pico_time/time.c.obj
 .text.add_alarm_under_lock.isra.0
                0x100014f4       0xf8 CMakeFiles/USB_DEVICE_AND_KEYBOARD.dir/C_/Users/ASUS/.pico-sdk/sdk/1.5.1/src/common/pico_time/time.c.obj
 .text.alarm_pool_alarm_callback
                0x100015ec      0x1c0 CMakeFiles/USB_DEVICE_AND_KEYBOARD.dir/C_/Users/ASUS/.pico-sdk/sdk/1.5.1/src/common/pico_time/time.c.obj
 .text.alarm_pool_init_default
                0x100017ac       0x6c CMakeFiles/USB_DEVICE_AND_KEYBOARD.dir/C_/Users/ASUS/.pico-sdk/sdk/1.5.1/src/common/pico_time/time.c.obj
                0x100017ac                alarm_pool_init_default
 .text.alarm_pool_get_default
                0x10001818        0x8 CMakeFiles/USB_DEVICE_AND_KEYBOARD.dir/C_/Users/ASUS/.pico-sdk/sdk/1.5.1/src/common/pico_time/time.c.obj
                0x10001818                alarm_pool_get_default
 .text.alarm_pool_create
                0x10001820       0x74 CMakeFiles/USB_DEVICE_AND_KEYBOARD.dir/C_/Users/ASUS/.pico-sdk/sdk/1.5.1/src/common/pico_time/time.c.obj
                0x10001820                alarm_pool_create
 .text.alarm_pool_add_alarm_at
                0x10001894      0x17c CMakeFiles/USB_DEVICE_AND_KEYBOARD.dir/C_/Users/ASUS/.pico-sdk/sdk/1.5.1/src/common/pico_time/time.c.obj
                0x10001894                alarm_pool_add_alarm_at
 .text.alarm_pool_add_repeating_timer_us
                0x10001a10      0x210 CMakeFiles/USB_DEVICE_AND_KEYBOARD.dir/C_/Users/ASUS/.pico-sdk/sdk/1.5.1/src/common/pico_time/time.c.obj
                0x10001a10                alarm_pool_add_repeating_timer_us
 .text.sleep_until
                0x10001c20       0xc4 CMakeFiles/USB_DEVICE_AND_KEYBOARD.dir/C_/Users/ASUS/.pico-sdk/sdk/1.5.1/src/common/pico_time/time.c.obj
                0x10001c20                sleep_until
 .text.sleep_ms
                0x10001ce4       0x38 CMakeFiles/USB_DEVICE_AND_KEYBOARD.dir/C_/Users/ASUS/.pico-sdk/sdk/1.5.1/src/common/pico_time/time.c.obj
                0x10001ce4                sleep_ms
 .text.best_effort_wfe_or_timeout
                0x10001d1c       0xcc CMakeFiles/USB_DEVICE_AND_KEYBOARD.dir/C_/Users/ASUS/.pico-sdk/sdk/1.5.1/src/common/pico_time/time.c.obj
                0x10001d1c                best_effort_wfe_or_timeout
 .text.hardware_alarm_irq_handler
                0x10001de8       0xbc CMakeFiles/USB_DEVICE_AND_KEYBOARD.dir/C_/Users/ASUS/.pico-sdk/sdk/1.5.1/src/rp2_common/hardware_timer/timer.c.obj
 .text.hardware_alarm_claim
                0x10001ea4       0x18 CMakeFiles/USB_DEVICE_AND_KEYBOARD.dir/C_/Users/ASUS/.pico-sdk/sdk/1.5.1/src/rp2_common/hardware_timer/timer.c.obj
                0x10001ea4                hardware_alarm_claim
 .text.time_us_64
                0x10001ebc       0x14 CMakeFiles/USB_DEVICE_AND_KEYBOARD.dir/C_/Users/ASUS/.pico-sdk/sdk/1.5.1/src/rp2_common/hardware_timer/timer.c.obj
                0x10001ebc                time_us_64
 .text.busy_wait_us_32
                0x10001ed0       0x7c CMakeFiles/USB_DEVICE_AND_KEYBOARD.dir/C_/Users/ASUS/.pico-sdk/sdk/1.5.1/src/rp2_common/hardware_timer/timer.c.obj
                0x10001ed0                busy_wait_us_32
 .text.busy_wait_us
                0x10001f4c       0x68 CMakeFiles/USB_DEVICE_AND_KEYBOARD.dir/C_/Users/ASUS/.pico-sdk/sdk/1.5.1/src/rp2_common/hardware_timer/timer.c.obj
                0x10001f4c                busy_wait_us
 .text.busy_wait_until
                0x10001fb4       0x20 CMakeFiles/USB_DEVICE_AND_KEYBOARD.dir/C_/Users/ASUS/.pico-sdk/sdk/1.5.1/src/rp2_common/hardware_timer/timer.c.obj
                0x10001fb4                busy_wait_until
 .text.hardware_alarm_set_callback
                0x10001fd4       0x8c CMakeFiles/USB_DEVICE_AND_KEYBOARD.dir/C_/Users/ASUS/.pico-sdk/sdk/1.5.1/src/rp2_common/hardware_timer/timer.c.obj
                0x10001fd4                hardware_alarm_set_callback
 .text.hardware_alarm_set_target
                0x10002060       0xd0 CMakeFiles/USB_DEVICE_AND_KEYBOARD.dir/C_/Users/ASUS/.pico-sdk/sdk/1.5.1/src/rp2_common/hardware_timer/timer.c.obj
                0x10002060                hardware_alarm_set_target
 .text.hardware_alarm_cancel
                0x10002130       0x3c CMakeFiles/USB_DEVICE_AND_KEYBOARD.dir/C_/Users/ASUS/.pico-sdk/sdk/1.5.1/src/rp2_common/hardware_timer/timer.c.obj
                0x10002130                hardware_alarm_cancel
 .text.ph_merge_nodes
                0x1000216c       0x58 CMakeFiles/USB_DEVICE_AND_KEYBOARD.dir/C_/Users/ASUS/.pico-sdk/sdk/1.5.1/src/common/pico_util/pheap.c.obj
 .text.ph_create
                0x100021c4       0x60 CMakeFiles/USB_DEVICE_AND_KEYBOARD.dir/C_/Users/ASUS/.pico-sdk/sdk/1.5.1/src/common/pico_util/pheap.c.obj
                0x100021c4                ph_create
 .text.ph_post_alloc_init
                0x10002224       0x3c CMakeFiles/USB_DEVICE_AND_KEYBOARD.dir/C_/Users/ASUS/.pico-sdk/sdk/1.5.1/src/common/pico_util/pheap.c.obj
                0x10002224                ph_post_alloc_init
 .text.ph_merge_two_pass
                0x10002260       0x8c CMakeFiles/USB_DEVICE_AND_KEYBOARD.dir/C_/Users/ASUS/.pico-sdk/sdk/1.5.1/src/common/pico_util/pheap.c.obj
                0x10002260                ph_merge_two_pass
 .text.ph_remove_any_head
                0x100022ec      0x100 CMakeFiles/USB_DEVICE_AND_KEYBOARD.dir/C_/Users/ASUS/.pico-sdk/sdk/1.5.1/src/common/pico_util/pheap.c.obj
 .text.ph_remove_head
                0x100023ec      0x104 CMakeFiles/USB_DEVICE_AND_KEYBOARD.dir/C_/Users/ASUS/.pico-sdk/sdk/1.5.1/src/common/pico_util/pheap.c.obj
                0x100023ec                ph_remove_head
 .text.ph_remove_and_free_node
                0x100024f0       0x78 CMakeFiles/USB_DEVICE_AND_KEYBOARD.dir/C_/Users/ASUS/.pico-sdk/sdk/1.5.1/src/common/pico_util/pheap.c.obj
                0x100024f0                ph_remove_and_free_node
 .text.clock_configure
                0x10002568      0x110 CMakeFiles/USB_DEVICE_AND_KEYBOARD.dir/C_/Users/ASUS/.pico-sdk/sdk/1.5.1/src/rp2_common/hardware_clocks/clocks.c.obj
                0x10002568                clock_configure
 .text.clocks_init
                0x10002678      0x2c8 CMakeFiles/USB_DEVICE_AND_KEYBOARD.dir/C_/Users/ASUS/.pico-sdk/sdk/1.5.1/src/rp2_common/hardware_clocks/clocks.c.obj
                0x10002678                clocks_init
 .text.clock_get_hz
                0x10002940        0xc CMakeFiles/USB_DEVICE_AND_KEYBOARD.dir/C_/Users/ASUS/.pico-sdk/sdk/1.5.1/src/rp2_common/hardware_clocks/clocks.c.obj
                0x10002940                clock_get_hz
 .text.pll_init
                0x1000294c       0xa0 CMakeFiles/USB_DEVICE_AND_KEYBOARD.dir/C_/Users/ASUS/.pico-sdk/sdk/1.5.1/src/rp2_common/hardware_pll/pll.c.obj
                0x1000294c                pll_init
 .text.watchdog_start_tick
                0x100029ec       0x10 CMakeFiles/USB_DEVICE_AND_KEYBOARD.dir/C_/Users/ASUS/.pico-sdk/sdk/1.5.1/src/rp2_common/hardware_watchdog/watchdog.c.obj
                0x100029ec                watchdog_start_tick
 .text.xosc_init
                0x100029fc       0x28 CMakeFiles/USB_DEVICE_AND_KEYBOARD.dir/C_/Users/ASUS/.pico-sdk/sdk/1.5.1/src/rp2_common/hardware_xosc/xosc.c.obj
                0x100029fc                xosc_init
 .text.runtime_init
                0x10002a24       0xec CMakeFiles/USB_DEVICE_AND_KEYBOARD.dir/C_/Users/ASUS/.pico-sdk/sdk/1.5.1/src/rp2_common/pico_runtime/runtime.c.obj
                0x10002a24                runtime_init
 .text._exit    0x10002b10        0x4 CMakeFiles/USB_DEVICE_AND_KEYBOARD.dir/C_/Users/ASUS/.pico-sdk/sdk/1.5.1/src/rp2_common/pico_runtime/runtime.c.obj
                0x10002b10                _exit
 .text._sbrk    0x10002b14       0x34 CMakeFiles/USB_DEVICE_AND_KEYBOARD.dir/C_/Users/ASUS/.pico-sdk/sdk/1.5.1/src/rp2_common/pico_runtime/runtime.c.obj
                0x10002b14                _sbrk
 .text.exit     0x10002b48        0x8 CMakeFiles/USB_DEVICE_AND_KEYBOARD.dir/C_/Users/ASUS/.pico-sdk/sdk/1.5.1/src/rp2_common/pico_runtime/runtime.c.obj
                0x10002b48                exit
 .text.panic    0x10002b50       0x30 CMakeFiles/USB_DEVICE_AND_KEYBOARD.dir/C_/Users/ASUS/.pico-sdk/sdk/1.5.1/src/rp2_common/pico_runtime/runtime.c.obj
                0x10002b50                panic
 .text.hard_assertion_failure
                0x10002b80        0xc CMakeFiles/USB_DEVICE_AND_KEYBOARD.dir/C_/Users/ASUS/.pico-sdk/sdk/1.5.1/src/rp2_common/pico_runtime/runtime.c.obj
                0x10002b80                hard_assertion_failure
 .text._out_buffer
                0x10002b8c        0x8 CMakeFiles/USB_DEVICE_AND_KEYBOARD.dir/C_/Users/ASUS/.pico-sdk/sdk/1.5.1/src/rp2_common/pico_printf/printf.c.obj
 .text._out_null
                0x10002b94        0x4 CMakeFiles/USB_DEVICE_AND_KEYBOARD.dir/C_/Users/ASUS/.pico-sdk/sdk/1.5.1/src/rp2_common/pico_printf/printf.c.obj
 .text._out_rev
                0x10002b98       0x90 CMakeFiles/USB_DEVICE_AND_KEYBOARD.dir/C_/Users/ASUS/.pico-sdk/sdk/1.5.1/src/rp2_common/pico_printf/printf.c.obj
 .text._ntoa_format
                0x10002c28      0x208 CMakeFiles/USB_DEVICE_AND_KEYBOARD.dir/C_/Users/ASUS/.pico-sdk/sdk/1.5.1/src/rp2_common/pico_printf/printf.c.obj
 .text._out_char
                0x10002e30       0x10 CMakeFiles/USB_DEVICE_AND_KEYBOARD.dir/C_/Users/ASUS/.pico-sdk/sdk/1.5.1/src/rp2_common/pico_printf/printf.c.obj
 .text._out_fct
                0x10002e40       0x10 CMakeFiles/USB_DEVICE_AND_KEYBOARD.dir/C_/Users/ASUS/.pico-sdk/sdk/1.5.1/src/rp2_common/pico_printf/printf.c.obj
 .text._etoa    0x10002e50      0x464 CMakeFiles/USB_DEVICE_AND_KEYBOARD.dir/C_/Users/ASUS/.pico-sdk/sdk/1.5.1/src/rp2_common/pico_printf/printf.c.obj
 .text._ftoa    0x100032b4      0x3c4 CMakeFiles/USB_DEVICE_AND_KEYBOARD.dir/C_/Users/ASUS/.pico-sdk/sdk/1.5.1/src/rp2_common/pico_printf/printf.c.obj
 .text._vsnprintf
                0x10003678      0xc18 CMakeFiles/USB_DEVICE_AND_KEYBOARD.dir/C_/Users/ASUS/.pico-sdk/sdk/1.5.1/src/rp2_common/pico_printf/printf.c.obj
 .text.__wrap_sprintf
                0x10004290       0x2c CMakeFiles/USB_DEVICE_AND_KEYBOARD.dir/C_/Users/ASUS/.pico-sdk/sdk/1.5.1/src/rp2_common/pico_printf/printf.c.obj
                0x10004290                __wrap_sprintf
 .text.vfctprintf
                0x100042bc       0x20 CMakeFiles/USB_DEVICE_AND_KEYBOARD.dir/C_/Users/ASUS/.pico-sdk/sdk/1.5.1/src/rp2_common/pico_printf/printf.c.obj
                0x100042bc                vfctprintf
 .text.weak_raw_vprintf
                0x100042dc       0x30 CMakeFiles/USB_DEVICE_AND_KEYBOARD.dir/C_/Users/ASUS/.pico-sdk/sdk/1.5.1/src/rp2_common/pico_printf/printf.c.obj
                0x100042dc                weak_raw_vprintf
 .text          0x1000430c       0x10 CMakeFiles/USB_DEVICE_AND_KEYBOARD.dir/C_/Users/ASUS/.pico-sdk/sdk/1.5.1/src/rp2_common/pico_bit_ops/bit_ops_aeabi.S.obj
 .text.ctzsi    0x1000431c        0xc CMakeFiles/USB_DEVICE_AND_KEYBOARD.dir/C_/Users/ASUS/.pico-sdk/sdk/1.5.1/src/rp2_common/pico_bit_ops/bit_ops_aeabi.S.obj
                0x1000431c                __wrap___ctzsi2
 .text.rom_func_lookup
                0x10004328       0x10 CMakeFiles/USB_DEVICE_AND_KEYBOARD.dir/C_/Users/ASUS/.pico-sdk/sdk/1.5.1/src/rp2_common/pico_bootrom/bootrom.c.obj
                0x10004328                rom_func_lookup
 .text.rom_data_lookup
                0x10004338       0x10 CMakeFiles/USB_DEVICE_AND_KEYBOARD.dir/C_/Users/ASUS/.pico-sdk/sdk/1.5.1/src/rp2_common/pico_bootrom/bootrom.c.obj
                0x10004338                rom_data_lookup
 .text.rom_funcs_lookup
                0x10004348       0x44 CMakeFiles/USB_DEVICE_AND_KEYBOARD.dir/C_/Users/ASUS/.pico-sdk/sdk/1.5.1/src/rp2_common/pico_bootrom/bootrom.c.obj
                0x10004348                rom_funcs_lookup
 .text.__wrap___aeabi_idiv
                0x1000438c       0x50 CMakeFiles/USB_DEVICE_AND_KEYBOARD.dir/C_/Users/ASUS/.pico-sdk/sdk/1.5.1/src/rp2_common/pico_divider/divider.S.obj
                0x1000438c                __wrap___aeabi_idivmod
                0x1000438c                divmod_s32s32
                0x1000438c                div_s32s32
                0x1000438c                __wrap___aeabi_idiv
                0x10004394                divmod_s32s32_unsafe
                0x100043c0                divmod_s32s32_savestate
 .text.__wrap___aeabi_uidiv
                0x100043dc       0x4c CMakeFiles/USB_DEVICE_AND_KEYBOARD.dir/C_/Users/ASUS/.pico-sdk/sdk/1.5.1/src/rp2_common/pico_divider/divider.S.obj
                0x100043dc                __wrap___aeabi_uidiv
                0x100043dc                __wrap___aeabi_uidivmod
                0x100043dc                div_u32u32
                0x100043dc                divmod_u32u32
                0x100043e4                divmod_u32u32_unsafe
                0x1000440c                divmod_u32u32_savestate
 .text.__wrap___aeabi_ldiv
                0x10004428      0x424 CMakeFiles/USB_DEVICE_AND_KEYBOARD.dir/C_/Users/ASUS/.pico-sdk/sdk/1.5.1/src/rp2_common/pico_divider/divider.S.obj
                0x10004428                div_s64s64
                0x10004428                divmod_s64s64
                0x10004428                __wrap___aeabi_ldivmod
                0x10004458                divmod_u64u64
                0x10004458                div_u64u64
                0x10004458                __wrap___aeabi_uldivmod
                0x10004468                divmod_u64u64_savestate
                0x10004488                divmod_s64s64_unsafe
                0x10004510                divmod_u64u64_unsafe
 .text.__wrap___aeabi_darithmetic
                0x1000484c       0x60 CMakeFiles/USB_DEVICE_AND_KEYBOARD.dir/C_/Users/ASUS/.pico-sdk/sdk/1.5.1/src/rp2_common/pico_double/double_aeabi.S.obj
                0x1000484c                __wrap___aeabi_drsub
                0x10004852                __wrap___aeabi_dsub
                0x1000485c                __wrap___aeabi_dadd
                0x10004866                __wrap___aeabi_ddiv
                0x1000489a                __wrap___aeabi_dmul
 .text.__wrap___aeabi_cdcmple
                0x100048ac       0x6c CMakeFiles/USB_DEVICE_AND_KEYBOARD.dir/C_/Users/ASUS/.pico-sdk/sdk/1.5.1/src/rp2_common/pico_double/double_aeabi.S.obj
                0x100048ac                __wrap___aeabi_cdrcmple
                0x100048bc                __wrap___aeabi_cdcmpeq
                0x100048bc                __wrap___aeabi_cdcmple
 .text.__wrap___aeabi_dcmplt
                0x10004918        0xc CMakeFiles/USB_DEVICE_AND_KEYBOARD.dir/C_/Users/ASUS/.pico-sdk/sdk/1.5.1/src/rp2_common/pico_double/double_aeabi.S.obj
                0x10004918                __wrap___aeabi_dcmplt
 .text.__wrap___aeabi_dcmpge
                0x10004924       0x10 CMakeFiles/USB_DEVICE_AND_KEYBOARD.dir/C_/Users/ASUS/.pico-sdk/sdk/1.5.1/src/rp2_common/pico_double/double_aeabi.S.obj
                0x10004924                __wrap___aeabi_dcmpge
 .text.__wrap___aeabi_dcmpgt
                0x10004934        0xa CMakeFiles/USB_DEVICE_AND_KEYBOARD.dir/C_/Users/ASUS/.pico-sdk/sdk/1.5.1/src/rp2_common/pico_double/double_aeabi.S.obj
                0x10004934                __wrap___aeabi_dcmpgt
 .text.__wrap___aeabi_dcmpun
                0x1000493e       0x1c CMakeFiles/USB_DEVICE_AND_KEYBOARD.dir/C_/Users/ASUS/.pico-sdk/sdk/1.5.1/src/rp2_common/pico_double/double_aeabi.S.obj
                0x1000493e                __wrap___aeabi_dcmpun
 *fill*         0x1000495a        0x2 
 .text.__wrap___aeabi_i2d
                0x1000495c       0x38 CMakeFiles/USB_DEVICE_AND_KEYBOARD.dir/C_/Users/ASUS/.pico-sdk/sdk/1.5.1/src/rp2_common/pico_double/double_aeabi.S.obj
                0x1000495c                __wrap___aeabi_ui2d
                0x10004964                __wrap___aeabi_i2d
 .text.__wrap___aeabi_d2iz
                0x10004994       0x48 CMakeFiles/USB_DEVICE_AND_KEYBOARD.dir/C_/Users/ASUS/.pico-sdk/sdk/1.5.1/src/rp2_common/pico_double/double_aeabi.S.obj
                0x10004994                double2int_z
                0x10004994                __wrap___aeabi_d2iz
 .text.__wrap___aeabi_d2uiz
                0x100049dc       0x10 CMakeFiles/USB_DEVICE_AND_KEYBOARD.dir/C_/Users/ASUS/.pico-sdk/sdk/1.5.1/src/rp2_common/pico_double/double_aeabi.S.obj
                0x100049dc                __wrap___aeabi_d2uiz
                0x100049dc                double2uint
 .text.missing_double_func_shim
                0x100049ec        0xc CMakeFiles/USB_DEVICE_AND_KEYBOARD.dir/C_/Users/ASUS/.pico-sdk/sdk/1.5.1/src/rp2_common/pico_double/double_init_rom.c.obj
 .text.__aeabi_double_init
                0x100049f8       0x94 CMakeFiles/USB_DEVICE_AND_KEYBOARD.dir/C_/Users/ASUS/.pico-sdk/sdk/1.5.1/src/rp2_common/pico_double/double_init_rom.c.obj
                0x100049f8                __aeabi_double_init
 .text.double_table_shim_on_use_helper
                0x10004a8c       0x2c CMakeFiles/USB_DEVICE_AND_KEYBOARD.dir/C_/Users/ASUS/.pico-sdk/sdk/1.5.1/src/rp2_common/pico_double/double_v1_rom_shim.S.obj
                0x10004a8c                double_table_shim_on_use_helper
 .text.__aeabi_lmul
                0x10004ab8       0x32 CMakeFiles/USB_DEVICE_AND_KEYBOARD.dir/C_/Users/ASUS/.pico-sdk/sdk/1.5.1/src/rp2_common/pico_int64_ops/pico_int64_ops_aeabi.S.obj
                0x10004ab8                __wrap___aeabi_lmul
 *fill*         0x10004aea        0x2 
 .text.__wrap___aeabi_farithmetic
                0x10004aec       0x48 CMakeFiles/USB_DEVICE_AND_KEYBOARD.dir/C_/Users/ASUS/.pico-sdk/sdk/1.5.1/src/rp2_common/pico_float/float_aeabi.S.obj
                0x10004aec                __wrap___aeabi_frsub
                0x10004af2                __wrap___aeabi_fsub
                0x10004af8                __wrap___aeabi_fadd
                0x10004afe                __wrap___aeabi_fdiv
                0x10004b26                __wrap___aeabi_fmul
 .text.__wrap___aeabi_ui2f
                0x10004b34        0xa CMakeFiles/USB_DEVICE_AND_KEYBOARD.dir/C_/Users/ASUS/.pico-sdk/sdk/1.5.1/src/rp2_common/pico_float/float_aeabi.S.obj
                0x10004b34                __wrap___aeabi_ui2f
 *fill*         0x10004b3e        0x2 
 .text.__wrap___aeabi_i2f
                0x10004b40       0x44 CMakeFiles/USB_DEVICE_AND_KEYBOARD.dir/C_/Users/ASUS/.pico-sdk/sdk/1.5.1/src/rp2_common/pico_float/float_aeabi.S.obj
                0x10004b40                __wrap___aeabi_i2f
 .text.__wrap___aeabi_f2uiz
                0x10004b84        0xc CMakeFiles/USB_DEVICE_AND_KEYBOARD.dir/C_/Users/ASUS/.pico-sdk/sdk/1.5.1/src/rp2_common/pico_float/float_aeabi.S.obj
                0x10004b84                __wrap___aeabi_f2uiz
 .text.missing_float_func_shim
                0x10004b90        0xc CMakeFiles/USB_DEVICE_AND_KEYBOARD.dir/C_/Users/ASUS/.pico-sdk/sdk/1.5.1/src/rp2_common/pico_float/float_init_rom.c.obj
 .text.__aeabi_float_init
                0x10004b9c       0x5c CMakeFiles/USB_DEVICE_AND_KEYBOARD.dir/C_/Users/ASUS/.pico-sdk/sdk/1.5.1/src/rp2_common/pico_float/float_init_rom.c.obj
                0x10004b9c                __aeabi_float_init
 .text.__wrap_malloc
                0x10004bf8       0x3c CMakeFiles/USB_DEVICE_AND_KEYBOARD.dir/C_/Users/ASUS/.pico-sdk/sdk/1.5.1/src/rp2_common/pico_malloc/pico_malloc.c.obj
                0x10004bf8                __wrap_malloc
 .text.__wrap_calloc
                0x10004c34       0x40 CMakeFiles/USB_DEVICE_AND_KEYBOARD.dir/C_/Users/ASUS/.pico-sdk/sdk/1.5.1/src/rp2_common/pico_malloc/pico_malloc.c.obj
                0x10004c34                __wrap_calloc
 .text          0x10004c74       0x10 CMakeFiles/USB_DEVICE_AND_KEYBOARD.dir/C_/Users/ASUS/.pico-sdk/sdk/1.5.1/src/rp2_common/pico_mem_ops/mem_ops_aeabi.S.obj
                0x10004c74                __aeabi_mem_init
 .text.memset   0x10004c84        0xc CMakeFiles/USB_DEVICE_AND_KEYBOARD.dir/C_/Users/ASUS/.pico-sdk/sdk/1.5.1/src/rp2_common/pico_mem_ops/mem_ops_aeabi.S.obj
                0x10004c84                __wrap_memset
 .text.memcpy   0x10004c90        0xc CMakeFiles/USB_DEVICE_AND_KEYBOARD.dir/C_/Users/ASUS/.pico-sdk/sdk/1.5.1/src/rp2_common/pico_mem_ops/mem_ops_aeabi.S.obj
                0x10004c90                __wrap_memcpy
                0x10004c90                __wrap___aeabi_memcpy
 .text.stdio_out_chars_crlf
                0x10004c9c       0x94 CMakeFiles/USB_DEVICE_AND_KEYBOARD.dir/C_/Users/ASUS/.pico-sdk/sdk/1.5.1/src/rp2_common/pico_stdio/stdio.c.obj
 .text.stdio_buffered_printer
                0x10004d30       0x64 CMakeFiles/USB_DEVICE_AND_KEYBOARD.dir/C_/Users/ASUS/.pico-sdk/sdk/1.5.1/src/rp2_common/pico_stdio/stdio.c.obj
 .text.__wrap_putchar
                0x10004d94       0x98 CMakeFiles/USB_DEVICE_AND_KEYBOARD.dir/C_/Users/ASUS/.pico-sdk/sdk/1.5.1/src/rp2_common/pico_stdio/stdio.c.obj
                0x10004d94                __wrap_putchar
 .text.__wrap_puts
                0x10004e2c       0xe0 CMakeFiles/USB_DEVICE_AND_KEYBOARD.dir/C_/Users/ASUS/.pico-sdk/sdk/1.5.1/src/rp2_common/pico_stdio/stdio.c.obj
                0x10004e2c                __wrap_puts
 .text.__wrap_vprintf
                0x10004f0c       0xd4 CMakeFiles/USB_DEVICE_AND_KEYBOARD.dir/C_/Users/ASUS/.pico-sdk/sdk/1.5.1/src/rp2_common/pico_stdio/stdio.c.obj
                0x10004f0c                __wrap_vprintf
 .text.__wrap_printf
                0x10004fe0       0x18 CMakeFiles/USB_DEVICE_AND_KEYBOARD.dir/C_/Users/ASUS/.pico-sdk/sdk/1.5.1/src/rp2_common/pico_stdio/stdio.c.obj
                0x10004fe0                __wrap_printf
 .text.pio_usb_bus_init
                0x10004ff8      0x120 CMakeFiles/USB_DEVICE_AND_KEYBOARD.dir/Pico-PIO-USB/src/pio_usb.c.obj
                0x10004ff8                pio_usb_bus_init
 .text.pio_usb_host_init
                0x10005118      0x190 CMakeFiles/USB_DEVICE_AND_KEYBOARD.dir/Pico-PIO-USB/src/pio_usb_host.c.obj
                0x10005118                pio_usb_host_init
 .text.pio_usb_host_port_reset_start
                0x100052a8       0x48 CMakeFiles/USB_DEVICE_AND_KEYBOARD.dir/Pico-PIO-USB/src/pio_usb_host.c.obj
                0x100052a8                pio_usb_host_port_reset_start
 .text.pio_usb_host_port_reset_end
                0x100052f0       0x34 CMakeFiles/USB_DEVICE_AND_KEYBOARD.dir/Pico-PIO-USB/src/pio_usb_host.c.obj
                0x100052f0                pio_usb_host_port_reset_end
 .text.pio_usb_host_close_device
                0x10005324       0x3c CMakeFiles/USB_DEVICE_AND_KEYBOARD.dir/Pico-PIO-USB/src/pio_usb_host.c.obj
                0x10005324                pio_usb_host_close_device
 .text.pio_usb_host_endpoint_open
                0x10005360       0x5c CMakeFiles/USB_DEVICE_AND_KEYBOARD.dir/Pico-PIO-USB/src/pio_usb_host.c.obj
                0x10005360                pio_usb_host_endpoint_open
 .text.pio_usb_host_send_setup
                0x100053bc       0x60 CMakeFiles/USB_DEVICE_AND_KEYBOARD.dir/Pico-PIO-USB/src/pio_usb_host.c.obj
                0x100053bc                pio_usb_host_send_setup
 .text.pio_usb_host_endpoint_transfer
                0x1000541c       0x94 CMakeFiles/USB_DEVICE_AND_KEYBOARD.dir/Pico-PIO-USB/src/pio_usb_host.c.obj
                0x1000541c                pio_usb_host_endpoint_transfer
 .text.calc_usb_crc16
                0x100054b0       0x34 CMakeFiles/USB_DEVICE_AND_KEYBOARD.dir/Pico-PIO-USB/src/usb_crc.c.obj
                0x100054b0                calc_usb_crc16
 .text.core1_trampoline
                0x100054e4        0x4 CMakeFiles/USB_DEVICE_AND_KEYBOARD.dir/C_/Users/ASUS/.pico-sdk/sdk/1.5.1/src/rp2_common/pico_multicore/multicore.c.obj
 .text.core1_wrapper
                0x100054e8        0xc CMakeFiles/USB_DEVICE_AND_KEYBOARD.dir/C_/Users/ASUS/.pico-sdk/sdk/1.5.1/src/rp2_common/pico_multicore/multicore.c.obj
                0x100054e8                core1_wrapper
 .text.multicore_reset_core1
                0x100054f4       0x24 CMakeFiles/USB_DEVICE_AND_KEYBOARD.dir/C_/Users/ASUS/.pico-sdk/sdk/1.5.1/src/rp2_common/pico_multicore/multicore.c.obj
                0x100054f4                multicore_reset_core1
 .text.multicore_launch_core1_raw
                0x10005518       0x84 CMakeFiles/USB_DEVICE_AND_KEYBOARD.dir/C_/Users/ASUS/.pico-sdk/sdk/1.5.1/src/rp2_common/pico_multicore/multicore.c.obj
                0x10005518                multicore_launch_core1_raw
 .text.multicore_launch_core1
                0x1000559c       0x58 CMakeFiles/USB_DEVICE_AND_KEYBOARD.dir/C_/Users/ASUS/.pico-sdk/sdk/1.5.1/src/rp2_common/pico_multicore/multicore.c.obj
                0x1000559c                multicore_launch_core1
 .text.pio_sm_claim
                0x100055f4       0x30 CMakeFiles/USB_DEVICE_AND_KEYBOARD.dir/C_/Users/ASUS/.pico-sdk/sdk/1.5.1/src/rp2_common/hardware_pio/pio.c.obj
                0x100055f4                pio_sm_claim
 .text.pio_add_program
                0x10005624       0xf0 CMakeFiles/USB_DEVICE_AND_KEYBOARD.dir/C_/Users/ASUS/.pico-sdk/sdk/1.5.1/src/rp2_common/hardware_pio/pio.c.obj
                0x10005624                pio_add_program
 .text.pio_sm_set_pins_with_mask
                0x10005714       0xa8 CMakeFiles/USB_DEVICE_AND_KEYBOARD.dir/C_/Users/ASUS/.pico-sdk/sdk/1.5.1/src/rp2_common/hardware_pio/pio.c.obj
                0x10005714                pio_sm_set_pins_with_mask
 .text.pio_sm_set_pindirs_with_mask
                0x100057bc       0xa8 CMakeFiles/USB_DEVICE_AND_KEYBOARD.dir/C_/Users/ASUS/.pico-sdk/sdk/1.5.1/src/rp2_common/hardware_pio/pio.c.obj
                0x100057bc                pio_sm_set_pindirs_with_mask
 .text.pio_sm_set_consecutive_pindirs
                0x10005864       0xa8 CMakeFiles/USB_DEVICE_AND_KEYBOARD.dir/C_/Users/ASUS/.pico-sdk/sdk/1.5.1/src/rp2_common/hardware_pio/pio.c.obj
                0x10005864                pio_sm_set_consecutive_pindirs
 .text.pio_sm_init
                0x1000590c       0x98 CMakeFiles/USB_DEVICE_AND_KEYBOARD.dir/C_/Users/ASUS/.pico-sdk/sdk/1.5.1/src/rp2_common/hardware_pio/pio.c.obj
                0x1000590c                pio_sm_init
 .text.dma_claim_mask
                0x100059a4       0x40 CMakeFiles/USB_DEVICE_AND_KEYBOARD.dir/C_/Users/ASUS/.pico-sdk/sdk/1.5.1/src/rp2_common/hardware_dma/dma.c.obj
                0x100059a4                dma_claim_mask
 .text.dcd_int_enable
                0x100059e4        0xc CMakeFiles/USB_DEVICE_AND_KEYBOARD.dir/C_/Users/ASUS/.pico-sdk/sdk/1.5.1/lib/tinyusb/src/portable/raspberrypi/rp2040/dcd_rp2040.c.obj
                0x100059e4                dcd_int_enable
 .text.dcd_set_address
                0x100059f0       0x14 CMakeFiles/USB_DEVICE_AND_KEYBOARD.dir/C_/Users/ASUS/.pico-sdk/sdk/1.5.1/lib/tinyusb/src/portable/raspberrypi/rp2040/dcd_rp2040.c.obj
                0x100059f0                dcd_set_address
 .text.dcd_connect
                0x10005a04       0x10 CMakeFiles/USB_DEVICE_AND_KEYBOARD.dir/C_/Users/ASUS/.pico-sdk/sdk/1.5.1/lib/tinyusb/src/portable/raspberrypi/rp2040/dcd_rp2040.c.obj
                0x10005a04                dcd_connect
 .text.dcd_init
                0x10005a14       0x98 CMakeFiles/USB_DEVICE_AND_KEYBOARD.dir/C_/Users/ASUS/.pico-sdk/sdk/1.5.1/lib/tinyusb/src/portable/raspberrypi/rp2040/dcd_rp2040.c.obj
                0x10005a14                dcd_init
 .text.dcd_edpt0_status_complete
                0x10005aac       0x1c CMakeFiles/USB_DEVICE_AND_KEYBOARD.dir/C_/Users/ASUS/.pico-sdk/sdk/1.5.1/lib/tinyusb/src/portable/raspberrypi/rp2040/dcd_rp2040.c.obj
                0x10005aac                dcd_edpt0_status_complete
 .text.dcd_edpt_open
                0x10005ac8      0x108 CMakeFiles/USB_DEVICE_AND_KEYBOARD.dir/C_/Users/ASUS/.pico-sdk/sdk/1.5.1/lib/tinyusb/src/portable/raspberrypi/rp2040/dcd_rp2040.c.obj
                0x10005ac8                dcd_edpt_open
 .text.dcd_edpt_close_all
                0x10005bd0        0x8 CMakeFiles/USB_DEVICE_AND_KEYBOARD.dir/C_/Users/ASUS/.pico-sdk/sdk/1.5.1/lib/tinyusb/src/portable/raspberrypi/rp2040/dcd_rp2040.c.obj
                0x10005bd0                dcd_edpt_close_all
 .text.dcd_edpt_xfer
                0x10005bd8       0x24 CMakeFiles/USB_DEVICE_AND_KEYBOARD.dir/C_/Users/ASUS/.pico-sdk/sdk/1.5.1/lib/tinyusb/src/portable/raspberrypi/rp2040/dcd_rp2040.c.obj
                0x10005bd8                dcd_edpt_xfer
 .text.dcd_edpt_stall
                0x10005bfc       0x34 CMakeFiles/USB_DEVICE_AND_KEYBOARD.dir/C_/Users/ASUS/.pico-sdk/sdk/1.5.1/lib/tinyusb/src/portable/raspberrypi/rp2040/dcd_rp2040.c.obj
                0x10005bfc                dcd_edpt_stall
 .text.dcd_edpt_clear_stall
                0x10005c30       0x30 CMakeFiles/USB_DEVICE_AND_KEYBOARD.dir/C_/Users/ASUS/.pico-sdk/sdk/1.5.1/lib/tinyusb/src/portable/raspberrypi/rp2040/dcd_rp2040.c.obj
                0x10005c30                dcd_edpt_clear_stall
 .text.rp2040_usb_init
                0x10005c60       0x4c CMakeFiles/USB_DEVICE_AND_KEYBOARD.dir/C_/Users/ASUS/.pico-sdk/sdk/1.5.1/lib/tinyusb/src/portable/raspberrypi/rp2040/rp2040_usb.c.obj
                0x10005c60                rp2040_usb_init
 .text.hw_endpoint_xfer_start
                0x10005cac       0x40 CMakeFiles/USB_DEVICE_AND_KEYBOARD.dir/C_/Users/ASUS/.pico-sdk/sdk/1.5.1/lib/tinyusb/src/portable/raspberrypi/rp2040/rp2040_usb.c.obj
                0x10005cac                hw_endpoint_xfer_start
 .text.configuration_reset
                0x10005cec       0x98 CMakeFiles/USB_DEVICE_AND_KEYBOARD.dir/C_/Users/ASUS/.pico-sdk/sdk/1.5.1/lib/tinyusb/src/device/usbd.c.obj
 .text.tud_mounted
                0x10005d84       0x10 CMakeFiles/USB_DEVICE_AND_KEYBOARD.dir/C_/Users/ASUS/.pico-sdk/sdk/1.5.1/lib/tinyusb/src/device/usbd.c.obj
                0x10005d84                tud_mounted
 .text.tud_suspended
                0x10005d94       0x10 CMakeFiles/USB_DEVICE_AND_KEYBOARD.dir/C_/Users/ASUS/.pico-sdk/sdk/1.5.1/lib/tinyusb/src/device/usbd.c.obj
                0x10005d94                tud_suspended
 .text.tud_inited
                0x10005da4       0x14 CMakeFiles/USB_DEVICE_AND_KEYBOARD.dir/C_/Users/ASUS/.pico-sdk/sdk/1.5.1/lib/tinyusb/src/device/usbd.c.obj
                0x10005da4                tud_inited
 .text.tud_init
                0x10005db8       0xec CMakeFiles/USB_DEVICE_AND_KEYBOARD.dir/C_/Users/ASUS/.pico-sdk/sdk/1.5.1/lib/tinyusb/src/device/usbd.c.obj
                0x10005db8                tud_init
 .text.tud_task_ext
                0x10005ea4      0x788 CMakeFiles/USB_DEVICE_AND_KEYBOARD.dir/C_/Users/ASUS/.pico-sdk/sdk/1.5.1/lib/tinyusb/src/device/usbd.c.obj
                0x10005ea4                tud_task_ext
 .text.usbd_open_edpt_pair
                0x1000662c       0x9c CMakeFiles/USB_DEVICE_AND_KEYBOARD.dir/C_/Users/ASUS/.pico-sdk/sdk/1.5.1/lib/tinyusb/src/device/usbd.c.obj
                0x1000662c                usbd_open_edpt_pair
 .text.usbd_edpt_open
                0x100066c8       0x34 CMakeFiles/USB_DEVICE_AND_KEYBOARD.dir/C_/Users/ASUS/.pico-sdk/sdk/1.5.1/lib/tinyusb/src/device/usbd.c.obj
                0x100066c8                usbd_edpt_open
 .text.usbd_edpt_claim
                0x100066fc       0x28 CMakeFiles/USB_DEVICE_AND_KEYBOARD.dir/C_/Users/ASUS/.pico-sdk/sdk/1.5.1/lib/tinyusb/src/device/usbd.c.obj
                0x100066fc                usbd_edpt_claim
 .text.usbd_edpt_release
                0x10006724       0x28 CMakeFiles/USB_DEVICE_AND_KEYBOARD.dir/C_/Users/ASUS/.pico-sdk/sdk/1.5.1/lib/tinyusb/src/device/usbd.c.obj
                0x10006724                usbd_edpt_release
 .text.usbd_edpt_xfer
                0x1000674c       0x4c CMakeFiles/USB_DEVICE_AND_KEYBOARD.dir/C_/Users/ASUS/.pico-sdk/sdk/1.5.1/lib/tinyusb/src/device/usbd.c.obj
                0x1000674c                usbd_edpt_xfer
 .text.tud_control_status
                0x10006798       0x2c CMakeFiles/USB_DEVICE_AND_KEYBOARD.dir/C_/Users/ASUS/.pico-sdk/sdk/1.5.1/lib/tinyusb/src/device/usbd_control.c.obj
                0x10006798                tud_control_status
 .text.tud_control_xfer
                0x100067c4       0xac CMakeFiles/USB_DEVICE_AND_KEYBOARD.dir/C_/Users/ASUS/.pico-sdk/sdk/1.5.1/lib/tinyusb/src/device/usbd_control.c.obj
                0x100067c4                tud_control_xfer
 .text.usbd_control_reset
                0x10006870       0x14 CMakeFiles/USB_DEVICE_AND_KEYBOARD.dir/C_/Users/ASUS/.pico-sdk/sdk/1.5.1/lib/tinyusb/src/device/usbd_control.c.obj
                0x10006870                usbd_control_reset
 .text.usbd_control_set_complete_callback
                0x10006884        0xc CMakeFiles/USB_DEVICE_AND_KEYBOARD.dir/C_/Users/ASUS/.pico-sdk/sdk/1.5.1/lib/tinyusb/src/device/usbd_control.c.obj
                0x10006884                usbd_control_set_complete_callback
 .text.usbd_control_set_request
                0x10006890       0x1c CMakeFiles/USB_DEVICE_AND_KEYBOARD.dir/C_/Users/ASUS/.pico-sdk/sdk/1.5.1/lib/tinyusb/src/device/usbd_control.c.obj
                0x10006890                usbd_control_set_request
 .text.usbd_control_xfer_cb
                0x100068ac       0xf4 CMakeFiles/USB_DEVICE_AND_KEYBOARD.dir/C_/Users/ASUS/.pico-sdk/sdk/1.5.1/lib/tinyusb/src/device/usbd_control.c.obj
                0x100068ac                usbd_control_xfer_cb
 .text.tud_cdc_n_read
                0x100069a0       0x70 CMakeFiles/USB_DEVICE_AND_KEYBOARD.dir/C_/Users/ASUS/.pico-sdk/sdk/1.5.1/lib/tinyusb/src/class/cdc/cdc_device.c.obj
                0x100069a0                tud_cdc_n_read
 .text.tud_cdc_n_write_flush
                0x10006a10       0x78 CMakeFiles/USB_DEVICE_AND_KEYBOARD.dir/C_/Users/ASUS/.pico-sdk/sdk/1.5.1/lib/tinyusb/src/class/cdc/cdc_device.c.obj
                0x10006a10                tud_cdc_n_write_flush
 .text.tud_cdc_n_write
                0x10006a88       0x34 CMakeFiles/USB_DEVICE_AND_KEYBOARD.dir/C_/Users/ASUS/.pico-sdk/sdk/1.5.1/lib/tinyusb/src/class/cdc/cdc_device.c.obj
                0x10006a88                tud_cdc_n_write
 .text.cdcd_init
                0x10006abc       0x7c CMakeFiles/USB_DEVICE_AND_KEYBOARD.dir/C_/Users/ASUS/.pico-sdk/sdk/1.5.1/lib/tinyusb/src/class/cdc/cdc_device.c.obj
                0x10006abc                cdcd_init
 .text.cdcd_reset
                0x10006b38       0x2c CMakeFiles/USB_DEVICE_AND_KEYBOARD.dir/C_/Users/ASUS/.pico-sdk/sdk/1.5.1/lib/tinyusb/src/class/cdc/cdc_device.c.obj
                0x10006b38                cdcd_reset
 .text.cdcd_open
                0x10006b64       0xe4 CMakeFiles/USB_DEVICE_AND_KEYBOARD.dir/C_/Users/ASUS/.pico-sdk/sdk/1.5.1/lib/tinyusb/src/class/cdc/cdc_device.c.obj
                0x10006b64                cdcd_open
 .text.cdcd_control_xfer_cb
                0x10006c48       0xe4 CMakeFiles/USB_DEVICE_AND_KEYBOARD.dir/C_/Users/ASUS/.pico-sdk/sdk/1.5.1/lib/tinyusb/src/class/cdc/cdc_device.c.obj
                0x10006c48                cdcd_control_xfer_cb
 .text.cdcd_xfer_cb
                0x10006d2c      0x13c CMakeFiles/USB_DEVICE_AND_KEYBOARD.dir/C_/Users/ASUS/.pico-sdk/sdk/1.5.1/lib/tinyusb/src/class/cdc/cdc_device.c.obj
                0x10006d2c                cdcd_xfer_cb
 .text.tud_hid_n_keyboard_report
                0x10006e68       0x88 CMakeFiles/USB_DEVICE_AND_KEYBOARD.dir/C_/Users/ASUS/.pico-sdk/sdk/1.5.1/lib/tinyusb/src/class/hid/hid_device.c.obj
                0x10006e68                tud_hid_n_keyboard_report
 .text.tud_hid_n_mouse_report
                0x10006ef0       0xa0 CMakeFiles/USB_DEVICE_AND_KEYBOARD.dir/C_/Users/ASUS/.pico-sdk/sdk/1.5.1/lib/tinyusb/src/class/hid/hid_device.c.obj
                0x10006ef0                tud_hid_n_mouse_report
 .text.hidd_init
                0x10006f90       0x14 CMakeFiles/USB_DEVICE_AND_KEYBOARD.dir/C_/Users/ASUS/.pico-sdk/sdk/1.5.1/lib/tinyusb/src/class/hid/hid_device.c.obj
                0x10006f90                hidd_init
 .text.hidd_reset
                0x10006fa4       0x14 CMakeFiles/USB_DEVICE_AND_KEYBOARD.dir/C_/Users/ASUS/.pico-sdk/sdk/1.5.1/lib/tinyusb/src/class/hid/hid_device.c.obj
                0x10006fa4                hidd_reset
 .text.hidd_open
                0x10006fb8       0x88 CMakeFiles/USB_DEVICE_AND_KEYBOARD.dir/C_/Users/ASUS/.pico-sdk/sdk/1.5.1/lib/tinyusb/src/class/hid/hid_device.c.obj
                0x10006fb8                hidd_open
 .text.hidd_control_xfer_cb
                0x10007040      0x1c4 CMakeFiles/USB_DEVICE_AND_KEYBOARD.dir/C_/Users/ASUS/.pico-sdk/sdk/1.5.1/lib/tinyusb/src/class/hid/hid_device.c.obj
                0x10007040                hidd_control_xfer_cb
 .text.hidd_xfer_cb
                0x10007204       0x60 CMakeFiles/USB_DEVICE_AND_KEYBOARD.dir/C_/Users/ASUS/.pico-sdk/sdk/1.5.1/lib/tinyusb/src/class/hid/hid_device.c.obj
                0x10007204                hidd_xfer_cb
 .text.tusb_inited
                0x10007264       0x14 CMakeFiles/USB_DEVICE_AND_KEYBOARD.dir/C_/Users/ASUS/.pico-sdk/sdk/1.5.1/lib/tinyusb/src/tusb.c.obj
                0x10007264                tusb_inited
 .text.tu_edpt_claim
                0x10007278       0x50 CMakeFiles/USB_DEVICE_AND_KEYBOARD.dir/C_/Users/ASUS/.pico-sdk/sdk/1.5.1/lib/tinyusb/src/tusb.c.obj
                0x10007278                tu_edpt_claim
 .text.tu_edpt_release
                0x100072c8       0x38 CMakeFiles/USB_DEVICE_AND_KEYBOARD.dir/C_/Users/ASUS/.pico-sdk/sdk/1.5.1/lib/tinyusb/src/tusb.c.obj
                0x100072c8                tu_edpt_release
 .text.tu_edpt_validate
                0x10007300       0x7c CMakeFiles/USB_DEVICE_AND_KEYBOARD.dir/C_/Users/ASUS/.pico-sdk/sdk/1.5.1/lib/tinyusb/src/tusb.c.obj
                0x10007300                tu_edpt_validate
 .text.tu_edpt_bind_driver
                0x1000737c       0x34 CMakeFiles/USB_DEVICE_AND_KEYBOARD.dir/C_/Users/ASUS/.pico-sdk/sdk/1.5.1/lib/tinyusb/src/tusb.c.obj
                0x1000737c                tu_edpt_bind_driver
 .text.tu_desc_get_interface_total_len
                0x100073b0       0x4c CMakeFiles/USB_DEVICE_AND_KEYBOARD.dir/C_/Users/ASUS/.pico-sdk/sdk/1.5.1/lib/tinyusb/src/tusb.c.obj
                0x100073b0                tu_desc_get_interface_total_len
 .text.tu_fifo_config
                0x100073fc       0x6c CMakeFiles/USB_DEVICE_AND_KEYBOARD.dir/C_/Users/ASUS/.pico-sdk/sdk/1.5.1/lib/tinyusb/src/common/tusb_fifo.c.obj
                0x100073fc                tu_fifo_config
 .text.tu_fifo_count
                0x10007468       0x2c CMakeFiles/USB_DEVICE_AND_KEYBOARD.dir/C_/Users/ASUS/.pico-sdk/sdk/1.5.1/lib/tinyusb/src/common/tusb_fifo.c.obj
                0x10007468                tu_fifo_count
 .text.tu_fifo_empty
                0x10007494       0x10 CMakeFiles/USB_DEVICE_AND_KEYBOARD.dir/C_/Users/ASUS/.pico-sdk/sdk/1.5.1/lib/tinyusb/src/common/tusb_fifo.c.obj
                0x10007494                tu_fifo_empty
 .text.tu_fifo_remaining
                0x100074a4       0x2c CMakeFiles/USB_DEVICE_AND_KEYBOARD.dir/C_/Users/ASUS/.pico-sdk/sdk/1.5.1/lib/tinyusb/src/common/tusb_fifo.c.obj
                0x100074a4                tu_fifo_remaining
 .text.tu_fifo_read
                0x100074d0       0x9c CMakeFiles/USB_DEVICE_AND_KEYBOARD.dir/C_/Users/ASUS/.pico-sdk/sdk/1.5.1/lib/tinyusb/src/common/tusb_fifo.c.obj
                0x100074d0                tu_fifo_read
 .text.tu_fifo_read_n
                0x1000756c       0xe8 CMakeFiles/USB_DEVICE_AND_KEYBOARD.dir/C_/Users/ASUS/.pico-sdk/sdk/1.5.1/lib/tinyusb/src/common/tusb_fifo.c.obj
                0x1000756c                tu_fifo_read_n
 .text.tu_fifo_write
                0x10007654       0x88 CMakeFiles/USB_DEVICE_AND_KEYBOARD.dir/C_/Users/ASUS/.pico-sdk/sdk/1.5.1/lib/tinyusb/src/common/tusb_fifo.c.obj
                0x10007654                tu_fifo_write
 .text.tu_fifo_write_n
                0x100076dc      0x178 CMakeFiles/USB_DEVICE_AND_KEYBOARD.dir/C_/Users/ASUS/.pico-sdk/sdk/1.5.1/lib/tinyusb/src/common/tusb_fifo.c.obj
                0x100076dc                tu_fifo_write_n
 .text.tu_fifo_clear
                0x10007854       0x40 CMakeFiles/USB_DEVICE_AND_KEYBOARD.dir/C_/Users/ASUS/.pico-sdk/sdk/1.5.1/lib/tinyusb/src/common/tusb_fifo.c.obj
                0x10007854                tu_fifo_clear
 .text.tu_fifo_set_overwritable
                0x10007894       0x48 CMakeFiles/USB_DEVICE_AND_KEYBOARD.dir/C_/Users/ASUS/.pico-sdk/sdk/1.5.1/lib/tinyusb/src/common/tusb_fifo.c.obj
                0x10007894                tu_fifo_set_overwritable
 .text._control_blocking_complete_cb
                0x100078dc        0x8 CMakeFiles/USB_DEVICE_AND_KEYBOARD.dir/C_/Users/ASUS/.pico-sdk/sdk/1.5.1/lib/tinyusb/src/host/usbh.c.obj
 .text.process_device_unplugged
                0x100078e4      0x3c8 CMakeFiles/USB_DEVICE_AND_KEYBOARD.dir/C_/Users/ASUS/.pico-sdk/sdk/1.5.1/lib/tinyusb/src/host/usbh.c.obj
 .text.usbh_control_xfer_cb.constprop.0.isra.0
                0x10007cac      0x14c CMakeFiles/USB_DEVICE_AND_KEYBOARD.dir/C_/Users/ASUS/.pico-sdk/sdk/1.5.1/lib/tinyusb/src/host/usbh.c.obj
 .text._get_descriptor
                0x10007df8      0x114 CMakeFiles/USB_DEVICE_AND_KEYBOARD.dir/C_/Users/ASUS/.pico-sdk/sdk/1.5.1/lib/tinyusb/src/host/usbh.c.obj
 .text.tuh_task_ext.part.0
                0x10007f0c      0x1c8 CMakeFiles/USB_DEVICE_AND_KEYBOARD.dir/C_/Users/ASUS/.pico-sdk/sdk/1.5.1/lib/tinyusb/src/host/usbh.c.obj
 .text.tuh_configure
                0x100080d4       0x18 CMakeFiles/USB_DEVICE_AND_KEYBOARD.dir/C_/Users/ASUS/.pico-sdk/sdk/1.5.1/lib/tinyusb/src/host/usbh.c.obj
                0x100080d4                tuh_configure
 .text.tuh_vid_pid_get
                0x100080ec       0x34 CMakeFiles/USB_DEVICE_AND_KEYBOARD.dir/C_/Users/ASUS/.pico-sdk/sdk/1.5.1/lib/tinyusb/src/host/usbh.c.obj
                0x100080ec                tuh_vid_pid_get
 .text.tuh_inited
                0x10008120       0x14 CMakeFiles/USB_DEVICE_AND_KEYBOARD.dir/C_/Users/ASUS/.pico-sdk/sdk/1.5.1/lib/tinyusb/src/host/usbh.c.obj
                0x10008120                tuh_inited
 .text.tuh_init
                0x10008134       0xc0 CMakeFiles/USB_DEVICE_AND_KEYBOARD.dir/C_/Users/ASUS/.pico-sdk/sdk/1.5.1/lib/tinyusb/src/host/usbh.c.obj
                0x10008134                tuh_init
 .text.tuh_task_ext
                0x100081f4       0x10 CMakeFiles/USB_DEVICE_AND_KEYBOARD.dir/C_/Users/ASUS/.pico-sdk/sdk/1.5.1/lib/tinyusb/src/host/usbh.c.obj
                0x100081f4                tuh_task_ext
 .text.tuh_control_xfer
                0x10008204       0xec CMakeFiles/USB_DEVICE_AND_KEYBOARD.dir/C_/Users/ASUS/.pico-sdk/sdk/1.5.1/lib/tinyusb/src/host/usbh.c.obj
                0x10008204                tuh_control_xfer
 .text.process_enumeration
                0x100082f0      0x41c CMakeFiles/USB_DEVICE_AND_KEYBOARD.dir/C_/Users/ASUS/.pico-sdk/sdk/1.5.1/lib/tinyusb/src/host/usbh.c.obj
 .text.usbh_get_rhport
                0x1000870c       0x20 CMakeFiles/USB_DEVICE_AND_KEYBOARD.dir/C_/Users/ASUS/.pico-sdk/sdk/1.5.1/lib/tinyusb/src/host/usbh.c.obj
                0x1000870c                usbh_get_rhport
 .text.usbh_get_enum_buf
                0x1000872c        0x8 CMakeFiles/USB_DEVICE_AND_KEYBOARD.dir/C_/Users/ASUS/.pico-sdk/sdk/1.5.1/lib/tinyusb/src/host/usbh.c.obj
                0x1000872c                usbh_get_enum_buf
 .text.usbh_edpt_claim
                0x10008734       0x38 CMakeFiles/USB_DEVICE_AND_KEYBOARD.dir/C_/Users/ASUS/.pico-sdk/sdk/1.5.1/lib/tinyusb/src/host/usbh.c.obj
                0x10008734                usbh_edpt_claim
 .text.usbh_edpt_release
                0x1000876c       0x38 CMakeFiles/USB_DEVICE_AND_KEYBOARD.dir/C_/Users/ASUS/.pico-sdk/sdk/1.5.1/lib/tinyusb/src/host/usbh.c.obj
                0x1000876c                usbh_edpt_release
 .text.usbh_edpt_xfer_with_callback
                0x100087a4       0x70 CMakeFiles/USB_DEVICE_AND_KEYBOARD.dir/C_/Users/ASUS/.pico-sdk/sdk/1.5.1/lib/tinyusb/src/host/usbh.c.obj
                0x100087a4                usbh_edpt_xfer_with_callback
 .text.tuh_edpt_open
                0x10008814       0x4c CMakeFiles/USB_DEVICE_AND_KEYBOARD.dir/C_/Users/ASUS/.pico-sdk/sdk/1.5.1/lib/tinyusb/src/host/usbh.c.obj
                0x10008814                tuh_edpt_open
 .text.hcd_devtree_get_info
                0x10008860       0x3c CMakeFiles/USB_DEVICE_AND_KEYBOARD.dir/C_/Users/ASUS/.pico-sdk/sdk/1.5.1/lib/tinyusb/src/host/usbh.c.obj
                0x10008860                hcd_devtree_get_info
 .text.tuh_descriptor_get_hid_report
                0x1000889c      0x114 CMakeFiles/USB_DEVICE_AND_KEYBOARD.dir/C_/Users/ASUS/.pico-sdk/sdk/1.5.1/lib/tinyusb/src/host/usbh.c.obj
                0x1000889c                tuh_descriptor_get_hid_report
 .text.usbh_driver_set_config_complete
                0x100089b0       0xe0 CMakeFiles/USB_DEVICE_AND_KEYBOARD.dir/C_/Users/ASUS/.pico-sdk/sdk/1.5.1/lib/tinyusb/src/host/usbh.c.obj
                0x100089b0                usbh_driver_set_config_complete
 .text.connection_port_reset_complete
                0x10008a90       0x34 CMakeFiles/USB_DEVICE_AND_KEYBOARD.dir/C_/Users/ASUS/.pico-sdk/sdk/1.5.1/lib/tinyusb/src/host/hub.c.obj
 .text.hub_clear_feature_complete_stub
                0x10008ac4       0x30 CMakeFiles/USB_DEVICE_AND_KEYBOARD.dir/C_/Users/ASUS/.pico-sdk/sdk/1.5.1/lib/tinyusb/src/host/hub.c.obj
 .text.config_set_port_power
                0x10008af4       0x58 CMakeFiles/USB_DEVICE_AND_KEYBOARD.dir/C_/Users/ASUS/.pico-sdk/sdk/1.5.1/lib/tinyusb/src/host/hub.c.obj
 .text.config_port_power_complete
                0x10008b4c       0x90 CMakeFiles/USB_DEVICE_AND_KEYBOARD.dir/C_/Users/ASUS/.pico-sdk/sdk/1.5.1/lib/tinyusb/src/host/hub.c.obj
 .text.connection_clear_conn_change_complete
                0x10008bdc       0x98 CMakeFiles/USB_DEVICE_AND_KEYBOARD.dir/C_/Users/ASUS/.pico-sdk/sdk/1.5.1/lib/tinyusb/src/host/hub.c.obj
 .text.hub_get_status_complete
                0x10008c74       0x90 CMakeFiles/USB_DEVICE_AND_KEYBOARD.dir/C_/Users/ASUS/.pico-sdk/sdk/1.5.1/lib/tinyusb/src/host/hub.c.obj
 .text.hub_port_get_status_complete
                0x10008d04      0x19c CMakeFiles/USB_DEVICE_AND_KEYBOARD.dir/C_/Users/ASUS/.pico-sdk/sdk/1.5.1/lib/tinyusb/src/host/hub.c.obj
 .text.hub_port_clear_feature
                0x10008ea0       0x48 CMakeFiles/USB_DEVICE_AND_KEYBOARD.dir/C_/Users/ASUS/.pico-sdk/sdk/1.5.1/lib/tinyusb/src/host/hub.c.obj
                0x10008ea0                hub_port_clear_feature
 .text.hub_port_get_status
                0x10008ee8       0x4c CMakeFiles/USB_DEVICE_AND_KEYBOARD.dir/C_/Users/ASUS/.pico-sdk/sdk/1.5.1/lib/tinyusb/src/host/hub.c.obj
                0x10008ee8                hub_port_get_status
 .text.hub_init
                0x10008f34       0x14 CMakeFiles/USB_DEVICE_AND_KEYBOARD.dir/C_/Users/ASUS/.pico-sdk/sdk/1.5.1/lib/tinyusb/src/host/hub.c.obj
                0x10008f34                hub_init
 .text.hub_open
                0x10008f48       0x58 CMakeFiles/USB_DEVICE_AND_KEYBOARD.dir/C_/Users/ASUS/.pico-sdk/sdk/1.5.1/lib/tinyusb/src/host/hub.c.obj
                0x10008f48                hub_open
 .text.hub_close
                0x10008fa0       0x28 CMakeFiles/USB_DEVICE_AND_KEYBOARD.dir/C_/Users/ASUS/.pico-sdk/sdk/1.5.1/lib/tinyusb/src/host/hub.c.obj
                0x10008fa0                hub_close
 .text.hub_edpt_status_xfer
                0x10008fc8       0x2c CMakeFiles/USB_DEVICE_AND_KEYBOARD.dir/C_/Users/ASUS/.pico-sdk/sdk/1.5.1/lib/tinyusb/src/host/hub.c.obj
                0x10008fc8                hub_edpt_status_xfer
 .text.hub_set_config
                0x10008ff4       0x58 CMakeFiles/USB_DEVICE_AND_KEYBOARD.dir/C_/Users/ASUS/.pico-sdk/sdk/1.5.1/lib/tinyusb/src/host/hub.c.obj
                0x10008ff4                hub_set_config
 .text.hub_xfer_cb
                0x1000904c      0x130 CMakeFiles/USB_DEVICE_AND_KEYBOARD.dir/C_/Users/ASUS/.pico-sdk/sdk/1.5.1/lib/tinyusb/src/host/hub.c.obj
                0x1000904c                hub_xfer_cb
 .text.process_set_config
                0x1000917c      0x248 CMakeFiles/USB_DEVICE_AND_KEYBOARD.dir/C_/Users/ASUS/.pico-sdk/sdk/1.5.1/lib/tinyusb/src/class/hid/hid_host.c.obj
 .text.tuh_hid_interface_protocol
                0x100093c4       0x20 CMakeFiles/USB_DEVICE_AND_KEYBOARD.dir/C_/Users/ASUS/.pico-sdk/sdk/1.5.1/lib/tinyusb/src/class/hid/hid_host.c.obj
                0x100093c4                tuh_hid_interface_protocol
 .text.tuh_hid_receive_report
                0x100093e4       0x6c CMakeFiles/USB_DEVICE_AND_KEYBOARD.dir/C_/Users/ASUS/.pico-sdk/sdk/1.5.1/lib/tinyusb/src/class/hid/hid_host.c.obj
                0x100093e4                tuh_hid_receive_report
 .text.hidh_init
                0x10009450       0x18 CMakeFiles/USB_DEVICE_AND_KEYBOARD.dir/C_/Users/ASUS/.pico-sdk/sdk/1.5.1/lib/tinyusb/src/class/hid/hid_host.c.obj
                0x10009450                hidh_init
 .text.hidh_xfer_cb
                0x10009468       0xe4 CMakeFiles/USB_DEVICE_AND_KEYBOARD.dir/C_/Users/ASUS/.pico-sdk/sdk/1.5.1/lib/tinyusb/src/class/hid/hid_host.c.obj
                0x10009468                hidh_xfer_cb
 .text.hidh_close
                0x1000954c       0x5c CMakeFiles/USB_DEVICE_AND_KEYBOARD.dir/C_/Users/ASUS/.pico-sdk/sdk/1.5.1/lib/tinyusb/src/class/hid/hid_host.c.obj
                0x1000954c                hidh_close
 .text.hidh_open
                0x100095a8      0x12c CMakeFiles/USB_DEVICE_AND_KEYBOARD.dir/C_/Users/ASUS/.pico-sdk/sdk/1.5.1/lib/tinyusb/src/class/hid/hid_host.c.obj
                0x100095a8                hidh_open
 .text.hidh_set_config
                0x100096d4      0x118 CMakeFiles/USB_DEVICE_AND_KEYBOARD.dir/C_/Users/ASUS/.pico-sdk/sdk/1.5.1/lib/tinyusb/src/class/hid/hid_host.c.obj
                0x100096d4                hidh_set_config
 .text.calloc   0x100097ec       0x18 c:/users/asus/.pico-sdk/toolchain/12_3_rel1/bin/../lib/gcc/arm-none-eabi/12.3.1/thumb/v6-m/nofp\libc.a(libc_a-calloc.o)
                0x100097ec                calloc
 .text._calloc_r
                0x10009804       0xa8 c:/users/asus/.pico-sdk/toolchain/12_3_rel1/bin/../lib/gcc/arm-none-eabi/12.3.1/thumb/v6-m/nofp\libc.a(libc_a-callocr.o)
                0x10009804                _calloc_r
 .text.malloc   0x100098ac       0x14 c:/users/asus/.pico-sdk/toolchain/12_3_rel1/bin/../lib/gcc/arm-none-eabi/12.3.1/thumb/v6-m/nofp\libc.a(libc_a-malloc.o)
                0x100098ac                malloc
 .text._malloc_r
                0x100098c0      0x5c4 c:/users/asus/.pico-sdk/toolchain/12_3_rel1/bin/../lib/gcc/arm-none-eabi/12.3.1/thumb/v6-m/nofp\libc.a(libc_a-mallocr.o)
                0x100098c0                _malloc_r
 .text.__malloc_lock
                0x10009e84       0x10 c:/users/asus/.pico-sdk/toolchain/12_3_rel1/bin/../lib/gcc/arm-none-eabi/12.3.1/thumb/v6-m/nofp\libc.a(libc_a-mlock.o)
                0x10009e84                __malloc_lock
 .text.__malloc_unlock
                0x10009e94       0x10 c:/users/asus/.pico-sdk/toolchain/12_3_rel1/bin/../lib/gcc/arm-none-eabi/12.3.1/thumb/v6-m/nofp\libc.a(libc_a-mlock.o)
                0x10009e94                __malloc_unlock
 .text._sbrk_r  0x10009ea4       0x24 c:/users/asus/.pico-sdk/toolchain/12_3_rel1/bin/../lib/gcc/arm-none-eabi/12.3.1/thumb/v6-m/nofp\libc.a(libc_a-sbrkr.o)
                0x10009ea4                _sbrk_r
 .text.__errno  0x10009ec8        0xc c:/users/asus/.pico-sdk/toolchain/12_3_rel1/bin/../lib/gcc/arm-none-eabi/12.3.1/thumb/v6-m/nofp\libc.a(libc_a-errno.o)
                0x10009ec8                __errno
 .text.__retarget_lock_acquire_recursive
                0x10009ed4        0x4 c:/users/asus/.pico-sdk/toolchain/12_3_rel1/bin/../lib/gcc/arm-none-eabi/12.3.1/thumb/v6-m/nofp\libc.a(libc_a-lock.o)
                0x10009ed4                __retarget_lock_acquire_recursive
 .text.__retarget_lock_release_recursive
                0x10009ed8        0x4 c:/users/asus/.pico-sdk/toolchain/12_3_rel1/bin/../lib/gcc/arm-none-eabi/12.3.1/thumb/v6-m/nofp\libc.a(libc_a-lock.o)
                0x10009ed8                __retarget_lock_release_recursive
 .text.sysconf  0x10009edc       0x1c c:/users/asus/.pico-sdk/toolchain/12_3_rel1/bin/../lib/gcc/arm-none-eabi/12.3.1/thumb/v6-m/nofp\libc.a(libc_a-sysconf.o)
                0x10009edc                sysconf
 .text.strlen   0x10009ef8       0x5c c:/users/asus/.pico-sdk/toolchain/12_3_rel1/bin/../lib/gcc/arm-none-eabi/12.3.1/thumb/v6-m/nofp\libc.a(libc_a-strlen-stub.o)
                0x10009ef8                strlen
 .text._malloc_trim_r
                0x10009f54       0xb4 c:/users/asus/.pico-sdk/toolchain/12_3_rel1/bin/../lib/gcc/arm-none-eabi/12.3.1/thumb/v6-m/nofp\libc.a(libc_a-freer.o)
                0x10009f54                _malloc_trim_r
 .text._free_r  0x1000a008      0x1d4 c:/users/asus/.pico-sdk/toolchain/12_3_rel1/bin/../lib/gcc/arm-none-eabi/12.3.1/thumb/v6-m/nofp\libc.a(libc_a-freer.o)
                0x1000a008                _free_r
 *(.fini)
 .fini          0x1000a1dc        0x4 c:/users/asus/.pico-sdk/toolchain/12_3_rel1/bin/../lib/gcc/arm-none-eabi/12.3.1/thumb/v6-m/nofp/crti.o
                0x1000a1dc                _fini
 .fini.__stub   0x1000a1e0       0xf0 linker stubs
 *crtbegin.o(.ctors)
 *crtbegin?.o(.ctors)
 *(EXCLUDE_FILE(*crtend.o *crtend?.o) .ctors)
 *(SORT_BY_NAME(.ctors.*))
 *(.ctors)
 *crtbegin.o(.dtors)
 *crtbegin?.o(.dtors)
 *(EXCLUDE_FILE(*crtend.o *crtend?.o) .dtors)
 *(SORT_BY_NAME(.dtors.*))
 *(.dtors)
 *(.eh_frame*)
 .eh_frame      0x1000a2d0        0x0 c:/users/asus/.pico-sdk/toolchain/12_3_rel1/bin/../lib/gcc/arm-none-eabi/12.3.1/thumb/v6-m/nofp/crtbegin.o
                0x1000a2d0                        . = ALIGN (0x4)

.glue_7         0x1000a2d0        0x0
 .glue_7        0x1000a2d0        0x0 linker stubs

.glue_7t        0x1000a2d0        0x0
 .glue_7t       0x1000a2d0        0x0 linker stubs

.vfp11_veneer   0x1000a2d0        0x0
 .vfp11_veneer  0x1000a2d0        0x0 linker stubs

.v4_bx          0x1000a2d0        0x0
 .v4_bx         0x1000a2d0        0x0 linker stubs

.iplt           0x1000a2d0        0x0
 .iplt          0x1000a2d0        0x0 c:/users/asus/.pico-sdk/toolchain/12_3_rel1/bin/../lib/gcc/arm-none-eabi/12.3.1/thumb/v6-m/nofp/crtbegin.o

.rodata         0x1000a2d0      0xc5c
 *(EXCLUDE_FILE(*libm.a: *libc.a:*lib_a-mem*.o *libgcc.a:) .rodata*)
 .rodata.main.str1.4
                0x1000a2d0       0x32 CMakeFiles/USB_DEVICE_AND_KEYBOARD.dir/main_device.c.obj
 *fill*         0x1000a302        0x2 
 .rodata.tuh_hid_mount_cb.str1.4
                0x1000a304       0x53 CMakeFiles/USB_DEVICE_AND_KEYBOARD.dir/main_host.c.obj
 *fill*         0x1000a357        0x1 
 .rodata.tuh_hid_umount_cb.str1.4
                0x1000a358       0x24 CMakeFiles/USB_DEVICE_AND_KEYBOARD.dir/main_host.c.obj
 .rodata.tuh_hid_report_received_cb.str1.4
                0x1000a37c       0x1f CMakeFiles/USB_DEVICE_AND_KEYBOARD.dir/main_host.c.obj
 *fill*         0x1000a39b        0x1 
 .rodata.str1.4
                0x1000a39c       0x1a CMakeFiles/USB_DEVICE_AND_KEYBOARD.dir/main_host.c.obj
 *fill*         0x1000a3b6        0x2 
 .rodata.keycode2ascii
                0x1000a3b8      0x100 CMakeFiles/USB_DEVICE_AND_KEYBOARD.dir/main_host.c.obj
 .rodata        0x1000a4b8       0x1c CMakeFiles/USB_DEVICE_AND_KEYBOARD.dir/main_host.c.obj
 .rodata.str1.4
                0x1000a4d4       0x34 CMakeFiles/USB_DEVICE_AND_KEYBOARD.dir/usb_descriptors.c.obj
 .rodata.__compound_literal.0
                0x1000a508        0x2 CMakeFiles/USB_DEVICE_AND_KEYBOARD.dir/usb_descriptors.c.obj
 *fill*         0x1000a50a        0x2 
 .rodata.desc_fs_configuration
                0x1000a50c       0x64 CMakeFiles/USB_DEVICE_AND_KEYBOARD.dir/usb_descriptors.c.obj
                0x1000a50c                desc_fs_configuration
 .rodata.desc_hid_report
                0x1000a570       0x92 CMakeFiles/USB_DEVICE_AND_KEYBOARD.dir/usb_descriptors.c.obj
                0x1000a570                desc_hid_report
 *fill*         0x1000a602        0x2 
 .rodata.desc_device
                0x1000a604       0x12 CMakeFiles/USB_DEVICE_AND_KEYBOARD.dir/usb_descriptors.c.obj
                0x1000a604                desc_device
 *fill*         0x1000a616        0x2 
 .rodata.spin_lock_claim_unused.str1.4
                0x1000a618       0x1b CMakeFiles/USB_DEVICE_AND_KEYBOARD.dir/C_/Users/ASUS/.pico-sdk/sdk/1.5.1/src/rp2_common/hardware_sync/sync.c.obj
 *fill*         0x1000a633        0x1 
 .rodata.hardware_alarm_claim.str1.4
                0x1000a634       0x22 CMakeFiles/USB_DEVICE_AND_KEYBOARD.dir/C_/Users/ASUS/.pico-sdk/sdk/1.5.1/src/rp2_common/hardware_timer/timer.c.obj
 *fill*         0x1000a656        0x2 
 .rodata.panic.str1.4
                0x1000a658       0x10 CMakeFiles/USB_DEVICE_AND_KEYBOARD.dir/C_/Users/ASUS/.pico-sdk/sdk/1.5.1/src/rp2_common/pico_runtime/runtime.c.obj
                                 0x12 (size before relaxing)
 .rodata.hard_assertion_failure.str1.4
                0x1000a668        0xc CMakeFiles/USB_DEVICE_AND_KEYBOARD.dir/C_/Users/ASUS/.pico-sdk/sdk/1.5.1/src/rp2_common/pico_runtime/runtime.c.obj
 .rodata._ftoa.str1.4
                0x1000a674       0x15 CMakeFiles/USB_DEVICE_AND_KEYBOARD.dir/C_/Users/ASUS/.pico-sdk/sdk/1.5.1/src/rp2_common/pico_printf/printf.c.obj
 *fill*         0x1000a689        0x3 
 .rodata._vsnprintf
                0x1000a68c      0x19c CMakeFiles/USB_DEVICE_AND_KEYBOARD.dir/C_/Users/ASUS/.pico-sdk/sdk/1.5.1/src/rp2_common/pico_printf/printf.c.obj
 .rodata.pow10.0
                0x1000a828       0x50 CMakeFiles/USB_DEVICE_AND_KEYBOARD.dir/C_/Users/ASUS/.pico-sdk/sdk/1.5.1/src/rp2_common/pico_printf/printf.c.obj
 .rodata.missing_double_func_shim.str1.4
                0x1000a878       0x18 CMakeFiles/USB_DEVICE_AND_KEYBOARD.dir/C_/Users/ASUS/.pico-sdk/sdk/1.5.1/src/rp2_common/pico_double/double_init_rom.c.obj
 .rodata.missing_float_func_shim.str1.4
                0x1000a890       0x18 CMakeFiles/USB_DEVICE_AND_KEYBOARD.dir/C_/Users/ASUS/.pico-sdk/sdk/1.5.1/src/rp2_common/pico_float/float_init_rom.c.obj
                                  0x1 (size before relaxing)
 .rodata.__wrap_malloc.str1.4
                0x1000a890        0xe CMakeFiles/USB_DEVICE_AND_KEYBOARD.dir/C_/Users/ASUS/.pico-sdk/sdk/1.5.1/src/rp2_common/pico_malloc/pico_malloc.c.obj
 *fill*         0x1000a89e        0x2 
 .rodata.str1.4
                0x1000a8a0       0x4c CMakeFiles/USB_DEVICE_AND_KEYBOARD.dir/C_/Users/ASUS/.pico-sdk/sdk/1.5.1/src/rp2_common/pico_standard_link/binary_info.c.obj
 .rodata.__bi_81
                0x1000a8ec        0xc CMakeFiles/USB_DEVICE_AND_KEYBOARD.dir/C_/Users/ASUS/.pico-sdk/sdk/1.5.1/src/rp2_common/pico_standard_link/binary_info.c.obj
 .rodata.__bi_75
                0x1000a8f8        0xc CMakeFiles/USB_DEVICE_AND_KEYBOARD.dir/C_/Users/ASUS/.pico-sdk/sdk/1.5.1/src/rp2_common/pico_standard_link/binary_info.c.obj
 .rodata.__bi_44
                0x1000a904        0xc CMakeFiles/USB_DEVICE_AND_KEYBOARD.dir/C_/Users/ASUS/.pico-sdk/sdk/1.5.1/src/rp2_common/pico_standard_link/binary_info.c.obj
 .rodata.crlf_str.0
                0x1000a910        0x2 CMakeFiles/USB_DEVICE_AND_KEYBOARD.dir/C_/Users/ASUS/.pico-sdk/sdk/1.5.1/src/rp2_common/pico_stdio/stdio.c.obj
 *fill*         0x1000a912        0x2 
 .rodata.usb_nrzi_decoder_debug_program
                0x1000a914        0x6 CMakeFiles/USB_DEVICE_AND_KEYBOARD.dir/Pico-PIO-USB/src/pio_usb.c.obj
 *fill*         0x1000a91a        0x2 
 .rodata.usb_nrzi_decoder_debug_program_instructions
                0x1000a91c       0x1e CMakeFiles/USB_DEVICE_AND_KEYBOARD.dir/Pico-PIO-USB/src/pio_usb.c.obj
 *fill*         0x1000a93a        0x2 
 .rodata.usb_nrzi_decoder_program
                0x1000a93c        0x6 CMakeFiles/USB_DEVICE_AND_KEYBOARD.dir/Pico-PIO-USB/src/pio_usb.c.obj
 *fill*         0x1000a942        0x2 
 .rodata.usb_nrzi_decoder_program_instructions
                0x1000a944       0x1e CMakeFiles/USB_DEVICE_AND_KEYBOARD.dir/Pico-PIO-USB/src/pio_usb.c.obj
 *fill*         0x1000a962        0x2 
 .rodata.usb_edge_detector_debug_program
                0x1000a964        0x6 CMakeFiles/USB_DEVICE_AND_KEYBOARD.dir/Pico-PIO-USB/src/pio_usb.c.obj
 *fill*         0x1000a96a        0x2 
 .rodata.usb_edge_detector_debug_program_instructions
                0x1000a96c       0x22 CMakeFiles/USB_DEVICE_AND_KEYBOARD.dir/Pico-PIO-USB/src/pio_usb.c.obj
 *fill*         0x1000a98e        0x2 
 .rodata.usb_edge_detector_program
                0x1000a990        0x6 CMakeFiles/USB_DEVICE_AND_KEYBOARD.dir/Pico-PIO-USB/src/pio_usb.c.obj
 *fill*         0x1000a996        0x2 
 .rodata.usb_edge_detector_program_instructions
                0x1000a998       0x22 CMakeFiles/USB_DEVICE_AND_KEYBOARD.dir/Pico-PIO-USB/src/pio_usb.c.obj
 *fill*         0x1000a9ba        0x2 
 .rodata.usb_tx_fs_program
                0x1000a9bc        0x6 CMakeFiles/USB_DEVICE_AND_KEYBOARD.dir/Pico-PIO-USB/src/pio_usb.c.obj
 *fill*         0x1000a9c2        0x2 
 .rodata.usb_tx_fs_program_instructions
                0x1000a9c4       0x2c CMakeFiles/USB_DEVICE_AND_KEYBOARD.dir/Pico-PIO-USB/src/pio_usb.c.obj
 .rodata.str1.4
                0x1000a9f0      0x27b CMakeFiles/USB_DEVICE_AND_KEYBOARD.dir/Pico-PIO-USB/src/pio_usb_host.c.obj
 *fill*         0x1000ac6b        0x1 
 .rodata.pio_usb_host_endpoint_transfer.str1.4
                0x1000ac6c       0x15 CMakeFiles/USB_DEVICE_AND_KEYBOARD.dir/Pico-PIO-USB/src/pio_usb_host.c.obj
 *fill*         0x1000ac81        0x3 
 .rodata.usb_tx_ls_program_instructions
                0x1000ac84       0x2c CMakeFiles/USB_DEVICE_AND_KEYBOARD.dir/Pico-PIO-USB/src/pio_usb_host.c.obj
 .rodata.usb_tx_fs_program_instructions
                0x1000acb0       0x2c CMakeFiles/USB_DEVICE_AND_KEYBOARD.dir/Pico-PIO-USB/src/pio_usb_host.c.obj
 .rodata        0x1000acdc       0x20 CMakeFiles/USB_DEVICE_AND_KEYBOARD.dir/Pico-PIO-USB/src/usb_crc.c.obj
 .rodata.pio_sm_claim.str1.4
                0x1000acfc       0x40 CMakeFiles/USB_DEVICE_AND_KEYBOARD.dir/C_/Users/ASUS/.pico-sdk/sdk/1.5.1/src/rp2_common/hardware_pio/pio.c.obj
 .rodata.pio_add_program.str1.4
                0x1000ad3c       0x11 CMakeFiles/USB_DEVICE_AND_KEYBOARD.dir/C_/Users/ASUS/.pico-sdk/sdk/1.5.1/src/rp2_common/hardware_pio/pio.c.obj
 *fill*         0x1000ad4d        0x3 
 .rodata.dma_channel_claim.str1.4
                0x1000ad50       0x22 CMakeFiles/USB_DEVICE_AND_KEYBOARD.dir/C_/Users/ASUS/.pico-sdk/sdk/1.5.1/src/rp2_common/hardware_dma/dma.c.obj
 *fill*         0x1000ad72        0x2 
 .rodata.str1.4
                0x1000ad74       0x14 CMakeFiles/USB_DEVICE_AND_KEYBOARD.dir/C_/Users/ASUS/.pico-sdk/sdk/1.5.1/lib/tinyusb/src/portable/raspberrypi/rp2040/dcd_rp2040.c.obj
 .rodata.str1.4
                0x1000ad88       0x53 CMakeFiles/USB_DEVICE_AND_KEYBOARD.dir/C_/Users/ASUS/.pico-sdk/sdk/1.5.1/lib/tinyusb/src/portable/raspberrypi/rp2040/rp2040_usb.c.obj
 *fill*         0x1000addb        0x1 
 .rodata.tud_task_ext
                0x1000addc       0x8c CMakeFiles/USB_DEVICE_AND_KEYBOARD.dir/C_/Users/ASUS/.pico-sdk/sdk/1.5.1/lib/tinyusb/src/device/usbd.c.obj
 .rodata._usbd_driver
                0x1000ae68       0x30 CMakeFiles/USB_DEVICE_AND_KEYBOARD.dir/C_/Users/ASUS/.pico-sdk/sdk/1.5.1/lib/tinyusb/src/device/usbd.c.obj
 .rodata.hidd_control_xfer_cb
                0x1000ae98       0x30 CMakeFiles/USB_DEVICE_AND_KEYBOARD.dir/C_/Users/ASUS/.pico-sdk/sdk/1.5.1/lib/tinyusb/src/class/hid/hid_device.c.obj
 .rodata.process_enumeration
                0x1000aec8       0x34 CMakeFiles/USB_DEVICE_AND_KEYBOARD.dir/C_/Users/ASUS/.pico-sdk/sdk/1.5.1/lib/tinyusb/src/host/usbh.c.obj
 .rodata.usbh_class_drivers
                0x1000aefc       0x28 CMakeFiles/USB_DEVICE_AND_KEYBOARD.dir/C_/Users/ASUS/.pico-sdk/sdk/1.5.1/lib/tinyusb/src/host/usbh.c.obj
 .rodata        0x1000af24        0x8 CMakeFiles/USB_DEVICE_AND_KEYBOARD.dir/C_/Users/ASUS/.pico-sdk/sdk/1.5.1/lib/tinyusb/src/host/hub.c.obj
                0x1000af2c                        . = ALIGN (0x4)
 *(SORT_BY_ALIGNMENT(SORT_BY_NAME(.flashdata*)))
                0x1000af2c                        . = ALIGN (0x4)

.ARM.extab
 *(.ARM.extab* .gnu.linkonce.armextab.*)
                0x1000af2c                        __exidx_start = .

.ARM.exidx
 *(.ARM.exidx* .gnu.linkonce.armexidx.*)
                0x1000af2c                        __exidx_end = .
                0x1000af2c                        . = ALIGN (0x4)
                0x1000af2c                        __binary_info_start = .

.binary_info    0x1000af2c       0x1c
 *(.binary_info.keep.*)
 .binary_info.keep.__bi_ptr81
                0x1000af2c        0x4 CMakeFiles/USB_DEVICE_AND_KEYBOARD.dir/C_/Users/ASUS/.pico-sdk/sdk/1.5.1/src/rp2_common/pico_standard_link/binary_info.c.obj
 .binary_info.keep.__bi_ptr75
                0x1000af30        0x4 CMakeFiles/USB_DEVICE_AND_KEYBOARD.dir/C_/Users/ASUS/.pico-sdk/sdk/1.5.1/src/rp2_common/pico_standard_link/binary_info.c.obj
 .binary_info.keep.__bi_ptr50
                0x1000af34        0x4 CMakeFiles/USB_DEVICE_AND_KEYBOARD.dir/C_/Users/ASUS/.pico-sdk/sdk/1.5.1/src/rp2_common/pico_standard_link/binary_info.c.obj
 .binary_info.keep.__bi_ptr44
                0x1000af38        0x4 CMakeFiles/USB_DEVICE_AND_KEYBOARD.dir/C_/Users/ASUS/.pico-sdk/sdk/1.5.1/src/rp2_common/pico_standard_link/binary_info.c.obj
 .binary_info.keep.__bi_ptr38
                0x1000af3c        0x4 CMakeFiles/USB_DEVICE_AND_KEYBOARD.dir/C_/Users/ASUS/.pico-sdk/sdk/1.5.1/src/rp2_common/pico_standard_link/binary_info.c.obj
 .binary_info.keep.__bi_ptr30
                0x1000af40        0x4 CMakeFiles/USB_DEVICE_AND_KEYBOARD.dir/C_/Users/ASUS/.pico-sdk/sdk/1.5.1/src/rp2_common/pico_standard_link/binary_info.c.obj
 .binary_info.keep.__bi_ptr22
                0x1000af44        0x4 CMakeFiles/USB_DEVICE_AND_KEYBOARD.dir/C_/Users/ASUS/.pico-sdk/sdk/1.5.1/src/rp2_common/pico_standard_link/binary_info.c.obj
 *(.binary_info.*)
                0x1000af48                        __binary_info_end = .

.rel.dyn        0x1000af48        0x0
 .rel.iplt      0x1000af48        0x0 c:/users/asus/.pico-sdk/toolchain/12_3_rel1/bin/../lib/gcc/arm-none-eabi/12.3.1/thumb/v6-m/nofp/crtbegin.o
                0x1000af48                        . = ALIGN (0x4)

.ram_vector_table
                0x20000000       0xc0
 *(.ram_vector_table)
 .ram_vector_table
                0x20000000       0xc0 CMakeFiles/USB_DEVICE_AND_KEYBOARD.dir/C_/Users/ASUS/.pico-sdk/sdk/1.5.1/src/rp2_common/pico_runtime/runtime.c.obj
                0x20000000                ram_vector_table

.data           0x200000c0     0x29bc load address 0x1000af48
                0x200000c0                        __data_start__ = .
 *(vtable)
 *(.time_critical*)
 .time_critical.handle_endpoint_irq
                0x200000c0       0x90 CMakeFiles/USB_DEVICE_AND_KEYBOARD.dir/C_/Users/ASUS/.pico-sdk/sdk/1.5.1/lib/tinyusb/src/portable/raspberrypi/pio_usb/hcd_pio_usb.c.obj
 .time_critical.pio_usb_host_irq_handler
                0x20000150       0x88 CMakeFiles/USB_DEVICE_AND_KEYBOARD.dir/C_/Users/ASUS/.pico-sdk/sdk/1.5.1/lib/tinyusb/src/portable/raspberrypi/pio_usb/hcd_pio_usb.c.obj
                0x20000150                pio_usb_host_irq_handler
 .time_critical.mutex_enter_blocking
                0x200001d8       0x48 CMakeFiles/USB_DEVICE_AND_KEYBOARD.dir/C_/Users/ASUS/.pico-sdk/sdk/1.5.1/src/common/pico_sync/mutex.c.obj
                0x200001d8                mutex_enter_blocking
 .time_critical.mutex_try_enter_block_until
                0x20000220       0x9c CMakeFiles/USB_DEVICE_AND_KEYBOARD.dir/C_/Users/ASUS/.pico-sdk/sdk/1.5.1/src/common/pico_sync/mutex.c.obj
                0x20000220                mutex_try_enter_block_until
 .time_critical.mutex_enter_timeout_ms
                0x200002bc       0x90 CMakeFiles/USB_DEVICE_AND_KEYBOARD.dir/C_/Users/ASUS/.pico-sdk/sdk/1.5.1/src/common/pico_sync/mutex.c.obj
                0x200002bc                mutex_enter_timeout_ms
 .time_critical.mutex_exit
                0x2000034c       0x28 CMakeFiles/USB_DEVICE_AND_KEYBOARD.dir/C_/Users/ASUS/.pico-sdk/sdk/1.5.1/src/common/pico_sync/mutex.c.obj
                0x2000034c                mutex_exit
 .time_critical.usb_tx_configure_pins
                0x20000374       0x48 CMakeFiles/USB_DEVICE_AND_KEYBOARD.dir/Pico-PIO-USB/src/pio_usb.c.obj
 .time_critical.send_pre
                0x200003bc      0x148 CMakeFiles/USB_DEVICE_AND_KEYBOARD.dir/Pico-PIO-USB/src/pio_usb.c.obj
 .time_critical.initialize_host_programs
                0x20000504      0x48c CMakeFiles/USB_DEVICE_AND_KEYBOARD.dir/Pico-PIO-USB/src/pio_usb.c.obj
 .time_critical.pio_usb_bus_usb_transfer
                0x20000990       0x44 CMakeFiles/USB_DEVICE_AND_KEYBOARD.dir/Pico-PIO-USB/src/pio_usb.c.obj
                0x20000990                pio_usb_bus_usb_transfer
 .time_critical.pio_usb_bus_send_handshake
                0x200009d4       0x4c CMakeFiles/USB_DEVICE_AND_KEYBOARD.dir/Pico-PIO-USB/src/pio_usb.c.obj
                0x200009d4                pio_usb_bus_send_handshake
 .time_critical.pio_usb_bus_send_token
                0x20000a20       0x78 CMakeFiles/USB_DEVICE_AND_KEYBOARD.dir/Pico-PIO-USB/src/pio_usb.c.obj
                0x20000a20                pio_usb_bus_send_token
 .time_critical.pio_usb_bus_prepare_receive
                0x20000a98       0x58 CMakeFiles/USB_DEVICE_AND_KEYBOARD.dir/Pico-PIO-USB/src/pio_usb.c.obj
                0x20000a98                pio_usb_bus_prepare_receive
 .time_critical.pio_usb_bus_start_receive
                0x20000af0       0x18 CMakeFiles/USB_DEVICE_AND_KEYBOARD.dir/Pico-PIO-USB/src/pio_usb.c.obj
                0x20000af0                pio_usb_bus_start_receive
 .time_critical.pio_usb_bus_wait_handshake
                0x20000b08       0x74 CMakeFiles/USB_DEVICE_AND_KEYBOARD.dir/Pico-PIO-USB/src/pio_usb.c.obj
                0x20000b08                pio_usb_bus_wait_handshake
 .time_critical.pio_usb_bus_receive_packet_and_handshake
                0x20000b7c      0x148 CMakeFiles/USB_DEVICE_AND_KEYBOARD.dir/Pico-PIO-USB/src/pio_usb.c.obj
                0x20000b7c                pio_usb_bus_receive_packet_and_handshake
 .time_critical.pio_usb_ll_configure_endpoint
                0x20000cc4       0x28 CMakeFiles/USB_DEVICE_AND_KEYBOARD.dir/Pico-PIO-USB/src/pio_usb.c.obj
                0x20000cc4                pio_usb_ll_configure_endpoint
 .time_critical.pio_usb_ll_transfer_start
                0x20000cec       0x74 CMakeFiles/USB_DEVICE_AND_KEYBOARD.dir/Pico-PIO-USB/src/pio_usb.c.obj
                0x20000cec                pio_usb_ll_transfer_start
 .time_critical.pio_usb_ll_transfer_complete
                0x20000d60       0x80 CMakeFiles/USB_DEVICE_AND_KEYBOARD.dir/Pico-PIO-USB/src/pio_usb.c.obj
                0x20000d60                pio_usb_ll_transfer_complete
 .time_critical.pio_usb_ll_transfer_continue
                0x20000de0       0x84 CMakeFiles/USB_DEVICE_AND_KEYBOARD.dir/Pico-PIO-USB/src/pio_usb.c.obj
                0x20000de0                pio_usb_ll_transfer_continue
 .time_critical.usb_tx_configure_pins
                0x20000e64       0x48 CMakeFiles/USB_DEVICE_AND_KEYBOARD.dir/Pico-PIO-USB/src/pio_usb_host.c.obj
 .time_critical.connection_check
                0x20000eac       0x6c CMakeFiles/USB_DEVICE_AND_KEYBOARD.dir/Pico-PIO-USB/src/pio_usb_host.c.obj
 .time_critical.restore_fs_bus
                0x20000f18       0xb0 CMakeFiles/USB_DEVICE_AND_KEYBOARD.dir/Pico-PIO-USB/src/pio_usb_host.c.obj
 .time_critical.override_pio_program
                0x20000fc8       0x58 CMakeFiles/USB_DEVICE_AND_KEYBOARD.dir/Pico-PIO-USB/src/pio_usb_host.c.obj
 .time_critical.configure_lowspeed_host
                0x20001020       0xd4 CMakeFiles/USB_DEVICE_AND_KEYBOARD.dir/Pico-PIO-USB/src/pio_usb_host.c.obj
 .time_critical.configure_fullspeed_host
                0x200010f4       0xd4 CMakeFiles/USB_DEVICE_AND_KEYBOARD.dir/Pico-PIO-USB/src/pio_usb_host.c.obj
 .time_critical.configure_root_port
                0x200011c8       0x1c CMakeFiles/USB_DEVICE_AND_KEYBOARD.dir/Pico-PIO-USB/src/pio_usb_host.c.obj
 .time_critical.usb_out_transaction
                0x200011e4       0xa0 CMakeFiles/USB_DEVICE_AND_KEYBOARD.dir/Pico-PIO-USB/src/pio_usb_host.c.obj
 .time_critical.usb_in_transaction
                0x20001284       0xa0 CMakeFiles/USB_DEVICE_AND_KEYBOARD.dir/Pico-PIO-USB/src/pio_usb_host.c.obj
 .time_critical.usb_setup_transaction
                0x20001324       0x78 CMakeFiles/USB_DEVICE_AND_KEYBOARD.dir/Pico-PIO-USB/src/pio_usb_host.c.obj
 .time_critical.sof_timer
                0x2000139c      0x264 CMakeFiles/USB_DEVICE_AND_KEYBOARD.dir/Pico-PIO-USB/src/pio_usb_host.c.obj
 .time_critical.calc_usb_crc5
                0x20001600       0x3c CMakeFiles/USB_DEVICE_AND_KEYBOARD.dir/Pico-PIO-USB/src/usb_crc.c.obj
                0x20001600                calc_usb_crc5
 .time_critical.crc_tbl
                0x2000163c      0x200 CMakeFiles/USB_DEVICE_AND_KEYBOARD.dir/Pico-PIO-USB/src/usb_crc.c.obj
                0x2000163c                crc16_tbl
 .time_critical.reset_non_control_endpoints
                0x2000183c       0x68 CMakeFiles/USB_DEVICE_AND_KEYBOARD.dir/C_/Users/ASUS/.pico-sdk/sdk/1.5.1/lib/tinyusb/src/portable/raspberrypi/rp2040/dcd_rp2040.c.obj
 .time_critical.hw_handle_buff_status
                0x200018a4       0xac CMakeFiles/USB_DEVICE_AND_KEYBOARD.dir/C_/Users/ASUS/.pico-sdk/sdk/1.5.1/lib/tinyusb/src/portable/raspberrypi/rp2040/dcd_rp2040.c.obj
 .time_critical.dcd_rp2040_irq
                0x20001950      0x510 CMakeFiles/USB_DEVICE_AND_KEYBOARD.dir/C_/Users/ASUS/.pico-sdk/sdk/1.5.1/lib/tinyusb/src/portable/raspberrypi/rp2040/dcd_rp2040.c.obj
 .time_critical.e15_is_bulkin_ep
                0x20001e60       0x28 CMakeFiles/USB_DEVICE_AND_KEYBOARD.dir/C_/Users/ASUS/.pico-sdk/sdk/1.5.1/lib/tinyusb/src/portable/raspberrypi/rp2040/rp2040_usb.c.obj
 .time_critical.e15_is_critical_frame_period
                0x20001e88       0x34 CMakeFiles/USB_DEVICE_AND_KEYBOARD.dir/C_/Users/ASUS/.pico-sdk/sdk/1.5.1/lib/tinyusb/src/portable/raspberrypi/rp2040/rp2040_usb.c.obj
 .time_critical.prepare_ep_buffer
                0x20001ebc       0x6c CMakeFiles/USB_DEVICE_AND_KEYBOARD.dir/C_/Users/ASUS/.pico-sdk/sdk/1.5.1/lib/tinyusb/src/portable/raspberrypi/rp2040/rp2040_usb.c.obj
 .time_critical.sync_ep_buffer
                0x20001f28       0x48 CMakeFiles/USB_DEVICE_AND_KEYBOARD.dir/C_/Users/ASUS/.pico-sdk/sdk/1.5.1/lib/tinyusb/src/portable/raspberrypi/rp2040/rp2040_usb.c.obj
 .time_critical._hw_endpoint_xfer_sync
                0x20001f70       0x28 CMakeFiles/USB_DEVICE_AND_KEYBOARD.dir/C_/Users/ASUS/.pico-sdk/sdk/1.5.1/lib/tinyusb/src/portable/raspberrypi/rp2040/rp2040_usb.c.obj
 .time_critical.hw_endpoint_reset_transfer
                0x20001f98        0xc CMakeFiles/USB_DEVICE_AND_KEYBOARD.dir/C_/Users/ASUS/.pico-sdk/sdk/1.5.1/lib/tinyusb/src/portable/raspberrypi/rp2040/rp2040_usb.c.obj
                0x20001f98                hw_endpoint_reset_transfer
 .time_critical._hw_endpoint_buffer_control_update32
                0x20001fa4       0x4c CMakeFiles/USB_DEVICE_AND_KEYBOARD.dir/C_/Users/ASUS/.pico-sdk/sdk/1.5.1/lib/tinyusb/src/portable/raspberrypi/rp2040/rp2040_usb.c.obj
                0x20001fa4                _hw_endpoint_buffer_control_update32
 .time_critical.hw_endpoint_start_next_buffer
                0x20001ff0       0x6c CMakeFiles/USB_DEVICE_AND_KEYBOARD.dir/C_/Users/ASUS/.pico-sdk/sdk/1.5.1/lib/tinyusb/src/portable/raspberrypi/rp2040/rp2040_usb.c.obj
                0x20001ff0                hw_endpoint_start_next_buffer
 .time_critical.hw_endpoint_xfer_continue
                0x2000205c       0x50 CMakeFiles/USB_DEVICE_AND_KEYBOARD.dir/C_/Users/ASUS/.pico-sdk/sdk/1.5.1/lib/tinyusb/src/portable/raspberrypi/rp2040/rp2040_usb.c.obj
                0x2000205c                hw_endpoint_xfer_continue
 .time_critical.tinyusb
                0x200020ac      0x1bc CMakeFiles/USB_DEVICE_AND_KEYBOARD.dir/C_/Users/ASUS/.pico-sdk/sdk/1.5.1/lib/tinyusb/src/device/usbd.c.obj
                0x200020ac                dcd_event_handler
 .time_critical.tinyusb
                0x20002268       0x38 CMakeFiles/USB_DEVICE_AND_KEYBOARD.dir/C_/Users/ASUS/.pico-sdk/sdk/1.5.1/lib/tinyusb/src/host/usbh.c.obj
                0x20002268                hcd_event_handler
 *(.text*)
 .text          0x200022a0        0x4 c:/users/asus/.pico-sdk/toolchain/12_3_rel1/bin/../lib/gcc/arm-none-eabi/12.3.1/thumb/v6-m/nofp\libgcc.a(_dvmd_tls.o)
                0x200022a0                __aeabi_idiv0
                0x200022a0                __aeabi_ldiv0
 *fill*         0x200022a4        0x4 
 .text.__stub   0x200022a8      0x170 linker stubs
                0x20002418                        . = ALIGN (0x4)
 *(.rodata*)
                0x20002418                        . = ALIGN (0x4)
 *(.data*)
 .data.string_desc_arr
                0x20002418       0x14 CMakeFiles/USB_DEVICE_AND_KEYBOARD.dir/usb_descriptors.c.obj
                0x20002418                string_desc_arr
 .data.pio_host_cfg
                0x2000242c       0x10 CMakeFiles/USB_DEVICE_AND_KEYBOARD.dir/C_/Users/ASUS/.pico-sdk/sdk/1.5.1/lib/tinyusb/src/portable/raspberrypi/pio_usb/hcd_pio_usb.c.obj
 .data.striped_spin_lock_num
                0x2000243c        0x1 CMakeFiles/USB_DEVICE_AND_KEYBOARD.dir/C_/Users/ASUS/.pico-sdk/sdk/1.5.1/src/rp2_common/hardware_sync/sync.c.obj
 *fill*         0x2000243d        0x3 
 .data          0x20002440       0x48 CMakeFiles/USB_DEVICE_AND_KEYBOARD.dir/C_/Users/ASUS/.pico-sdk/sdk/1.5.1/src/rp2_common/hardware_irq/irq_handler_chain.S.obj