Archive member included to satisfy reference by file (symbol)

C:/Users/ASUS/.pico-sdk/toolchain/14_2_Rel1/bin/../lib/gcc/arm-none-eabi/14.2.1/thumb/v6-m/nofp\libgcc.a(_dvmd_tls.o)
                              CMakeFiles/USB_DEVICE_AND_KEYBOARD.dir/C_/Users/ASUS/.pico-sdk/sdk/2.2.0/src/rp2_common/pico_divider/divider_hardware.S.obj (__aeabi_idiv0)
C:/Users/ASUS/.pico-sdk/toolchain/14_2_Rel1/bin/../lib/gcc/arm-none-eabi/14.2.1/thumb/v6-m/nofp\libg.a(libc_a-calloc.o)
                              CMakeFiles/USB_DEVICE_AND_KEYBOARD.dir/C_/Users/ASUS/.pico-sdk/sdk/2.2.0/src/rp2_common/pico_malloc/malloc.c.obj (calloc)
C:/Users/ASUS/.pico-sdk/toolchain/14_2_Rel1/bin/../lib/gcc/arm-none-eabi/14.2.1/thumb/v6-m/nofp\libg.a(libc_a-callocr.o)
                              C:/Users/ASUS/.pico-sdk/toolchain/14_2_Rel1/bin/../lib/gcc/arm-none-eabi/14.2.1/thumb/v6-m/nofp\libg.a(libc_a-calloc.o) (_calloc_r)
C:/Users/ASUS/.pico-sdk/toolchain/14_2_Rel1/bin/../lib/gcc/arm-none-eabi/14.2.1/thumb/v6-m/nofp\libg.a(libc_a-malloc.o)
                              CMakeFiles/USB_DEVICE_AND_KEYBOARD.dir/C_/Users/ASUS/.pico-sdk/sdk/2.2.0/src/rp2_common/pico_malloc/malloc.c.obj (malloc)
C:/Users/ASUS/.pico-sdk/toolchain/14_2_Rel1/bin/../lib/gcc/arm-none-eabi/14.2.1/thumb/v6-m/nofp\libg.a(libc_a-mallocr.o)
                              C:/Users/ASUS/.pico-sdk/toolchain/14_2_Rel1/bin/../lib/gcc/arm-none-eabi/14.2.1/thumb/v6-m/nofp\libg.a(libc_a-callocr.o) (_malloc_r)
C:/Users/ASUS/.pico-sdk/toolchain/14_2_Rel1/bin/../lib/gcc/arm-none-eabi/14.2.1/thumb/v6-m/nofp\libg.a(libc_a-mlock.o)
                              C:/Users/ASUS/.pico-sdk/toolchain/14_2_Rel1/bin/../lib/gcc/arm-none-eabi/14.2.1/thumb/v6-m/nofp\libg.a(libc_a-mallocr.o) (__malloc_lock)
C:/Users/ASUS/.pico-sdk/toolchain/14_2_Rel1/bin/../lib/gcc/arm-none-eabi/14.2.1/thumb/v6-m/nofp\libg.a(libc_a-realloc.o)
                              CMakeFiles/USB_DEVICE_AND_KEYBOARD.dir/C_/Users/ASUS/.pico-sdk/sdk/2.2.0/src/rp2_common/pico_malloc/malloc.c.obj (realloc)
C:/Users/ASUS/.pico-sdk/toolchain/14_2_Rel1/bin/../lib/gcc/arm-none-eabi/14.2.1/thumb/v6-m/nofp\libg.a(libc_a-reallocr.o)
                              C:/Users/ASUS/.pico-sdk/toolchain/14_2_Rel1/bin/../lib/gcc/arm-none-eabi/14.2.1/thumb/v6-m/nofp\libg.a(libc_a-realloc.o) (_realloc_r)
C:/Users/ASUS/.pico-sdk/toolchain/14_2_Rel1/bin/../lib/gcc/arm-none-eabi/14.2.1/thumb/v6-m/nofp\libg.a(libc_a-memcmp.o)
                              CMakeFiles/USB_DEVICE_AND_KEYBOARD.dir/C_/Users/ASUS/.pico-sdk/sdk/2.2.0/src/rp2_common/pico_atomic/atomic.c.obj (memcmp)
C:/Users/ASUS/.pico-sdk/toolchain/14_2_Rel1/bin/../lib/gcc/arm-none-eabi/14.2.1/thumb/v6-m/nofp\libg.a(libc_a-memmove.o)
                              C:/Users/ASUS/.pico-sdk/toolchain/14_2_Rel1/bin/../lib/gcc/arm-none-eabi/14.2.1/thumb/v6-m/nofp\libg.a(libc_a-reallocr.o) (memmove)
C:/Users/ASUS/.pico-sdk/toolchain/14_2_Rel1/bin/../lib/gcc/arm-none-eabi/14.2.1/thumb/v6-m/nofp\libg.a(libc_a-lcltime_r.o)
                              CMakeFiles/USB_DEVICE_AND_KEYBOARD.dir/C_/Users/ASUS/.pico-sdk/sdk/2.2.0/src/common/pico_util/datetime.c.obj (localtime_r)
C:/Users/ASUS/.pico-sdk/toolchain/14_2_Rel1/bin/../lib/gcc/arm-none-eabi/14.2.1/thumb/v6-m/nofp\libg.a(libc_a-mktime.o)
                              CMakeFiles/USB_DEVICE_AND_KEYBOARD.dir/C_/Users/ASUS/.pico-sdk/sdk/2.2.0/src/common/pico_util/datetime.c.obj (mktime)
C:/Users/ASUS/.pico-sdk/toolchain/14_2_Rel1/bin/../lib/gcc/arm-none-eabi/14.2.1/thumb/v6-m/nofp\libg.a(libc_a-month_lengths.o)
                              C:/Users/ASUS/.pico-sdk/toolchain/14_2_Rel1/bin/../lib/gcc/arm-none-eabi/14.2.1/thumb/v6-m/nofp\libg.a(libc_a-lcltime_r.o) (__month_lengths)
C:/Users/ASUS/.pico-sdk/toolchain/14_2_Rel1/bin/../lib/gcc/arm-none-eabi/14.2.1/thumb/v6-m/nofp\libg.a(libc_a-tzcalc_limits.o)
                              C:/Users/ASUS/.pico-sdk/toolchain/14_2_Rel1/bin/../lib/gcc/arm-none-eabi/14.2.1/thumb/v6-m/nofp\libg.a(libc_a-lcltime_r.o) (__tzcalc_limits)
C:/Users/ASUS/.pico-sdk/toolchain/14_2_Rel1/bin/../lib/gcc/arm-none-eabi/14.2.1/thumb/v6-m/nofp\libg.a(libc_a-tzlock.o)
                              C:/Users/ASUS/.pico-sdk/toolchain/14_2_Rel1/bin/../lib/gcc/arm-none-eabi/14.2.1/thumb/v6-m/nofp\libg.a(libc_a-lcltime_r.o) (__tz_lock)
C:/Users/ASUS/.pico-sdk/toolchain/14_2_Rel1/bin/../lib/gcc/arm-none-eabi/14.2.1/thumb/v6-m/nofp\libg.a(libc_a-tzset.o)
                              C:/Users/ASUS/.pico-sdk/toolchain/14_2_Rel1/bin/../lib/gcc/arm-none-eabi/14.2.1/thumb/v6-m/nofp\libg.a(libc_a-lcltime_r.o) (_tzset_unlocked)
C:/Users/ASUS/.pico-sdk/toolchain/14_2_Rel1/bin/../lib/gcc/arm-none-eabi/14.2.1/thumb/v6-m/nofp\libg.a(libc_a-tzset_r.o)
                              C:/Users/ASUS/.pico-sdk/toolchain/14_2_Rel1/bin/../lib/gcc/arm-none-eabi/14.2.1/thumb/v6-m/nofp\libg.a(libc_a-tzset.o) (_tzset_unlocked_r)
C:/Users/ASUS/.pico-sdk/toolchain/14_2_Rel1/bin/../lib/gcc/arm-none-eabi/14.2.1/thumb/v6-m/nofp\libg.a(libc_a-tzvars.o)
[...]
Memory Configuration

Name             Origin             Length             Attributes
FLASH            0x10000000         0x00200000         xr
RAM              0x20000000         0x00040000         xrw
SCRATCH_X        0x20040000         0x00001000         xrw
SCRATCH_Y        0x20041000         0x00001000         xrw
*default*        0x00000000         0xffffffff

Linker script and memory map

LOAD C:/Users/ASUS/.pico-sdk/toolchain/14_2_Rel1/bin/../lib/gcc/arm-none-eabi/14.2.1/thumb/v6-m/nofp/crti.o
LOAD C:/Users/ASUS/.pico-sdk/toolchain/14_2_Rel1/bin/../lib/gcc/arm-none-eabi/14.2.1/thumb/v6-m/nofp/crtbegin.o
LOAD C:/Users/ASUS/.pico-sdk/toolchain/14_2_Rel1/bin/../lib/gcc/arm-none-eabi/14.2.1/thumb/v6-m/nofp/crt0.o

.flash_begin    0x10000000        0x0
                0x10000000                        __flash_binary_start = .

.boot2          0x10000000      0x100
                0x10000000                        __boot2_start__ = .
 *(.boot2)
 .boot2         0x10000000      0x100 pico-sdk/src/rp2040/boot_stage2/CMakeFiles/bs2_default_library.dir/./bs2_default_padded_checksummed.S.obj
                0x10000100                        __boot2_end__ = .
                0x00000001                        ASSERT (((__boot2_end__ - __boot2_start__) == 0x100), ERROR: Pico second stage bootloader must be 256 bytes in size)

.text           0x10000100     0xa400
                0x10000100                        __logical_binary_start = .
 *(.vectors)
 .vectors       0x10000100       0xd4 CMakeFiles/USB_DEVICE_AND_KEYBOARD.dir/C_/Users/ASUS/.pico-sdk/sdk/2.2.0/src/rp2_common/pico_crt0/crt0.S.obj
                0x10000100                __VECTOR_TABLE
                0x10000100                __vectors
                0x100001c0                isr_irq13
                0x100001c0                isr_irq27
                0x100001c0                isr_irq31
                0x100001c0                isr_irq12
                0x100001c0                isr_irq5
                0x100001c0                isr_irq11
                0x100001c0                isr_irq3
                0x100001c0                isr_irq23
                0x100001c0                __unhandled_user_irq
                0x100001c0                isr_irq26
                0x100001c0                isr_irq28
                0x100001c0                isr_irq19
                0x100001c0                isr_irq0
                0x100001c0                isr_irq6
                0x100001c0                isr_irq29
                0x100001c0                isr_irq16
                0x100001c0                isr_irq22
                0x100001c0                isr_irq18
                0x100001c0                isr_irq17
                0x100001c0                isr_irq14
                0x100001c0                __vectors_end
                0x100001c0                __default_isrs_start
                0x100001c0                isr_irq2
                0x100001c0                isr_irq10
                0x100001c0                isr_irq8
                0x100001c0                isr_irq24
                0x100001c0                isr_irq1
                0x100001c0                isr_irq7
                0x100001c0                isr_irq21
                0x100001c0                isr_irq20
                0x100001c0                isr_irq15
                0x100001c0                isr_irq25
                0x100001c0                isr_irq4
                0x100001c0                isr_irq30
                0x100001c0                isr_irq9
                0x100001c6                unhandled_user_irq_num_in_r0
                0x100001c8                isr_invalid
                0x100001ca                isr_nmi
                0x100001cc                isr_hardfault
                0x100001ce                isr_svcall
                0x100001d0                isr_pendsv
                0x100001d2                isr_systick
                0x100001d4                __default_isrs_end
 *(.binary_info_header)
 .binary_info_header
                0x100001d4       0x14 CMakeFiles/USB_DEVICE_AND_KEYBOARD.dir/C_/Users/ASUS/.pico-sdk/sdk/2.2.0/src/rp2_common/pico_crt0/crt0.S.obj
                0x100001e8                        __binary_info_header_end = .
 *(.embedded_block)
                0x100001e8                        __embedded_block_end = .
 *(.reset)
 .reset         0x100001e8       0x9c CMakeFiles/USB_DEVICE_AND_KEYBOARD.dir/C_/Users/ASUS/.pico-sdk/sdk/2.2.0/src/rp2_common/pico_crt0/crt0.S.obj
                0x100001e8                _entry_point
 *(.init)
 .init          0x10000284        0x4 C:/Users/ASUS/.pico-sdk/toolchain/14_2_Rel1/bin/../lib/gcc/arm-none-eabi/14.2.1/thumb/v6-m/nofp/crti.o
                0x10000284                _init
 *(EXCLUDE_FILE(*libm.a: *libc.a:*lib_a-mem*.o *libgcc.a:) .text*)
 .text.register_tm_clones
                0x10000288       0x28 C:/Users/ASUS/.pico-sdk/toolchain/14_2_Rel1/bin/../lib/gcc/arm-none-eabi/14.2.1/thumb/v6-m/nofp/crtbegin.o
 .text.frame_dummy
                0x100002b0       0x24 C:/Users/ASUS/.pico-sdk/toolchain/14_2_Rel1/bin/../lib/gcc/arm-none-eabi/14.2.1/thumb/v6-m/nofp/crtbegin.o
 .text.startup.main
                0x100002d4       0x64 CMakeFiles/USB_DEVICE_AND_KEYBOARD.dir/main_device.c.obj
                0x100002d4                main
 .text.tud_cdc_rx_cb
                0x10000338       0x14 CMakeFiles/USB_DEVICE_AND_KEYBOARD.dir/main_device.c.obj
                0x10000338                tud_cdc_rx_cb
 .text.core1_main
                0x1000034c       0x6c CMakeFiles/USB_DEVICE_AND_KEYBOARD.dir/main_host.c.obj
                0x1000034c                core1_main
 .text.tuh_hid_mount_cb
                0x100003b8       0x94 CMakeFiles/USB_DEVICE_AND_KEYBOARD.dir/main_host.c.obj
                0x100003b8                tuh_hid_mount_cb
 .text.tuh_hid_umount_cb
                0x1000044c       0x2c CMakeFiles/USB_DEVICE_AND_KEYBOARD.dir/main_host.c.obj
                0x1000044c                tuh_hid_umount_cb
 .text.tuh_hid_report_received_cb
                0x10000478      0x4d8 CMakeFiles/USB_DEVICE_AND_KEYBOARD.dir/main_host.c.obj
                0x10000478                tuh_hid_report_received_cb
 .text.tud_descriptor_device_cb
                0x10000950        0x8 CMakeFiles/USB_DEVICE_AND_KEYBOARD.dir/usb_descriptors.c.obj
                0x10000950                tud_descriptor_device_cb
 .text.tud_descriptor_configuration_cb
                0x10000958        0x8 CMakeFiles/USB_DEVICE_AND_KEYBOARD.dir/usb_descriptors.c.obj
                0x10000958                tud_descriptor_configuration_cb
 .text.tud_descriptor_string_cb
                0x10000960       0x74 CMakeFiles/USB_DEVICE_AND_KEYBOARD.dir/usb_descriptors.c.obj
                0x10000960                tud_descriptor_string_cb
 .text.tud_hid_descriptor_report_cb
                0x100009d4        0x8 CMakeFiles/USB_DEVICE_AND_KEYBOARD.dir/usb_descriptors.c.obj
                0x100009d4                tud_hid_descriptor_report_cb
 .text.tud_hid_set_report_cb
                0x100009dc        0x4 CMakeFiles/USB_DEVICE_AND_KEYBOARD.dir/usb_descriptors.c.obj
                0x100009dc                tud_hid_set_report_cb
 .text.tud_hid_get_report_cb
                0x100009e0        0x4 CMakeFiles/USB_DEVICE_AND_KEYBOARD.dir/usb_descriptors.c.obj
                0x100009e0                tud_hid_get_report_cb
 .text.tud_hid_report_complete_cb
                0x100009e4        0x4 CMakeFiles/USB_DEVICE_AND_KEYBOARD.dir/usb_descriptors.c.obj
                0x100009e4                tud_hid_report_complete_cb
 .text.hcd_configure
                0x100009e8       0x20 CMakeFiles/USB_DEVICE_AND_KEYBOARD.dir/C_/Users/ASUS/.pico-sdk/sdk/2.2.0/lib/tinyusb/src/portable/raspberrypi/pio_usb/hcd_pio_usb.c.obj
                0x100009e8                hcd_configure
 .text.hcd_init
                0x10000a08       0x10 CMakeFiles/USB_DEVICE_AND_KEYBOARD.dir/C_/Users/ASUS/.pico-sdk/sdk/2.2.0/lib/tinyusb/src/portable/raspberrypi/pio_usb/hcd_pio_usb.c.obj
                0x10000a08                hcd_init
 .text.hcd_port_reset
                0x10000a18        0xc CMakeFiles/USB_DEVICE_AND_KEYBOARD.dir/C_/Users/ASUS/.pico-sdk/sdk/2.2.0/lib/tinyusb/src/portable/raspberrypi/pio_usb/hcd_pio_usb.c.obj
                0x10000a18                hcd_port_reset
 .text.hcd_port_reset_end
                0x10000a24        0xc CMakeFiles/USB_DEVICE_AND_KEYBOARD.dir/C_/Users/ASUS/.pico-sdk/sdk/2.2.0/lib/tinyusb/src/portable/raspberrypi/pio_usb/hcd_pio_usb.c.obj
                0x10000a24                hcd_port_reset_end
 .text.hcd_port_connect_status
                0x10000a30       0x40 CMakeFiles/USB_DEVICE_AND_KEYBOARD.dir/C_/Users/ASUS/.pico-sdk/sdk/2.2.0/lib/tinyusb/src/portable/raspberrypi/pio_usb/hcd_pio_usb.c.obj
                0x10000a30                hcd_port_connect_status
 .text.hcd_port_speed_get
                0x10000a70       0x1c CMakeFiles/USB_DEVICE_AND_KEYBOARD.dir/C_/Users/ASUS/.pico-sdk/sdk/2.2.0/lib/tinyusb/src/portable/raspberrypi/pio_usb/hcd_pio_usb.c.obj
                0x10000a70                hcd_port_speed_get
 .text.hcd_device_close
                0x10000a8c        0xc CMakeFiles/USB_DEVICE_AND_KEYBOARD.dir/C_/Users/ASUS/.pico-sdk/sdk/2.2.0/lib/tinyusb/src/portable/raspberrypi/pio_usb/hcd_pio_usb.c.obj
                0x10000a8c                hcd_device_close
 .text.hcd_int_enable
                0x10000a98        0x4 CMakeFiles/USB_DEVICE_AND_KEYBOARD.dir/C_/Users/ASUS/.pico-sdk/sdk/2.2.0/lib/tinyusb/src/portable/raspberrypi/pio_usb/hcd_pio_usb.c.obj
                0x10000a98                hcd_int_enable
 .text.hcd_edpt_open
                0x10000a9c       0x38 CMakeFiles/USB_DEVICE_AND_KEYBOARD.dir/C_/Users/ASUS/.pico-sdk/sdk/2.2.0/lib/tinyusb/src/portable/raspberrypi/pio_usb/hcd_pio_usb.c.obj
                0x10000a9c                hcd_edpt_open
 .text.hcd_edpt_xfer
                0x10000ad4       0x18 CMakeFiles/USB_DEVICE_AND_KEYBOARD.dir/C_/Users/ASUS/.pico-sdk/sdk/2.2.0/lib/tinyusb/src/portable/raspberrypi/pio_usb/hcd_pio_usb.c.obj
                0x10000ad4                hcd_edpt_xfer
 .text.hcd_edpt_abort_xfer
                0x10000aec        0xc CMakeFiles/USB_DEVICE_AND_KEYBOARD.dir/C_/Users/ASUS/.pico-sdk/sdk/2.2.0/lib/tinyusb/src/portable/raspberrypi/pio_usb/hcd_pio_usb.c.obj
                0x10000aec                hcd_edpt_abort_xfer
 .text.hcd_setup_send
                0x10000af8        0xc CMakeFiles/USB_DEVICE_AND_KEYBOARD.dir/C_/Users/ASUS/.pico-sdk/sdk/2.2.0/lib/tinyusb/src/portable/raspberrypi/pio_usb/hcd_pio_usb.c.obj
                0x10000af8                hcd_setup_send
 .text.gpio_set_function
                0x10000b04       0x34 CMakeFiles/USB_DEVICE_AND_KEYBOARD.dir/C_/Users/ASUS/.pico-sdk/sdk/2.2.0/src/rp2_common/hardware_gpio/gpio.c.obj
                0x10000b04                gpio_set_function
 .text.gpio_set_pulls
                0x10000b38       0x28 CMakeFiles/USB_DEVICE_AND_KEYBOARD.dir/C_/Users/ASUS/.pico-sdk/sdk/2.2.0/src/rp2_common/hardware_gpio/gpio.c.obj
                0x10000b38                gpio_set_pulls
 .text.gpio_set_inover
                0x10000b60       0x24 CMakeFiles/USB_DEVICE_AND_KEYBOARD.dir/C_/Users/ASUS/.pico-sdk/sdk/2.2.0/src/rp2_common/hardware_gpio/gpio.c.obj
                0x10000b60                gpio_set_inover
 .text.gpio_set_outover
                0x10000b84       0x24 CMakeFiles/USB_DEVICE_AND_KEYBOARD.dir/C_/Users/ASUS/.pico-sdk/sdk/2.2.0/src/rp2_common/hardware_gpio/gpio.c.obj
                0x10000b84                gpio_set_outover
 .text.gpio_set_oeover
                0x10000ba8       0x24 CMakeFiles/USB_DEVICE_AND_KEYBOARD.dir/C_/Users/ASUS/.pico-sdk/sdk/2.2.0/src/rp2_common/hardware_gpio/gpio.c.obj
                0x10000ba8                gpio_set_oeover
 .text.gpio_set_slew_rate
                0x10000bcc       0x20 CMakeFiles/USB_DEVICE_AND_KEYBOARD.dir/C_/Users/ASUS/.pico-sdk/sdk/2.2.0/src/rp2_common/hardware_gpio/gpio.c.obj
                0x10000bcc                gpio_set_slew_rate
 .text.gpio_set_drive_strength
                0x10000bec       0x24 CMakeFiles/USB_DEVICE_AND_KEYBOARD.dir/C_/Users/ASUS/.pico-sdk/sdk/2.2.0/src/rp2_common/hardware_gpio/gpio.c.obj
                0x10000bec                gpio_set_drive_strength
 .text.gpio_init
                0x10000c10       0x40 CMakeFiles/USB_DEVICE_AND_KEYBOARD.dir/C_/Users/ASUS/.pico-sdk/sdk/2.2.0/src/rp2_common/hardware_gpio/gpio.c.obj
                0x10000c10                gpio_init
 .text.rp2040_chip_version
                0x10000c50        0xc CMakeFiles/USB_DEVICE_AND_KEYBOARD.dir/C_/Users/ASUS/.pico-sdk/sdk/2.2.0/src/rp2040/pico_platform/platform.c.obj
                0x10000c50                rp2040_chip_version
 .text.panic    0x10000c5c       0x30 CMakeFiles/USB_DEVICE_AND_KEYBOARD.dir/C_/Users/ASUS/.pico-sdk/sdk/2.2.0/src/rp2_common/pico_platform_panic/panic.c.obj
                0x10000c5c                panic
 .text.hw_claim_lock
                0x10000c8c       0x18 CMakeFiles/USB_DEVICE_AND_KEYBOARD.dir/C_/Users/ASUS/.pico-sdk/sdk/2.2.0/src/common/hardware_claim/claim.c.obj
                0x10000c8c                hw_claim_lock
 .text.hw_claim_unlock
                0x10000ca4       0x14 CMakeFiles/USB_DEVICE_AND_KEYBOARD.dir/C_/Users/ASUS/.pico-sdk/sdk/2.2.0/src/common/hardware_claim/claim.c.obj
                0x10000ca4                hw_claim_unlock
 .text.hw_claim_or_assert
                0x10000cb8       0x44 CMakeFiles/USB_DEVICE_AND_KEYBOARD.dir/C_/Users/ASUS/.pico-sdk/sdk/2.2.0/src/common/hardware_claim/claim.c.obj
                0x10000cb8                hw_claim_or_assert
 .text.hw_claim_unused_from_range
                0x10000cfc       0x88 CMakeFiles/USB_DEVICE_AND_KEYBOARD.dir/C_/Users/ASUS/.pico-sdk/sdk/2.2.0/src/common/hardware_claim/claim.c.obj
                0x10000cfc                hw_claim_unused_from_range
 .text.next_striped_spin_lock_num
                0x10000d84       0x18 CMakeFiles/USB_DEVICE_AND_KEYBOARD.dir/C_/Users/ASUS/.pico-sdk/sdk/2.2.0/src/rp2_common/hardware_sync/sync.c.obj
                0x10000d84                next_striped_spin_lock_num
 .text.spin_lock_claim_unused
                0x10000d9c       0x24 CMakeFiles/USB_DEVICE_AND_KEYBOARD.dir/C_/Users/ASUS/.pico-sdk/sdk/2.2.0/src/rp2_common/hardware_sync/sync.c.obj
                0x10000d9c                spin_lock_claim_unused
 .text.spin_locks_reset
                0x10000dc0       0x1c CMakeFiles/USB_DEVICE_AND_KEYBOARD.dir/C_/Users/ASUS/.pico-sdk/sdk/2.2.0/src/rp2_common/hardware_sync_spin_lock/sync_spin_lock.c.obj
                0x10000dc0                spin_locks_reset
 .text.runtime_init_per_core_irq_priorities
                0x10000ddc       0x24 CMakeFiles/USB_DEVICE_AND_KEYBOARD.dir/C_/Users/ASUS/.pico-sdk/sdk/2.2.0/src/rp2_common/hardware_irq/irq.c.obj
                0x10000ddc                runtime_init_per_core_irq_priorities
 .text.irq_set_enabled
                0x10000e00       0x24 CMakeFiles/USB_DEVICE_AND_KEYBOARD.dir/C_/Users/ASUS/.pico-sdk/sdk/2.2.0/src/rp2_common/hardware_irq/irq.c.obj
                0x10000e00                irq_set_enabled
 .text.irq_is_enabled
                0x10000e24       0x18 CMakeFiles/USB_DEVICE_AND_KEYBOARD.dir/C_/Users/ASUS/.pico-sdk/sdk/2.2.0/src/rp2_common/hardware_irq/irq.c.obj
                0x10000e24                irq_is_enabled
 .text.irq_set_exclusive_handler
                0x10000e3c       0x54 CMakeFiles/USB_DEVICE_AND_KEYBOARD.dir/C_/Users/ASUS/.pico-sdk/sdk/2.2.0/src/rp2_common/hardware_irq/irq.c.obj
                0x10000e3c                irq_set_exclusive_handler
 .text.irq_add_shared_handler
                0x10000e90      0x1f4 CMakeFiles/USB_DEVICE_AND_KEYBOARD.dir/C_/Users/ASUS/.pico-sdk/sdk/2.2.0/src/rp2_common/hardware_irq/irq.c.obj
                0x10000e90                irq_add_shared_handler
 .text.irq_add_tail_to_free_list
                0x10001084       0xb4 CMakeFiles/USB_DEVICE_AND_KEYBOARD.dir/C_/Users/ASUS/.pico-sdk/sdk/2.2.0/src/rp2_common/hardware_irq/irq.c.obj
                0x10001084                irq_add_tail_to_free_list
 .text.lock_init
                0x10001138       0x10 CMakeFiles/USB_DEVICE_AND_KEYBOARD.dir/C_/Users/ASUS/.pico-sdk/sdk/2.2.0/src/common/pico_sync/lock_core.c.obj
                0x10001138                lock_init
 .text.runtime_init_mutex
                0x10001148       0x50 CMakeFiles/USB_DEVICE_AND_KEYBOARD.dir/C_/Users/ASUS/.pico-sdk/sdk/2.2.0/src/common/pico_sync/mutex.c.obj
                0x10001148                runtime_init_mutex
 .text.mutex_init
                0x10001198       0x1c CMakeFiles/USB_DEVICE_AND_KEYBOARD.dir/C_/Users/ASUS/.pico-sdk/sdk/2.2.0/src/common/pico_sync/mutex.c.obj
                0x10001198                mutex_init
 .text.critical_section_init
                0x100011b4       0x1c CMakeFiles/USB_DEVICE_AND_KEYBOARD.dir/C_/Users/ASUS/.pico-sdk/sdk/2.2.0/src/common/pico_sync/critical_section.c.obj
                0x100011b4                critical_section_init
 .text.sleep_until_callback
                0x100011d0       0x30 CMakeFiles/USB_DEVICE_AND_KEYBOARD.dir/C_/Users/ASUS/.pico-sdk/sdk/2.2.0/src/common/pico_time/time.c.obj
 .text.alarm_pool_irq_handler
                0x10001200      0x300 CMakeFiles/USB_DEVICE_AND_KEYBOARD.dir/C_/Users/ASUS/.pico-sdk/sdk/2.2.0/src/common/pico_time/time.c.obj
 .text.runtime_init_default_alarm_pool
                0x10001500       0xdc CMakeFiles/USB_DEVICE_AND_KEYBOARD.dir/C_/Users/ASUS/.pico-sdk/sdk/2.2.0/src/common/pico_time/time.c.obj
                0x10001500                runtime_init_default_alarm_pool
 .text.alarm_pool_create_on_timer
                0x100015dc       0xb4 CMakeFiles/USB_DEVICE_AND_KEYBOARD.dir/C_/Users/ASUS/.pico-sdk/sdk/2.2.0/src/common/pico_time/time.c.obj
                0x100015dc                alarm_pool_create_on_timer
 .text.alarm_pool_add_alarm_at_force_in_context
                0x10001690       0xb0 CMakeFiles/USB_DEVICE_AND_KEYBOARD.dir/C_/Users/ASUS/.pico-sdk/sdk/2.2.0/src/common/pico_time/time.c.obj
                0x10001690                alarm_pool_add_alarm_at_force_in_context
 .text.alarm_pool_cancel_alarm
                0x10001740       0x74 CMakeFiles/USB_DEVICE_AND_KEYBOARD.dir/C_/Users/ASUS/.pico-sdk/sdk/2.2.0/src/common/pico_time/time.c.obj
                0x10001740                alarm_pool_cancel_alarm
 .text.sleep_ms
                0x100017b4       0xfc CMakeFiles/USB_DEVICE_AND_KEYBOARD.dir/C_/Users/ASUS/.pico-sdk/sdk/2.2.0/src/common/pico_time/time.c.obj
                0x100017b4                sleep_ms
 .text.best_effort_wfe_or_timeout
                0x100018b0      0x10c CMakeFiles/USB_DEVICE_AND_KEYBOARD.dir/C_/Users/ASUS/.pico-sdk/sdk/2.2.0/src/common/pico_time/time.c.obj
                0x100018b0                best_effort_wfe_or_timeout
 .text.alarm_pool_add_repeating_timer_us
                0x100019bc      0x124 CMakeFiles/USB_DEVICE_AND_KEYBOARD.dir/C_/Users/ASUS/.pico-sdk/sdk/2.2.0/src/common/pico_time/time.c.obj
                0x100019bc                alarm_pool_add_repeating_timer_us
 .text.alarm_pool_get_default_timer
                0x10001ae0        0x8 CMakeFiles/USB_DEVICE_AND_KEYBOARD.dir/C_/Users/ASUS/.pico-sdk/sdk/2.2.0/src/common/pico_time/time.c.obj
                0x10001ae0                alarm_pool_get_default_timer
 .text.timer_hardware_alarm_claim
                0x10001ae8       0x14 CMakeFiles/USB_DEVICE_AND_KEYBOARD.dir/C_/Users/ASUS/.pico-sdk/sdk/2.2.0/src/rp2_common/hardware_timer/timer.c.obj
                0x10001ae8                timer_hardware_alarm_claim
 .text.timer_time_us_64
                0x10001afc       0x10 CMakeFiles/USB_DEVICE_AND_KEYBOARD.dir/C_/Users/ASUS/.pico-sdk/sdk/2.2.0/src/rp2_common/hardware_timer/timer.c.obj
                0x10001afc                timer_time_us_64
 .text.time_us_64
                0x10001b0c       0x14 CMakeFiles/USB_DEVICE_AND_KEYBOARD.dir/C_/Users/ASUS/.pico-sdk/sdk/2.2.0/src/rp2_common/hardware_timer/timer.c.obj
                0x10001b0c                time_us_64
 .text.busy_wait_us
                0x10001b20       0x68 CMakeFiles/USB_DEVICE_AND_KEYBOARD.dir/C_/Users/ASUS/.pico-sdk/sdk/2.2.0/src/rp2_common/hardware_timer/timer.c.obj
                0x10001b20                busy_wait_us
 .text.busy_wait_ms
                0x10001b88       0x9c CMakeFiles/USB_DEVICE_AND_KEYBOARD.dir/C_/Users/ASUS/.pico-sdk/sdk/2.2.0/src/rp2_common/hardware_timer/timer.c.obj
                0x10001b88                busy_wait_ms
 .text.busy_wait_until
                0x10001c24       0x20 CMakeFiles/USB_DEVICE_AND_KEYBOARD.dir/C_/Users/ASUS/.pico-sdk/sdk/2.2.0/src/rp2_common/hardware_timer/timer.c.obj
                0x10001c24                busy_wait_until
 .text.clock_configure_int_divider
                0x10001c44       0xf4 CMakeFiles/USB_DEVICE_AND_KEYBOARD.dir/C_/Users/ASUS/.pico-sdk/sdk/2.2.0/src/rp2_common/hardware_clocks/clocks.c.obj
                0x10001c44                clock_configure_int_divider
 .text.clock_configure_undivided
                0x10001d38       0xe8 CMakeFiles/USB_DEVICE_AND_KEYBOARD.dir/C_/Users/ASUS/.pico-sdk/sdk/2.2.0/src/rp2_common/hardware_clocks/clocks.c.obj
                0x10001d38                clock_configure_undivided
 .text.clock_get_hz
                0x10001e20        0xc CMakeFiles/USB_DEVICE_AND_KEYBOARD.dir/C_/Users/ASUS/.pico-sdk/sdk/2.2.0/src/rp2_common/hardware_clocks/clocks.c.obj
                0x10001e20                clock_get_hz
 .text.set_sys_clock_pll
                0x10001e2c      0x1b8 CMakeFiles/USB_DEVICE_AND_KEYBOARD.dir/C_/Users/ASUS/.pico-sdk/sdk/2.2.0/src/rp2_common/hardware_clocks/clocks.c.obj
                0x10001e2c                set_sys_clock_pll
 .text.check_sys_clock_khz
                0x10001fe4      0x26c CMakeFiles/USB_DEVICE_AND_KEYBOARD.dir/C_/Users/ASUS/.pico-sdk/sdk/2.2.0/src/rp2_common/hardware_clocks/clocks.c.obj
                0x10001fe4                check_sys_clock_khz
 .text.pll_init
                0x10002250       0xa4 CMakeFiles/USB_DEVICE_AND_KEYBOARD.dir/C_/Users/ASUS/.pico-sdk/sdk/2.2.0/src/rp2_common/hardware_pll/pll.c.obj
                0x10002250                pll_init
 .text.tick_start
                0x100022f4       0x10 CMakeFiles/USB_DEVICE_AND_KEYBOARD.dir/C_/Users/ASUS/.pico-sdk/sdk/2.2.0/src/rp2_common/hardware_ticks/ticks.c.obj
                0x100022f4                tick_start
 .text.rom_func_lookup
                0x10002304       0x10 CMakeFiles/USB_DEVICE_AND_KEYBOARD.dir/C_/Users/ASUS/.pico-sdk/sdk/2.2.0/src/rp2_common/pico_bootrom/bootrom.c.obj
                0x10002304                rom_func_lookup
 .text.rom_data_lookup
                0x10002314       0x10 CMakeFiles/USB_DEVICE_AND_KEYBOARD.dir/C_/Users/ASUS/.pico-sdk/sdk/2.2.0/src/rp2_common/pico_bootrom/bootrom.c.obj
                0x10002314                rom_data_lookup
 .text.rom_funcs_lookup
                0x10002324       0x44 CMakeFiles/USB_DEVICE_AND_KEYBOARD.dir/C_/Users/ASUS/.pico-sdk/sdk/2.2.0/src/rp2_common/pico_bootrom/bootrom.c.obj
                0x10002324                rom_funcs_lookup
 .text.xosc_init
                0x10002368       0x28 CMakeFiles/USB_DEVICE_AND_KEYBOARD.dir/C_/Users/ASUS/.pico-sdk/sdk/2.2.0/src/rp2_common/hardware_xosc/xosc.c.obj
                0x10002368                xosc_init
 .text.first_per_core_initializer
                0x10002390        0x4 CMakeFiles/USB_DEVICE_AND_KEYBOARD.dir/C_/Users/ASUS/.pico-sdk/sdk/2.2.0/src/rp2_common/pico_runtime/runtime.c.obj
 .text.hard_assertion_failure
                0x10002394        0xc CMakeFiles/USB_DEVICE_AND_KEYBOARD.dir/C_/Users/ASUS/.pico-sdk/sdk/2.2.0/src/rp2_common/pico_runtime/runtime.c.obj
                0x10002394                hard_assertion_failure
 .text.runtime_run_initializers
                0x100023a0       0x28 CMakeFiles/USB_DEVICE_AND_KEYBOARD.dir/C_/Users/ASUS/.pico-sdk/sdk/2.2.0/src/rp2_common/pico_runtime/runtime.c.obj
                0x100023a0                runtime_run_initializers
 .text.runtime_run_per_core_initializers
                0x100023c8       0x28 CMakeFiles/USB_DEVICE_AND_KEYBOARD.dir/C_/Users/ASUS/.pico-sdk/sdk/2.2.0/src/rp2_common/pico_runtime/runtime.c.obj
                0x100023c8                runtime_run_per_core_initializers
 .text.runtime_init_early_resets
                0x100023f0       0x2c CMakeFiles/USB_DEVICE_AND_KEYBOARD.dir/C_/Users/ASUS/.pico-sdk/sdk/2.2.0/src/rp2_common/pico_runtime_init/runtime_init.c.obj
                0x100023f0                runtime_init_early_resets
 .text.runtime_init_usb_power_down
                0x1000241c       0x1c CMakeFiles/USB_DEVICE_AND_KEYBOARD.dir/C_/Users/ASUS/.pico-sdk/sdk/2.2.0/src/rp2_common/pico_runtime_init/runtime_init.c.obj
                0x1000241c                runtime_init_usb_power_down
 .text.runtime_init_post_clock_resets
                0x10002438       0x20 CMakeFiles/USB_DEVICE_AND_KEYBOARD.dir/C_/Users/ASUS/.pico-sdk/sdk/2.2.0/src/rp2_common/pico_runtime_init/runtime_init.c.obj
                0x10002438                runtime_init_post_clock_resets
 .text.runtime_init_rp2040_gpio_ie_disable
                0x10002458       0x14 CMakeFiles/USB_DEVICE_AND_KEYBOARD.dir/C_/Users/ASUS/.pico-sdk/sdk/2.2.0/src/rp2_common/pico_runtime_init/runtime_init.c.obj
                0x10002458                runtime_init_rp2040_gpio_ie_disable
 .text.runtime_init_spin_locks_reset
                0x1000246c        0x8 CMakeFiles/USB_DEVICE_AND_KEYBOARD.dir/C_/Users/ASUS/.pico-sdk/sdk/2.2.0/src/rp2_common/pico_runtime_init/runtime_init.c.obj
                0x1000246c                runtime_init_spin_locks_reset
 .text.runtime_init_install_ram_vector_table
                0x10002474       0xb4 CMakeFiles/USB_DEVICE_AND_KEYBOARD.dir/C_/Users/ASUS/.pico-sdk/sdk/2.2.0/src/rp2_common/pico_runtime_init/runtime_init.c.obj
                0x10002474                runtime_init_install_ram_vector_table
 .text.runtime_init_clocks
                0x10002528       0xd8 CMakeFiles/USB_DEVICE_AND_KEYBOARD.dir/C_/Users/ASUS/.pico-sdk/sdk/2.2.0/src/rp2_common/pico_runtime_init/runtime_init_clocks.c.obj
                0x10002528                runtime_init_clocks
 .text          0x10002600       0x10 CMakeFiles/USB_DEVICE_AND_KEYBOARD.dir/C_/Users/ASUS/.pico-sdk/sdk/2.2.0/src/rp2_common/pico_bit_ops/bit_ops_aeabi.S.obj
 .text.ctzsi    0x10002610        0xc CMakeFiles/USB_DEVICE_AND_KEYBOARD.dir/C_/Users/ASUS/.pico-sdk/sdk/2.2.0/src/rp2_common/pico_bit_ops/bit_ops_aeabi.S.obj
                0x10002610                __wrap___ctzsi2
 .text.__wrap___aeabi_idiv
                0x1000261c       0x50 CMakeFiles/USB_DEVICE_AND_KEYBOARD.dir/C_/Users/ASUS/.pico-sdk/sdk/2.2.0/src/rp2_common/pico_divider/divider_hardware.S.obj
                0x1000261c                __wrap___aeabi_idivmod
                0x1000261c                divmod_s32s32
                0x1000261c                div_s32s32
                0x1000261c                __wrap___aeabi_idiv
                0x10002624                divmod_s32s32_unsafe
                0x10002650                divmod_s32s32_savestate
 .text.__wrap___aeabi_uidiv
                0x1000266c       0x4c CMakeFiles/USB_DEVICE_AND_KEYBOARD.dir/C_/Users/ASUS/.pico-sdk/sdk/2.2.0/src/rp2_common/pico_divider/divider_hardware.S.obj
                0x1000266c                __wrap___aeabi_uidiv
                0x1000266c                __wrap___aeabi_uidivmod
                0x1000266c                div_u32u32
                0x1000266c                divmod_u32u32
                0x10002674                divmod_u32u32_unsafe
                0x1000269c                divmod_u32u32_savestate
 .text.__wrap___aeabi_ldiv
                0x100026b8      0x424 CMakeFiles/USB_DEVICE_AND_KEYBOARD.dir/C_/Users/ASUS/.pico-sdk/sdk/2.2.0/src/rp2_common/pico_divider/divider_hardware.S.obj
                0x100026b8                div_s64s64
                0x100026b8                divmod_s64s64
                0x100026b8                __wrap___aeabi_ldivmod
                0x100026e8                divmod_u64u64
                0x100026e8                div_u64u64
                0x100026e8                __wrap___aeabi_uldivmod
                0x100026f8                divmod_u64u64_savestate
                0x10002718                divmod_s64s64_unsafe
                0x100027a0                divmod_u64u64_unsafe
 .text.__wrap___aeabi_darithmetic
                0x10002adc       0x60 CMakeFiles/USB_DEVICE_AND_KEYBOARD.dir/C_/Users/ASUS/.pico-sdk/sdk/2.2.0/src/rp2_common/pico_double/double_aeabi_rp2040.S.obj
                0x10002adc                __wrap___aeabi_drsub
                0x10002ae2                __wrap___aeabi_dsub
                0x10002aec                __wrap___aeabi_dadd
                0x10002af6                __wrap___aeabi_ddiv
                0x10002b2a                __wrap___aeabi_dmul
 .text.__wrap___aeabi_cdcmple
                0x10002b3c       0x6c CMakeFiles/USB_DEVICE_AND_KEYBOARD.dir/C_/Users/ASUS/.pico-sdk/sdk/2.2.0/src/rp2_common/pico_double/double_aeabi_rp2040.S.obj
                0x10002b3c                __wrap___aeabi_cdrcmple
                0x10002b4c                __wrap___aeabi_cdcmpeq
                0x10002b4c                __wrap___aeabi_cdcmple
 .text.__wrap___aeabi_dcmplt
                0x10002ba8        0xc CMakeFiles/USB_DEVICE_AND_KEYBOARD.dir/C_/Users/ASUS/.pico-sdk/sdk/2.2.0/src/rp2_common/pico_double/double_aeabi_rp2040.S.obj
                0x10002ba8                __wrap___aeabi_dcmplt
 .text.__wrap___aeabi_dcmple
                0x10002bb4       0x10 CMakeFiles/USB_DEVICE_AND_KEYBOARD.dir/C_/Users/ASUS/.pico-sdk/sdk/2.2.0/src/rp2_common/pico_double/double_aeabi_rp2040.S.obj
                0x10002bb4                __wrap___aeabi_dcmple
 .text.__wrap___aeabi_dcmpge
                0x10002bc4       0x10 CMakeFiles/USB_DEVICE_AND_KEYBOARD.dir/C_/Users/ASUS/.pico-sdk/sdk/2.2.0/src/rp2_common/pico_double/double_aeabi_rp2040.S.obj
                0x10002bc4                __wrap___aeabi_dcmpge
 .text.__wrap___aeabi_dcmpgt
                0x10002bd4        0xa CMakeFiles/USB_DEVICE_AND_KEYBOARD.dir/C_/Users/ASUS/.pico-sdk/sdk/2.2.0/src/rp2_common/pico_double/double_aeabi_rp2040.S.obj
                0x10002bd4                __wrap___aeabi_dcmpgt
 .text.__wrap___aeabi_dcmpun
                0x10002bde       0x18 CMakeFiles/USB_DEVICE_AND_KEYBOARD.dir/C_/Users/ASUS/.pico-sdk/sdk/2.2.0/src/rp2_common/pico_double/double_aeabi_rp2040.S.obj
                0x10002bde                __wrap___aeabi_dcmpun
 *fill*         0x10002bf6        0x2 
 .text.__wrap___aeabi_i2d
                0x10002bf8       0x38 CMakeFiles/USB_DEVICE_AND_KEYBOARD.dir/C_/Users/ASUS/.pico-sdk/sdk/2.2.0/src/rp2_common/pico_double/double_aeabi_rp2040.S.obj
                0x10002bf8                uint2double
                0x10002bf8                __wrap___aeabi_ui2d
                0x10002c00                int2double
                0x10002c00                __wrap___aeabi_i2d
 .text.__wrap___aeabi_d2iz
                0x10002c30       0x48 CMakeFiles/USB_DEVICE_AND_KEYBOARD.dir/C_/Users/ASUS/.pico-sdk/sdk/2.2.0/src/rp2_common/pico_double/double_aeabi_rp2040.S.obj
                0x10002c30                double2int_z
                0x10002c30                __wrap___aeabi_d2iz
 .text.__wrap___aeabi_d2uiz
                0x10002c78       0x10 CMakeFiles/USB_DEVICE_AND_KEYBOARD.dir/C_/Users/ASUS/.pico-sdk/sdk/2.2.0/src/rp2_common/pico_double/double_aeabi_rp2040.S.obj
                0x10002c78                double2uint
                0x10002c78                __wrap___aeabi_d2uiz
                0x10002c78                double2uint_z
 .text.missing_double_func_shim
                0x10002c88        0xc CMakeFiles/USB_DEVICE_AND_KEYBOARD.dir/C_/Users/ASUS/.pico-sdk/sdk/2.2.0/src/rp2_common/pico_double/double_init_rom_rp2040.c.obj
 .text.__aeabi_double_init
                0x10002c94       0xa0 CMakeFiles/USB_DEVICE_AND_KEYBOARD.dir/C_/Users/ASUS/.pico-sdk/sdk/2.2.0/src/rp2_common/pico_double/double_init_rom_rp2040.c.obj
                0x10002c94                __aeabi_double_init
 .text.double_table_shim_on_use_helper
                0x10002d34       0x2c CMakeFiles/USB_DEVICE_AND_KEYBOARD.dir/C_/Users/ASUS/.pico-sdk/sdk/2.2.0/src/rp2_common/pico_double/double_v1_rom_shim_rp2040.S.obj
                0x10002d34                double_table_shim_on_use_helper
 .text.__aeabi_lmul
                0x10002d60       0x32 CMakeFiles/USB_DEVICE_AND_KEYBOARD.dir/C_/Users/ASUS/.pico-sdk/sdk/2.2.0/src/rp2_common/pico_int64_ops/pico_int64_ops_aeabi.S.obj
                0x10002d60                __wrap___aeabi_lmul
 *fill*         0x10002d92        0x2 
 .text.__wrap___aeabi_farithmetic
                0x10002d94       0x48 CMakeFiles/USB_DEVICE_AND_KEYBOARD.dir/C_/Users/ASUS/.pico-sdk/sdk/2.2.0/src/rp2_common/pico_float/float_aeabi_rp2040.S.obj
                0x10002d94                __wrap___aeabi_frsub
                0x10002d9a                __wrap___aeabi_fsub
                0x10002da0                __wrap___aeabi_fadd
                0x10002da6                __wrap___aeabi_fdiv
                0x10002dce                __wrap___aeabi_fmul
 .text.__wrap___aeabi_ui2f
                0x10002ddc        0xa CMakeFiles/USB_DEVICE_AND_KEYBOARD.dir/C_/Users/ASUS/.pico-sdk/sdk/2.2.0/src/rp2_common/pico_float/float_aeabi_rp2040.S.obj
                0x10002ddc                __wrap___aeabi_ui2f
                0x10002ddc                uint2float
 *fill*         0x10002de6        0x2 
 .text.__wrap___aeabi_i2f
                0x10002de8       0x44 CMakeFiles/USB_DEVICE_AND_KEYBOARD.dir/C_/Users/ASUS/.pico-sdk/sdk/2.2.0/src/rp2_common/pico_float/float_aeabi_rp2040.S.obj
                0x10002de8                __wrap___aeabi_i2f
                0x10002de8                int2float
 .text.__wrap___aeabi_f2uiz
                0x10002e2c        0xc CMakeFiles/USB_DEVICE_AND_KEYBOARD.dir/C_/Users/ASUS/.pico-sdk/sdk/2.2.0/src/rp2_common/pico_float/float_aeabi_rp2040.S.obj
                0x10002e2c                float2uint_z
                0x10002e2c                __wrap___aeabi_f2uiz
                0x10002e2c                float2uint
 .text.missing_float_func_shim
                0x10002e38        0xc CMakeFiles/USB_DEVICE_AND_KEYBOARD.dir/C_/Users/ASUS/.pico-sdk/sdk/2.2.0/src/rp2_common/pico_float/float_init_rom_rp2040.c.obj
 .text.__aeabi_float_init
                0x10002e44       0x5c CMakeFiles/USB_DEVICE_AND_KEYBOARD.dir/C_/Users/ASUS/.pico-sdk/sdk/2.2.0/src/rp2_common/pico_float/float_init_rom_rp2040.c.obj
                0x10002e44                __aeabi_float_init
 .text.__wrap_malloc
                0x10002ea0       0x3c CMakeFiles/USB_DEVICE_AND_KEYBOARD.dir/C_/Users/ASUS/.pico-sdk/sdk/2.2.0/src/rp2_common/pico_malloc/malloc.c.obj
                0x10002ea0                __wrap_malloc
 .text.__wrap_calloc
                0x10002edc       0x44 CMakeFiles/USB_DEVICE_AND_KEYBOARD.dir/C_/Users/ASUS/.pico-sdk/sdk/2.2.0/src/rp2_common/pico_malloc/malloc.c.obj
                0x10002edc                __wrap_calloc
 .text          0x10002f20       0x10 CMakeFiles/USB_DEVICE_AND_KEYBOARD.dir/C_/Users/ASUS/.pico-sdk/sdk/2.2.0/src/rp2_common/pico_mem_ops/mem_ops_aeabi.S.obj
                0x10002f20                __aeabi_mem_init
 .text.memset   0x10002f30        0xc CMakeFiles/USB_DEVICE_AND_KEYBOARD.dir/C_/Users/ASUS/.pico-sdk/sdk/2.2.0/src/rp2_common/pico_mem_ops/mem_ops_aeabi.S.obj
                0x10002f30                __wrap_memset
 .text.memcpy   0x10002f3c        0xc CMakeFiles/USB_DEVICE_AND_KEYBOARD.dir/C_/Users/ASUS/.pico-sdk/sdk/2.2.0/src/rp2_common/pico_mem_ops/mem_ops_aeabi.S.obj
                0x10002f3c                __wrap_memcpy
                0x10002f3c                __wrap___aeabi_memcpy
 .text._out_buffer
                0x10002f48        0x8 CMakeFiles/USB_DEVICE_AND_KEYBOARD.dir/C_/Users/ASUS/.pico-sdk/sdk/2.2.0/src/rp2_common/pico_printf/printf.c.obj
 .text._out_null
                0x10002f50        0x4 CMakeFiles/USB_DEVICE_AND_KEYBOARD.dir/C_/Users/ASUS/.pico-sdk/sdk/2.2.0/src/rp2_common/pico_printf/printf.c.obj
 .text._out_rev
                0x10002f54       0xac CMakeFiles/USB_DEVICE_AND_KEYBOARD.dir/C_/Users/ASUS/.pico-sdk/sdk/2.2.0/src/rp2_common/pico_printf/printf.c.obj
 .text._ntoa_format
                0x10003000      0x1cc CMakeFiles/USB_DEVICE_AND_KEYBOARD.dir/C_/Users/ASUS/.pico-sdk/sdk/2.2.0/src/rp2_common/pico_printf/printf.c.obj
 .text._out_char
                0x100031cc       0x10 CMakeFiles/USB_DEVICE_AND_KEYBOARD.dir/C_/Users/ASUS/.pico-sdk/sdk/2.2.0/src/rp2_common/pico_printf/printf.c.obj
 .text._out_fct
                0x100031dc       0x10 CMakeFiles/USB_DEVICE_AND_KEYBOARD.dir/C_/Users/ASUS/.pico-sdk/sdk/2.2.0/src/rp2_common/pico_printf/printf.c.obj
 .text._ftoa    0x100031ec      0x4a8 CMakeFiles/USB_DEVICE_AND_KEYBOARD.dir/C_/Users/ASUS/.pico-sdk/sdk/2.2.0/src/rp2_common/pico_printf/printf.c.obj
 .text._etoa    0x10003694      0x57c CMakeFiles/USB_DEVICE_AND_KEYBOARD.dir/C_/Users/ASUS/.pico-sdk/sdk/2.2.0/src/rp2_common/pico_printf/printf.c.obj
 .text._vsnprintf
                0x10003c10      0xbe0 CMakeFiles/USB_DEVICE_AND_KEYBOARD.dir/C_/Users/ASUS/.pico-sdk/sdk/2.2.0/src/rp2_common/pico_printf/printf.c.obj
 .text.__wrap_sprintf
                0x100047f0       0x2c CMakeFiles/USB_DEVICE_AND_KEYBOARD.dir/C_/Users/ASUS/.pico-sdk/sdk/2.2.0/src/rp2_common/pico_printf/printf.c.obj
                0x100047f0                __wrap_sprintf
 .text.vfctprintf
                0x1000481c       0x24 CMakeFiles/USB_DEVICE_AND_KEYBOARD.dir/C_/Users/ASUS/.pico-sdk/sdk/2.2.0/src/rp2_common/pico_printf/printf.c.obj
                0x1000481c                vfctprintf
 .text.weak_raw_vprintf
                0x10004840       0x30 CMakeFiles/USB_DEVICE_AND_KEYBOARD.dir/C_/Users/ASUS/.pico-sdk/sdk/2.2.0/src/rp2_common/pico_printf/printf.c.obj
                0x10004840                weak_raw_vprintf
 .text._exit    0x10004870        0x4 CMakeFiles/USB_DEVICE_AND_KEYBOARD.dir/C_/Users/ASUS/.pico-sdk/sdk/2.2.0/src/rp2_common/pico_clib_interface/newlib_interface.c.obj
                0x10004870                _exit
 .text._sbrk    0x10004874       0x34 CMakeFiles/USB_DEVICE_AND_KEYBOARD.dir/C_/Users/ASUS/.pico-sdk/sdk/2.2.0/src/rp2_common/pico_clib_interface/newlib_interface.c.obj
                0x10004874                _sbrk
 .text.exit     0x100048a8        0x8 CMakeFiles/USB_DEVICE_AND_KEYBOARD.dir/C_/Users/ASUS/.pico-sdk/sdk/2.2.0/src/rp2_common/pico_clib_interface/newlib_interface.c.obj
                0x100048a8                exit
 .text.runtime_init
                0x100048b0       0x2c CMakeFiles/USB_DEVICE_AND_KEYBOARD.dir/C_/Users/ASUS/.pico-sdk/sdk/2.2.0/src/rp2_common/pico_clib_interface/newlib_interface.c.obj
                0x100048b0                runtime_init
 .text.stdio_out_chars_no_crlf
                0x100048dc       0x10 CMakeFiles/USB_DEVICE_AND_KEYBOARD.dir/C_/Users/ASUS/.pico-sdk/sdk/2.2.0/src/rp2_common/pico_stdio/stdio.c.obj
 .text.stdio_out_chars_crlf
                0x100048ec       0xb0 CMakeFiles/USB_DEVICE_AND_KEYBOARD.dir/C_/Users/ASUS/.pico-sdk/sdk/2.2.0/src/rp2_common/pico_stdio/stdio.c.obj
 .text.stdio_buffered_printer
                0x1000499c       0x64 CMakeFiles/USB_DEVICE_AND_KEYBOARD.dir/C_/Users/ASUS/.pico-sdk/sdk/2.2.0/src/rp2_common/pico_stdio/stdio.c.obj
 .text.stdio_put_string
                0x10004a00       0xfc CMakeFiles/USB_DEVICE_AND_KEYBOARD.dir/C_/Users/ASUS/.pico-sdk/sdk/2.2.0/src/rp2_common/pico_stdio/stdio.c.obj
                0x10004a00                stdio_put_string
 .text.__wrap_putchar
                0x10004afc       0x94 CMakeFiles/USB_DEVICE_AND_KEYBOARD.dir/C_/Users/ASUS/.pico-sdk/sdk/2.2.0/src/rp2_common/pico_stdio/stdio.c.obj
                0x10004afc                __wrap_putchar
                0x10004afc                stdio_putchar
 .text.__wrap_puts
                0x10004b90       0x3c CMakeFiles/USB_DEVICE_AND_KEYBOARD.dir/C_/Users/ASUS/.pico-sdk/sdk/2.2.0/src/rp2_common/pico_stdio/stdio.c.obj
                0x10004b90                stdio_puts
                0x10004b90                __wrap_puts
 .text.__wrap_vprintf
                0x10004bcc       0xcc CMakeFiles/USB_DEVICE_AND_KEYBOARD.dir/C_/Users/ASUS/.pico-sdk/sdk/2.2.0/src/rp2_common/pico_stdio/stdio.c.obj
                0x10004bcc                stdio_vprintf
                0x10004bcc                __wrap_vprintf
 .text.__wrap_printf
                0x10004c98       0x18 CMakeFiles/USB_DEVICE_AND_KEYBOARD.dir/C_/Users/ASUS/.pico-sdk/sdk/2.2.0/src/rp2_common/pico_stdio/stdio.c.obj
                0x10004c98                __wrap_printf
                0x10004c98                stdio_printf
 .text.pio_usb_bus_init
                0x10004cb0      0x198 CMakeFiles/USB_DEVICE_AND_KEYBOARD.dir/Pico-PIO-USB/src/pio_usb.c.obj
                0x10004cb0                pio_usb_bus_init
 .text.pio_usb_host_init
                0x10004e48      0x1e8 CMakeFiles/USB_DEVICE_AND_KEYBOARD.dir/Pico-PIO-USB/src/pio_usb_host.c.obj
                0x10004e48                pio_usb_host_init
 .text.pio_usb_host_port_reset_start
                0x10005030       0x40 CMakeFiles/USB_DEVICE_AND_KEYBOARD.dir/Pico-PIO-USB/src/pio_usb_host.c.obj
                0x10005030                pio_usb_host_port_reset_start
 .text.pio_usb_host_port_reset_end
                0x10005070       0x48 CMakeFiles/USB_DEVICE_AND_KEYBOARD.dir/Pico-PIO-USB/src/pio_usb_host.c.obj
                0x10005070                pio_usb_host_port_reset_end
 .text.pio_usb_host_close_device
                0x100050b8       0x38 CMakeFiles/USB_DEVICE_AND_KEYBOARD.dir/Pico-PIO-USB/src/pio_usb_host.c.obj
                0x100050b8                pio_usb_host_close_device
 .text.pio_usb_host_endpoint_open
                0x100050f0       0xb8 CMakeFiles/USB_DEVICE_AND_KEYBOARD.dir/Pico-PIO-USB/src/pio_usb_host.c.obj
                0x100050f0                pio_usb_host_endpoint_open
 .text.pio_usb_host_send_setup
                0x100051a8       0x60 CMakeFiles/USB_DEVICE_AND_KEYBOARD.dir/Pico-PIO-USB/src/pio_usb_host.c.obj
                0x100051a8                pio_usb_host_send_setup
 .text.pio_usb_host_endpoint_transfer
                0x10005208       0x90 CMakeFiles/USB_DEVICE_AND_KEYBOARD.dir/Pico-PIO-USB/src/pio_usb_host.c.obj
                0x10005208                pio_usb_host_endpoint_transfer
 .text.pio_usb_host_endpoint_abort_transfer
                0x10005298       0xb4 CMakeFiles/USB_DEVICE_AND_KEYBOARD.dir/Pico-PIO-USB/src/pio_usb_host.c.obj
                0x10005298                pio_usb_host_endpoint_abort_transfer
 .text.calc_usb_crc16
                0x1000534c       0x34 CMakeFiles/USB_DEVICE_AND_KEYBOARD.dir/Pico-PIO-USB/src/usb_crc.c.obj
                0x1000534c                calc_usb_crc16
 .text.core1_trampoline
                0x10005380        0x4 CMakeFiles/USB_DEVICE_AND_KEYBOARD.dir/C_/Users/ASUS/.pico-sdk/sdk/2.2.0/src/rp2_common/pico_multicore/multicore.c.obj
 .text.core1_wrapper
                0x10005384        0xc CMakeFiles/USB_DEVICE_AND_KEYBOARD.dir/C_/Users/ASUS/.pico-sdk/sdk/2.2.0/src/rp2_common/pico_multicore/multicore.c.obj
                0x10005384                core1_wrapper
 .text.multicore_reset_core1
                0x10005390       0x60 CMakeFiles/USB_DEVICE_AND_KEYBOARD.dir/C_/Users/ASUS/.pico-sdk/sdk/2.2.0/src/rp2_common/pico_multicore/multicore.c.obj
                0x10005390                multicore_reset_core1
 .text.multicore_launch_core1_raw
                0x100053f0       0x8c CMakeFiles/USB_DEVICE_AND_KEYBOARD.dir/C_/Users/ASUS/.pico-sdk/sdk/2.2.0/src/rp2_common/pico_multicore/multicore.c.obj
                0x100053f0                multicore_launch_core1_raw
 .text.multicore_launch_core1
                0x1000547c       0x58 CMakeFiles/USB_DEVICE_AND_KEYBOARD.dir/C_/Users/ASUS/.pico-sdk/sdk/2.2.0/src/rp2_common/pico_multicore/multicore.c.obj
                0x1000547c                multicore_launch_core1
 .text.pio_sm_claim
                0x100054d4       0x30 CMakeFiles/USB_DEVICE_AND_KEYBOARD.dir/C_/Users/ASUS/.pico-sdk/sdk/2.2.0/src/rp2_common/hardware_pio/pio.c.obj
                0x100054d4                pio_sm_claim
 .text.pio_add_program
                0x10005504       0xf8 CMakeFiles/USB_DEVICE_AND_KEYBOARD.dir/C_/Users/ASUS/.pico-sdk/sdk/2.2.0/src/rp2_common/hardware_pio/pio.c.obj
                0x10005504                pio_add_program
 .text.pio_add_program_at_offset
                0x100055fc       0xb0 CMakeFiles/USB_DEVICE_AND_KEYBOARD.dir/C_/Users/ASUS/.pico-sdk/sdk/2.2.0/src/rp2_common/hardware_pio/pio.c.obj
                0x100055fc                pio_add_program_at_offset
 .text.pio_sm_set_pins_with_mask64
                0x100056ac       0xa8 CMakeFiles/USB_DEVICE_AND_KEYBOARD.dir/C_/Users/ASUS/.pico-sdk/sdk/2.2.0/src/rp2_common/hardware_pio/pio.c.obj
                0x100056ac                pio_sm_set_pins_with_mask64
 .text.pio_sm_set_pindirs_with_mask64
                0x10005754       0xac CMakeFiles/USB_DEVICE_AND_KEYBOARD.dir/C_/Users/ASUS/.pico-sdk/sdk/2.2.0/src/rp2_common/hardware_pio/pio.c.obj
                0x10005754                pio_sm_set_pindirs_with_mask64
 .text.pio_sm_set_consecutive_pindirs
                0x10005800       0xb4 CMakeFiles/USB_DEVICE_AND_KEYBOARD.dir/C_/Users/ASUS/.pico-sdk/sdk/2.2.0/src/rp2_common/hardware_pio/pio.c.obj
                0x10005800                pio_sm_set_consecutive_pindirs
 .text.pio_sm_init
                0x100058b4       0x9c CMakeFiles/USB_DEVICE_AND_KEYBOARD.dir/C_/Users/ASUS/.pico-sdk/sdk/2.2.0/src/rp2_common/hardware_pio/pio.c.obj
                0x100058b4                pio_sm_init
 .text.dma_claim_mask
                0x10005950       0x44 CMakeFiles/USB_DEVICE_AND_KEYBOARD.dir/C_/Users/ASUS/.pico-sdk/sdk/2.2.0/src/rp2_common/hardware_dma/dma.c.obj
                0x10005950                dma_claim_mask
 .text.dcd_init
                0x10005994       0x90 CMakeFiles/USB_DEVICE_AND_KEYBOARD.dir/C_/Users/ASUS/.pico-sdk/sdk/2.2.0/lib/tinyusb/src/portable/raspberrypi/rp2040/dcd_rp2040.c.obj
                0x10005994                dcd_init
 .text.dcd_int_enable
                0x10005a24        0xc CMakeFiles/USB_DEVICE_AND_KEYBOARD.dir/C_/Users/ASUS/.pico-sdk/sdk/2.2.0/lib/tinyusb/src/portable/raspberrypi/rp2040/dcd_rp2040.c.obj
                0x10005a24                dcd_int_enable
 .text.dcd_set_address
                0x10005a30       0x14 CMakeFiles/USB_DEVICE_AND_KEYBOARD.dir/C_/Users/ASUS/.pico-sdk/sdk/2.2.0/lib/tinyusb/src/portable/raspberrypi/rp2040/dcd_rp2040.c.obj
                0x10005a30                dcd_set_address
 .text.dcd_sof_enable
                0x10005a44       0x1c CMakeFiles/USB_DEVICE_AND_KEYBOARD.dir/C_/Users/ASUS/.pico-sdk/sdk/2.2.0/lib/tinyusb/src/portable/raspberrypi/rp2040/dcd_rp2040.c.obj
                0x10005a44                dcd_sof_enable
 .text.dcd_edpt0_status_complete
                0x10005a60       0x1c CMakeFiles/USB_DEVICE_AND_KEYBOARD.dir/C_/Users/ASUS/.pico-sdk/sdk/2.2.0/lib/tinyusb/src/portable/raspberrypi/rp2040/dcd_rp2040.c.obj
                0x10005a60                dcd_edpt0_status_complete
 .text.dcd_edpt_open
                0x10005a7c      0x114 CMakeFiles/USB_DEVICE_AND_KEYBOARD.dir/C_/Users/ASUS/.pico-sdk/sdk/2.2.0/lib/tinyusb/src/portable/raspberrypi/rp2040/dcd_rp2040.c.obj
                0x10005a7c                dcd_edpt_open
 .text.dcd_edpt_close_all
                0x10005b90        0x8 CMakeFiles/USB_DEVICE_AND_KEYBOARD.dir/C_/Users/ASUS/.pico-sdk/sdk/2.2.0/lib/tinyusb/src/portable/raspberrypi/rp2040/dcd_rp2040.c.obj
                0x10005b90                dcd_edpt_close_all
 .text.dcd_edpt_xfer
                0x10005b98       0x24 CMakeFiles/USB_DEVICE_AND_KEYBOARD.dir/C_/Users/ASUS/.pico-sdk/sdk/2.2.0/lib/tinyusb/src/portable/raspberrypi/rp2040/dcd_rp2040.c.obj
                0x10005b98                dcd_edpt_xfer
 .text.dcd_edpt_stall
                0x10005bbc       0x3c CMakeFiles/USB_DEVICE_AND_KEYBOARD.dir/C_/Users/ASUS/.pico-sdk/sdk/2.2.0/lib/tinyusb/src/portable/raspberrypi/rp2040/dcd_rp2040.c.obj
                0x10005bbc                dcd_edpt_stall
 .text.dcd_edpt_clear_stall
                0x10005bf8       0x30 CMakeFiles/USB_DEVICE_AND_KEYBOARD.dir/C_/Users/ASUS/.pico-sdk/sdk/2.2.0/lib/tinyusb/src/portable/raspberrypi/rp2040/dcd_rp2040.c.obj
                0x10005bf8                dcd_edpt_clear_stall
 .text.rp2040_usb_init
                0x10005c28       0x40 CMakeFiles/USB_DEVICE_AND_KEYBOARD.dir/C_/Users/ASUS/.pico-sdk/sdk/2.2.0/lib/tinyusb/src/portable/raspberrypi/rp2040/rp2040_usb.c.obj
                0x10005c28                rp2040_usb_init
 .text.hw_endpoint_xfer_start
                0x10005c68       0x40 CMakeFiles/USB_DEVICE_AND_KEYBOARD.dir/C_/Users/ASUS/.pico-sdk/sdk/2.2.0/lib/tinyusb/src/portable/raspberrypi/rp2040/rp2040_usb.c.obj
                0x10005c68                hw_endpoint_xfer_start
 .text.tud_vendor_control_xfer_cb
                0x10005ca8        0x4 CMakeFiles/USB_DEVICE_AND_KEYBOARD.dir/C_/Users/ASUS/.pico-sdk/sdk/2.2.0/lib/tinyusb/src/device/usbd.c.obj
                0x10005ca8                tud_vendor_control_xfer_cb
 .text.tud_event_hook_cb
                0x10005cac        0x4 CMakeFiles/USB_DEVICE_AND_KEYBOARD.dir/C_/Users/ASUS/.pico-sdk/sdk/2.2.0/lib/tinyusb/src/device/usbd.c.obj
                0x10005cac                tud_event_hook_cb
 .text.tud_sof_cb
                0x10005cb0        0x4 CMakeFiles/USB_DEVICE_AND_KEYBOARD.dir/C_/Users/ASUS/.pico-sdk/sdk/2.2.0/lib/tinyusb/src/device/usbd.c.obj
                0x10005cb0                tud_sof_cb
 .text.tud_descriptor_bos_cb
                0x10005cb4        0x4 CMakeFiles/USB_DEVICE_AND_KEYBOARD.dir/C_/Users/ASUS/.pico-sdk/sdk/2.2.0/lib/tinyusb/src/device/usbd.c.obj
                0x10005cb4                tud_descriptor_bos_cb
 .text.tud_descriptor_device_qualifier_cb
                0x10005cb8        0x4 CMakeFiles/USB_DEVICE_AND_KEYBOARD.dir/C_/Users/ASUS/.pico-sdk/sdk/2.2.0/lib/tinyusb/src/device/usbd.c.obj
                0x10005cb8                tud_descriptor_device_qualifier_cb
 .text.tud_descriptor_other_speed_configuration_cb
                0x10005cbc        0x4 CMakeFiles/USB_DEVICE_AND_KEYBOARD.dir/C_/Users/ASUS/.pico-sdk/sdk/2.2.0/lib/tinyusb/src/device/usbd.c.obj
                0x10005cbc                tud_descriptor_other_speed_configuration_cb
 .text.tud_mount_cb
                0x10005cc0        0x4 CMakeFiles/USB_DEVICE_AND_KEYBOARD.dir/C_/Users/ASUS/.pico-sdk/sdk/2.2.0/lib/tinyusb/src/device/usbd.c.obj
                0x10005cc0                tud_mount_cb
 .text.tud_umount_cb
                0x10005cc4        0x4 CMakeFiles/USB_DEVICE_AND_KEYBOARD.dir/C_/Users/ASUS/.pico-sdk/sdk/2.2.0/lib/tinyusb/src/device/usbd.c.obj
                0x10005cc4                tud_umount_cb
 .text.tud_suspend_cb
                0x10005cc8        0x4 CMakeFiles/USB_DEVICE_AND_KEYBOARD.dir/C_/Users/ASUS/.pico-sdk/sdk/2.2.0/lib/tinyusb/src/device/usbd.c.obj
                0x10005cc8                tud_suspend_cb
 .text.tud_resume_cb
                0x10005ccc        0x4 CMakeFiles/USB_DEVICE_AND_KEYBOARD.dir/C_/Users/ASUS/.pico-sdk/sdk/2.2.0/lib/tinyusb/src/device/usbd.c.obj
                0x10005ccc                tud_resume_cb
 .text.tud_mounted
                0x10005cd0       0x10 CMakeFiles/USB_DEVICE_AND_KEYBOARD.dir/C_/Users/ASUS/.pico-sdk/sdk/2.2.0/lib/tinyusb/src/device/usbd.c.obj
                0x10005cd0                tud_mounted
 .text.tud_suspended
                0x10005ce0       0x10 CMakeFiles/USB_DEVICE_AND_KEYBOARD.dir/C_/Users/ASUS/.pico-sdk/sdk/2.2.0/lib/tinyusb/src/device/usbd.c.obj
                0x10005ce0                tud_suspended
 .text.tud_rhport_init
                0x10005cf0       0xf4 CMakeFiles/USB_DEVICE_AND_KEYBOARD.dir/C_/Users/ASUS/.pico-sdk/sdk/2.2.0/lib/tinyusb/src/device/usbd.c.obj
                0x10005cf0                tud_rhport_init
 .text.tud_task_ext
                0x10005de4      0x800 CMakeFiles/USB_DEVICE_AND_KEYBOARD.dir/C_/Users/ASUS/.pico-sdk/sdk/2.2.0/lib/tinyusb/src/device/usbd.c.obj
                0x10005de4                tud_task_ext
 .text.usbd_open_edpt_pair
                0x100065e4       0x9c CMakeFiles/USB_DEVICE_AND_KEYBOARD.dir/C_/Users/ASUS/.pico-sdk/sdk/2.2.0/lib/tinyusb/src/device/usbd.c.obj
                0x100065e4                usbd_open_edpt_pair
 .text.usbd_edpt_open
                0x10006680       0x34 CMakeFiles/USB_DEVICE_AND_KEYBOARD.dir/C_/Users/ASUS/.pico-sdk/sdk/2.2.0/lib/tinyusb/src/device/usbd.c.obj
                0x10006680                usbd_edpt_open
 .text.usbd_edpt_claim
                0x100066b4       0x28 CMakeFiles/USB_DEVICE_AND_KEYBOARD.dir/C_/Users/ASUS/.pico-sdk/sdk/2.2.0/lib/tinyusb/src/device/usbd.c.obj
                0x100066b4                usbd_edpt_claim
 .text.usbd_edpt_release
                0x100066dc       0x28 CMakeFiles/USB_DEVICE_AND_KEYBOARD.dir/C_/Users/ASUS/.pico-sdk/sdk/2.2.0/lib/tinyusb/src/device/usbd.c.obj
                0x100066dc                usbd_edpt_release
 .text.usbd_edpt_xfer
                0x10006704       0x4c CMakeFiles/USB_DEVICE_AND_KEYBOARD.dir/C_/Users/ASUS/.pico-sdk/sdk/2.2.0/lib/tinyusb/src/device/usbd.c.obj
                0x10006704                usbd_edpt_xfer
 .text.tud_control_status
                0x10006750       0x2c CMakeFiles/USB_DEVICE_AND_KEYBOARD.dir/C_/Users/ASUS/.pico-sdk/sdk/2.2.0/lib/tinyusb/src/device/usbd_control.c.obj
                0x10006750                tud_control_status
 .text.tud_control_xfer
                0x1000677c       0xa8 CMakeFiles/USB_DEVICE_AND_KEYBOARD.dir/C_/Users/ASUS/.pico-sdk/sdk/2.2.0/lib/tinyusb/src/device/usbd_control.c.obj
                0x1000677c                tud_control_xfer
 .text.usbd_control_reset
                0x10006824       0x14 CMakeFiles/USB_DEVICE_AND_KEYBOARD.dir/C_/Users/ASUS/.pico-sdk/sdk/2.2.0/lib/tinyusb/src/device/usbd_control.c.obj
                0x10006824                usbd_control_reset
 .text.usbd_control_set_complete_callback
                0x10006838        0xc CMakeFiles/USB_DEVICE_AND_KEYBOARD.dir/C_/Users/ASUS/.pico-sdk/sdk/2.2.0/lib/tinyusb/src/device/usbd_control.c.obj
                0x10006838                usbd_control_set_complete_callback
 .text.usbd_control_set_request
                0x10006844       0x1c CMakeFiles/USB_DEVICE_AND_KEYBOARD.dir/C_/Users/ASUS/.pico-sdk/sdk/2.2.0/lib/tinyusb/src/device/usbd_control.c.obj
                0x10006844                usbd_control_set_request
 .text.usbd_control_xfer_cb
                0x10006860       0xec CMakeFiles/USB_DEVICE_AND_KEYBOARD.dir/C_/Users/ASUS/.pico-sdk/sdk/2.2.0/lib/tinyusb/src/device/usbd_control.c.obj
                0x10006860                usbd_control_xfer_cb
 .text._prep_out_transaction.isra.0
                0x1000694c       0x70 CMakeFiles/USB_DEVICE_AND_KEYBOARD.dir/C_/Users/ASUS/.pico-sdk/sdk/2.2.0/lib/tinyusb/src/class/cdc/cdc_device.c.obj
 .text.tud_cdc_n_read
                0x100069bc       0x9c CMakeFiles/USB_DEVICE_AND_KEYBOARD.dir/C_/Users/ASUS/.pico-sdk/sdk/2.2.0/lib/tinyusb/src/class/cdc/cdc_device.c.obj
                0x100069bc                tud_cdc_n_read
 .text.tud_cdc_n_write_flush
                0x10006a58       0x7c CMakeFiles/USB_DEVICE_AND_KEYBOARD.dir/C_/Users/ASUS/.pico-sdk/sdk/2.2.0/lib/tinyusb/src/class/cdc/cdc_device.c.obj
                0x10006a58                tud_cdc_n_write_flush
 .text.tud_cdc_n_write
                0x10006ad4       0x44 CMakeFiles/USB_DEVICE_AND_KEYBOARD.dir/C_/Users/ASUS/.pico-sdk/sdk/2.2.0/lib/tinyusb/src/class/cdc/cdc_device.c.obj
                0x10006ad4                tud_cdc_n_write
 .text.cdcd_init
                0x10006b18       0x7c CMakeFiles/USB_DEVICE_AND_KEYBOARD.dir/C_/Users/ASUS/.pico-sdk/sdk/2.2.0/lib/tinyusb/src/class/cdc/cdc_device.c.obj
                0x10006b18                cdcd_init
 .text.cdcd_deinit
                0x10006b94       0x30 CMakeFiles/USB_DEVICE_AND_KEYBOARD.dir/C_/Users/ASUS/.pico-sdk/sdk/2.2.0/lib/tinyusb/src/class/cdc/cdc_device.c.obj
                0x10006b94                cdcd_deinit
 .text.cdcd_reset
                0x10006bc4       0x4c CMakeFiles/USB_DEVICE_AND_KEYBOARD.dir/C_/Users/ASUS/.pico-sdk/sdk/2.2.0/lib/tinyusb/src/class/cdc/cdc_device.c.obj
                0x10006bc4                cdcd_reset
 .text.cdcd_open
                0x10006c10       0xa4 CMakeFiles/USB_DEVICE_AND_KEYBOARD.dir/C_/Users/ASUS/.pico-sdk/sdk/2.2.0/lib/tinyusb/src/class/cdc/cdc_device.c.obj
                0x10006c10                cdcd_open
 .text.cdcd_control_xfer_cb
                0x10006cb4       0xe8 CMakeFiles/USB_DEVICE_AND_KEYBOARD.dir/C_/Users/ASUS/.pico-sdk/sdk/2.2.0/lib/tinyusb/src/class/cdc/cdc_device.c.obj
                0x10006cb4                cdcd_control_xfer_cb
 .text.cdcd_xfer_cb
                0x10006d9c      0x100 CMakeFiles/USB_DEVICE_AND_KEYBOARD.dir/C_/Users/ASUS/.pico-sdk/sdk/2.2.0/lib/tinyusb/src/class/cdc/cdc_device.c.obj
                0x10006d9c                cdcd_xfer_cb
 .text.tud_hid_set_protocol_cb
                0x10006e9c        0x4 CMakeFiles/USB_DEVICE_AND_KEYBOARD.dir/C_/Users/ASUS/.pico-sdk/sdk/2.2.0/lib/tinyusb/src/class/hid/hid_device.c.obj
                0x10006e9c                tud_hid_set_protocol_cb
 .text.tud_hid_set_idle_cb
                0x10006ea0        0x4 CMakeFiles/USB_DEVICE_AND_KEYBOARD.dir/C_/Users/ASUS/.pico-sdk/sdk/2.2.0/lib/tinyusb/src/class/hid/hid_device.c.obj
                0x10006ea0                tud_hid_set_idle_cb
 .text.tud_hid_report_failed_cb
                0x10006ea4        0x4 CMakeFiles/USB_DEVICE_AND_KEYBOARD.dir/C_/Users/ASUS/.pico-sdk/sdk/2.2.0/lib/tinyusb/src/class/hid/hid_device.c.obj
                0x10006ea4                tud_hid_report_failed_cb
 .text.tud_hid_n_keyboard_report
                0x10006ea8       0x84 CMakeFiles/USB_DEVICE_AND_KEYBOARD.dir/C_/Users/ASUS/.pico-sdk/sdk/2.2.0/lib/tinyusb/src/class/hid/hid_device.c.obj
                0x10006ea8                tud_hid_n_keyboard_report
 .text.tud_hid_n_mouse_report
                0x10006f2c       0x8c CMakeFiles/USB_DEVICE_AND_KEYBOARD.dir/C_/Users/ASUS/.pico-sdk/sdk/2.2.0/lib/tinyusb/src/class/hid/hid_device.c.obj
                0x10006f2c                tud_hid_n_mouse_report
 .text.hidd_init
                0x10006fb8       0x14 CMakeFiles/USB_DEVICE_AND_KEYBOARD.dir/C_/Users/ASUS/.pico-sdk/sdk/2.2.0/lib/tinyusb/src/class/hid/hid_device.c.obj
                0x10006fb8                hidd_init
 .text.hidd_deinit
                0x10006fcc        0x4 CMakeFiles/USB_DEVICE_AND_KEYBOARD.dir/C_/Users/ASUS/.pico-sdk/sdk/2.2.0/lib/tinyusb/src/class/hid/hid_device.c.obj
                0x10006fcc                hidd_deinit
 .text.hidd_reset
                0x10006fd0       0x14 CMakeFiles/USB_DEVICE_AND_KEYBOARD.dir/C_/Users/ASUS/.pico-sdk/sdk/2.2.0/lib/tinyusb/src/class/hid/hid_device.c.obj
                0x10006fd0                hidd_reset
 .text.hidd_open
                0x10006fe4       0x8c CMakeFiles/USB_DEVICE_AND_KEYBOARD.dir/C_/Users/ASUS/.pico-sdk/sdk/2.2.0/lib/tinyusb/src/class/hid/hid_device.c.obj
                0x10006fe4                hidd_open
 .text.hidd_control_xfer_cb
                0x10007070      0x198 CMakeFiles/USB_DEVICE_AND_KEYBOARD.dir/C_/Users/ASUS/.pico-sdk/sdk/2.2.0/lib/tinyusb/src/class/hid/hid_device.c.obj
                0x10007070                hidd_control_xfer_cb
 .text.hidd_xfer_cb
                0x10007208       0x7c CMakeFiles/USB_DEVICE_AND_KEYBOARD.dir/C_/Users/ASUS/.pico-sdk/sdk/2.2.0/lib/tinyusb/src/class/hid/hid_device.c.obj
                0x10007208                hidd_xfer_cb
 .text.tusb_time_delay_ms_api
                0x10007284        0x8 CMakeFiles/USB_DEVICE_AND_KEYBOARD.dir/C_/Users/ASUS/.pico-sdk/sdk/2.2.0/lib/tinyusb/src/tusb.c.obj
                0x10007284                tusb_time_delay_ms_api
 .text.tu_edpt_claim
                0x1000728c       0x50 CMakeFiles/USB_DEVICE_AND_KEYBOARD.dir/C_/Users/ASUS/.pico-sdk/sdk/2.2.0/lib/tinyusb/src/tusb.c.obj
                0x1000728c                tu_edpt_claim
 .text.tu_edpt_release
                0x100072dc       0x38 CMakeFiles/USB_DEVICE_AND_KEYBOARD.dir/C_/Users/ASUS/.pico-sdk/sdk/2.2.0/lib/tinyusb/src/tusb.c.obj
                0x100072dc                tu_edpt_release
 .text.tu_edpt_validate
                0x10007314       0x7c CMakeFiles/USB_DEVICE_AND_KEYBOARD.dir/C_/Users/ASUS/.pico-sdk/sdk/2.2.0/lib/tinyusb/src/tusb.c.obj
                0x10007314                tu_edpt_validate
 .text.tu_edpt_bind_driver
                0x10007390       0x34 CMakeFiles/USB_DEVICE_AND_KEYBOARD.dir/C_/Users/ASUS/.pico-sdk/sdk/2.2.0/lib/tinyusb/src/tusb.c.obj
                0x10007390                tu_edpt_bind_driver
 .text.tu_desc_get_interface_total_len
                0x100073c4       0x50 CMakeFiles/USB_DEVICE_AND_KEYBOARD.dir/C_/Users/ASUS/.pico-sdk/sdk/2.2.0/lib/tinyusb/src/tusb.c.obj
                0x100073c4                tu_desc_get_interface_total_len
 .text.tu_fifo_config
                0x10007414       0x6c CMakeFiles/USB_DEVICE_AND_KEYBOARD.dir/C_/Users/ASUS/.pico-sdk/sdk/2.2.0/lib/tinyusb/src/common/tusb_fifo.c.obj
                0x10007414                tu_fifo_config
 .text.tu_fifo_count
                0x10007480       0x2c CMakeFiles/USB_DEVICE_AND_KEYBOARD.dir/C_/Users/ASUS/.pico-sdk/sdk/2.2.0/lib/tinyusb/src/common/tusb_fifo.c.obj
                0x10007480                tu_fifo_count
 .text.tu_fifo_empty
                0x100074ac       0x10 CMakeFiles/USB_DEVICE_AND_KEYBOARD.dir/C_/Users/ASUS/.pico-sdk/sdk/2.2.0/lib/tinyusb/src/common/tusb_fifo.c.obj
                0x100074ac                tu_fifo_empty
 .text.tu_fifo_remaining
                0x100074bc       0x2c CMakeFiles/USB_DEVICE_AND_KEYBOARD.dir/C_/Users/ASUS/.pico-sdk/sdk/2.2.0/lib/tinyusb/src/common/tusb_fifo.c.obj
                0x100074bc                tu_fifo_remaining
 .text.tu_fifo_read
                0x100074e8       0x9c CMakeFiles/USB_DEVICE_AND_KEYBOARD.dir/C_/Users/ASUS/.pico-sdk/sdk/2.2.0/lib/tinyusb/src/common/tusb_fifo.c.obj
                0x100074e8                tu_fifo_read
 .text.tu_fifo_read_n
                0x10007584       0xe8 CMakeFiles/USB_DEVICE_AND_KEYBOARD.dir/C_/Users/ASUS/.pico-sdk/sdk/2.2.0/lib/tinyusb/src/common/tusb_fifo.c.obj
                0x10007584                tu_fifo_read_n
 .text.tu_fifo_write
                0x1000766c       0xa4 CMakeFiles/USB_DEVICE_AND_KEYBOARD.dir/C_/Users/ASUS/.pico-sdk/sdk/2.2.0/lib/tinyusb/src/common/tusb_fifo.c.obj
                0x1000766c                tu_fifo_write
 .text.tu_fifo_write_n
                0x10007710      0x178 CMakeFiles/USB_DEVICE_AND_KEYBOARD.dir/C_/Users/ASUS/.pico-sdk/sdk/2.2.0/lib/tinyusb/src/common/tusb_fifo.c.obj
                0x10007710                tu_fifo_write_n
 .text.tu_fifo_clear
                0x10007888       0x40 CMakeFiles/USB_DEVICE_AND_KEYBOARD.dir/C_/Users/ASUS/.pico-sdk/sdk/2.2.0/lib/tinyusb/src/common/tusb_fifo.c.obj
                0x10007888                tu_fifo_clear
 .text.tu_fifo_set_overwritable
                0x100078c8       0x48 CMakeFiles/USB_DEVICE_AND_KEYBOARD.dir/C_/Users/ASUS/.pico-sdk/sdk/2.2.0/lib/tinyusb/src/common/tusb_fifo.c.obj
                0x100078c8                tu_fifo_set_overwritable
 .text._control_blocking_complete_cb
                0x10007910        0x8 CMakeFiles/USB_DEVICE_AND_KEYBOARD.dir/C_/Users/ASUS/.pico-sdk/sdk/2.2.0/lib/tinyusb/src/host/usbh.c.obj
 .text.process_removing_device
                0x10007918      0x160 CMakeFiles/USB_DEVICE_AND_KEYBOARD.dir/C_/Users/ASUS/.pico-sdk/sdk/2.2.0/lib/tinyusb/src/host/usbh.c.obj
 .text.usbh_control_xfer_cb.isra.0
                0x10007a78      0x23c CMakeFiles/USB_DEVICE_AND_KEYBOARD.dir/C_/Users/ASUS/.pico-sdk/sdk/2.2.0/lib/tinyusb/src/host/usbh.c.obj
 .text.tuh_event_hook_cb
                0x10007cb4        0x4 CMakeFiles/USB_DEVICE_AND_KEYBOARD.dir/C_/Users/ASUS/.pico-sdk/sdk/2.2.0/lib/tinyusb/src/host/usbh.c.obj
                0x10007cb4                tuh_event_hook_cb
 .text.tuh_vid_pid_get
                0x10007cb8       0x38 CMakeFiles/USB_DEVICE_AND_KEYBOARD.dir/C_/Users/ASUS/.pico-sdk/sdk/2.2.0/lib/tinyusb/src/host/usbh.c.obj
                0x10007cb8                tuh_vid_pid_get
 .text.tuh_configure
                0x10007cf0        0x8 CMakeFiles/USB_DEVICE_AND_KEYBOARD.dir/C_/Users/ASUS/.pico-sdk/sdk/2.2.0/lib/tinyusb/src/host/usbh.c.obj
                0x10007cf0                tuh_configure
 .text.tuh_rhport_init
                0x10007cf8      0x13c CMakeFiles/USB_DEVICE_AND_KEYBOARD.dir/C_/Users/ASUS/.pico-sdk/sdk/2.2.0/lib/tinyusb/src/host/usbh.c.obj
                0x10007cf8                tuh_rhport_init
 .text.tuh_control_xfer
                0x10007e34      0x148 CMakeFiles/USB_DEVICE_AND_KEYBOARD.dir/C_/Users/ASUS/.pico-sdk/sdk/2.2.0/lib/tinyusb/src/host/usbh.c.obj
                0x10007e34                tuh_control_xfer
 .text.enum_new_device.isra.0
                0x10007f7c       0xe4 CMakeFiles/USB_DEVICE_AND_KEYBOARD.dir/C_/Users/ASUS/.pico-sdk/sdk/2.2.0/lib/tinyusb/src/host/usbh.c.obj
 .text.tuh_task_ext.part.0
                0x10008060      0x228 CMakeFiles/USB_DEVICE_AND_KEYBOARD.dir/C_/Users/ASUS/.pico-sdk/sdk/2.2.0/lib/tinyusb/src/host/usbh.c.obj
 .text.tuh_task_ext
                0x10008288       0x18 CMakeFiles/USB_DEVICE_AND_KEYBOARD.dir/C_/Users/ASUS/.pico-sdk/sdk/2.2.0/lib/tinyusb/src/host/usbh.c.obj
                0x10008288                tuh_task_ext
 .text.process_enumeration
                0x100082a0      0x634 CMakeFiles/USB_DEVICE_AND_KEYBOARD.dir/C_/Users/ASUS/.pico-sdk/sdk/2.2.0/lib/tinyusb/src/host/usbh.c.obj
 .text.usbh_get_rhport
                0x100088d4       0x20 CMakeFiles/USB_DEVICE_AND_KEYBOARD.dir/C_/Users/ASUS/.pico-sdk/sdk/2.2.0/lib/tinyusb/src/host/usbh.c.obj
                0x100088d4                usbh_get_rhport
 .text.usbh_get_enum_buf
                0x100088f4        0x8 CMakeFiles/USB_DEVICE_AND_KEYBOARD.dir/C_/Users/ASUS/.pico-sdk/sdk/2.2.0/lib/tinyusb/src/host/usbh.c.obj
                0x100088f4                usbh_get_enum_buf
 .text.usbh_edpt_claim
                0x100088fc       0x48 CMakeFiles/USB_DEVICE_AND_KEYBOARD.dir/C_/Users/ASUS/.pico-sdk/sdk/2.2.0/lib/tinyusb/src/host/usbh.c.obj
                0x100088fc                usbh_edpt_claim
 .text.usbh_edpt_release
                0x10008944       0x48 CMakeFiles/USB_DEVICE_AND_KEYBOARD.dir/C_/Users/ASUS/.pico-sdk/sdk/2.2.0/lib/tinyusb/src/host/usbh.c.obj
                0x10008944                usbh_edpt_release
 .text.usbh_edpt_xfer_with_callback
                0x1000898c       0x70 CMakeFiles/USB_DEVICE_AND_KEYBOARD.dir/C_/Users/ASUS/.pico-sdk/sdk/2.2.0/lib/tinyusb/src/host/usbh.c.obj
                0x1000898c                usbh_edpt_xfer_with_callback
 .text.tuh_edpt_open
                0x100089fc       0x50 CMakeFiles/USB_DEVICE_AND_KEYBOARD.dir/C_/Users/ASUS/.pico-sdk/sdk/2.2.0/lib/tinyusb/src/host/usbh.c.obj
                0x100089fc                tuh_edpt_open
 .text.hcd_devtree_get_info
                0x10008a4c       0x40 CMakeFiles/USB_DEVICE_AND_KEYBOARD.dir/C_/Users/ASUS/.pico-sdk/sdk/2.2.0/lib/tinyusb/src/host/usbh.c.obj
                0x10008a4c                hcd_devtree_get_info
 .text.tuh_descriptor_get_hid_report
                0x10008a8c      0x160 CMakeFiles/USB_DEVICE_AND_KEYBOARD.dir/C_/Users/ASUS/.pico-sdk/sdk/2.2.0/lib/tinyusb/src/host/usbh.c.obj
                0x10008a8c                tuh_descriptor_get_hid_report
 .text.usbh_driver_set_config_complete
                0x10008bec      0x19c CMakeFiles/USB_DEVICE_AND_KEYBOARD.dir/C_/Users/ASUS/.pico-sdk/sdk/2.2.0/lib/tinyusb/src/host/usbh.c.obj
                0x10008bec                usbh_driver_set_config_complete
 .text.connection_port_reset_complete
                0x10008d88       0x34 CMakeFiles/USB_DEVICE_AND_KEYBOARD.dir/C_/Users/ASUS/.pico-sdk/sdk/2.2.0/lib/tinyusb/src/host/hub.c.obj
 .text.hub_clear_feature_complete_stub
                0x10008dbc       0x2c CMakeFiles/USB_DEVICE_AND_KEYBOARD.dir/C_/Users/ASUS/.pico-sdk/sdk/2.2.0/lib/tinyusb/src/host/hub.c.obj
 .text.config_set_port_power
                0x10008de8       0x54 CMakeFiles/USB_DEVICE_AND_KEYBOARD.dir/C_/Users/ASUS/.pico-sdk/sdk/2.2.0/lib/tinyusb/src/host/hub.c.obj
 .text.config_port_power_complete
                0x10008e3c       0x8c CMakeFiles/USB_DEVICE_AND_KEYBOARD.dir/C_/Users/ASUS/.pico-sdk/sdk/2.2.0/lib/tinyusb/src/host/hub.c.obj
 .text.connection_clear_conn_change_complete
                0x10008ec8       0x90 CMakeFiles/USB_DEVICE_AND_KEYBOARD.dir/C_/Users/ASUS/.pico-sdk/sdk/2.2.0/lib/tinyusb/src/host/hub.c.obj
 .text.hub_get_status_complete
                0x10008f58       0x8c CMakeFiles/USB_DEVICE_AND_KEYBOARD.dir/C_/Users/ASUS/.pico-sdk/sdk/2.2.0/lib/tinyusb/src/host/hub.c.obj
 .text.hub_port_get_status_complete
                0x10008fe4      0x168 CMakeFiles/USB_DEVICE_AND_KEYBOARD.dir/C_/Users/ASUS/.pico-sdk/sdk/2.2.0/lib/tinyusb/src/host/hub.c.obj
 .text.hub_port_clear_feature
                0x1000914c       0x48 CMakeFiles/USB_DEVICE_AND_KEYBOARD.dir/C_/Users/ASUS/.pico-sdk/sdk/2.2.0/lib/tinyusb/src/host/hub.c.obj
                0x1000914c                hub_port_clear_feature
 .text.hub_port_get_status
                0x10009194       0x54 CMakeFiles/USB_DEVICE_AND_KEYBOARD.dir/C_/Users/ASUS/.pico-sdk/sdk/2.2.0/lib/tinyusb/src/host/hub.c.obj
                0x10009194                hub_port_get_status
 .text.hub_init
                0x100091e8       0x14 CMakeFiles/USB_DEVICE_AND_KEYBOARD.dir/C_/Users/ASUS/.pico-sdk/sdk/2.2.0/lib/tinyusb/src/host/hub.c.obj
                0x100091e8                hub_init
 .text.hub_deinit
                0x100091fc        0x4 CMakeFiles/USB_DEVICE_AND_KEYBOARD.dir/C_/Users/ASUS/.pico-sdk/sdk/2.2.0/lib/tinyusb/src/host/hub.c.obj
                0x100091fc                hub_deinit
 .text.hub_open
                0x10009200       0x54 CMakeFiles/USB_DEVICE_AND_KEYBOARD.dir/C_/Users/ASUS/.pico-sdk/sdk/2.2.0/lib/tinyusb/src/host/hub.c.obj
                0x10009200                hub_open
 .text.hub_close
                0x10009254       0x24 CMakeFiles/USB_DEVICE_AND_KEYBOARD.dir/C_/Users/ASUS/.pico-sdk/sdk/2.2.0/lib/tinyusb/src/host/hub.c.obj
                0x10009254                hub_close
 .text.hub_edpt_status_xfer
                0x10009278       0x28 CMakeFiles/USB_DEVICE_AND_KEYBOARD.dir/C_/Users/ASUS/.pico-sdk/sdk/2.2.0/lib/tinyusb/src/host/hub.c.obj
                0x10009278                hub_edpt_status_xfer
 .text.hub_set_config
                0x100092a0       0x54 CMakeFiles/USB_DEVICE_AND_KEYBOARD.dir/C_/Users/ASUS/.pico-sdk/sdk/2.2.0/lib/tinyusb/src/host/hub.c.obj
                0x100092a0                hub_set_config
 .text.hub_xfer_cb
                0x100092f4      0x118 CMakeFiles/USB_DEVICE_AND_KEYBOARD.dir/C_/Users/ASUS/.pico-sdk/sdk/2.2.0/lib/tinyusb/src/host/hub.c.obj
                0x100092f4                hub_xfer_cb
 .text.process_set_config
                0x1000940c      0x1d0 CMakeFiles/USB_DEVICE_AND_KEYBOARD.dir/C_/Users/ASUS/.pico-sdk/sdk/2.2.0/lib/tinyusb/src/class/hid/hid_host.c.obj
 .text.tuh_hid_interface_protocol
                0x100095dc       0x2c CMakeFiles/USB_DEVICE_AND_KEYBOARD.dir/C_/Users/ASUS/.pico-sdk/sdk/2.2.0/lib/tinyusb/src/class/hid/hid_host.c.obj
                0x100095dc                tuh_hid_interface_protocol
 .text.tuh_hid_receive_report
                0x10009608       0x5c CMakeFiles/USB_DEVICE_AND_KEYBOARD.dir/C_/Users/ASUS/.pico-sdk/sdk/2.2.0/lib/tinyusb/src/class/hid/hid_host.c.obj
                0x10009608                tuh_hid_receive_report
 .text.hidh_init
                0x10009664       0x14 CMakeFiles/USB_DEVICE_AND_KEYBOARD.dir/C_/Users/ASUS/.pico-sdk/sdk/2.2.0/lib/tinyusb/src/class/hid/hid_host.c.obj
                0x10009664                hidh_init
 .text.hidh_deinit
                0x10009678        0x4 CMakeFiles/USB_DEVICE_AND_KEYBOARD.dir/C_/Users/ASUS/.pico-sdk/sdk/2.2.0/lib/tinyusb/src/class/hid/hid_host.c.obj
                0x10009678                hidh_deinit
 .text.hidh_xfer_cb
                0x1000967c       0xb8 CMakeFiles/USB_DEVICE_AND_KEYBOARD.dir/C_/Users/ASUS/.pico-sdk/sdk/2.2.0/lib/tinyusb/src/class/hid/hid_host.c.obj
                0x1000967c                hidh_xfer_cb
 .text.hidh_close
                0x10009734       0xac CMakeFiles/USB_DEVICE_AND_KEYBOARD.dir/C_/Users/ASUS/.pico-sdk/sdk/2.2.0/lib/tinyusb/src/class/hid/hid_host.c.obj
                0x10009734                hidh_close
 .text.hidh_open
                0x100097e0      0x11c CMakeFiles/USB_DEVICE_AND_KEYBOARD.dir/C_/Users/ASUS/.pico-sdk/sdk/2.2.0/lib/tinyusb/src/class/hid/hid_host.c.obj
                0x100097e0                hidh_open
 .text.hidh_set_config
                0x100098fc       0x9c CMakeFiles/USB_DEVICE_AND_KEYBOARD.dir/C_/Users/ASUS/.pico-sdk/sdk/2.2.0/lib/tinyusb/src/class/hid/hid_host.c.obj
                0x100098fc                hidh_set_config
 .text.calloc   0x10009998       0x18 C:/Users/ASUS/.pico-sdk/toolchain/14_2_Rel1/bin/../lib/gcc/arm-none-eabi/14.2.1/thumb/v6-m/nofp\libg.a(libc_a-calloc.o)
                0x10009998                calloc
 .text._calloc_r
                0x100099b0       0xa8 C:/Users/ASUS/.pico-sdk/toolchain/14_2_Rel1/bin/../lib/gcc/arm-none-eabi/14.2.1/thumb/v6-m/nofp\libg.a(libc_a-callocr.o)
                0x100099b0                _calloc_r
 .text.malloc   0x10009a58       0x14 C:/Users/ASUS/.pico-sdk/toolchain/14_2_Rel1/bin/../lib/gcc/arm-none-eabi/14.2.1/thumb/v6-m/nofp\libg.a(libc_a-malloc.o)
                0x10009a58                malloc
 .text._malloc_r
                0x10009a6c      0x5cc C:/Users/ASUS/.pico-sdk/toolchain/14_2_Rel1/bin/../lib/gcc/arm-none-eabi/14.2.1/thumb/v6-m/nofp\libg.a(libc_a-mallocr.o)
                0x10009a6c                _malloc_r
 .text.__malloc_lock
                0x1000a038       0x10 C:/Users/ASUS/.pico-sdk/toolchain/14_2_Rel1/bin/../lib/gcc/arm-none-eabi/14.2.1/thumb/v6-m/nofp\libg.a(libc_a-mlock.o)
                0x1000a038                __malloc_lock
 .text.__malloc_unlock
                0x1000a048       0x10 C:/Users/ASUS/.pico-sdk/toolchain/14_2_Rel1/bin/../lib/gcc/arm-none-eabi/14.2.1/thumb/v6-m/nofp\libg.a(libc_a-mlock.o)
                0x1000a048                __malloc_unlock
 .text._sbrk_r  0x1000a058       0x24 C:/Users/ASUS/.pico-sdk/toolchain/14_2_Rel1/bin/../lib/gcc/arm-none-eabi/14.2.1/thumb/v6-m/nofp\libg.a(libc_a-sbrkr.o)
                0x1000a058                _sbrk_r
 .text.__errno  0x1000a07c        0xc C:/Users/ASUS/.pico-sdk/toolchain/14_2_Rel1/bin/../lib/gcc/arm-none-eabi/14.2.1/thumb/v6-m/nofp\libg.a(libc_a-errno.o)
                0x1000a07c                __errno
 .text.__retarget_lock_acquire_recursive
                0x1000a088        0x4 C:/Users/ASUS/.pico-sdk/toolchain/14_2_Rel1/bin/../lib/gcc/arm-none-eabi/14.2.1/thumb/v6-m/nofp\libg.a(libc_a-lock.o)
                0x1000a088                __retarget_lock_acquire_recursive
 .text.__retarget_lock_release_recursive
                0x1000a08c        0x4 C:/Users/ASUS/.pico-sdk/toolchain/14_2_Rel1/bin/../lib/gcc/arm-none-eabi/14.2.1/thumb/v6-m/nofp\libg.a(libc_a-lock.o)
                0x1000a08c                __retarget_lock_release_recursive
 .text.sysconf  0x1000a090       0x1c C:/Users/ASUS/.pico-sdk/toolchain/14_2_Rel1/bin/../lib/gcc/arm-none-eabi/14.2.1/thumb/v6-m/nofp\libg.a(libc_a-sysconf.o)
                0x1000a090                sysconf
 .text.strlen   0x1000a0ac       0x5c C:/Users/ASUS/.pico-sdk/toolchain/14_2_Rel1/bin/../lib/gcc/arm-none-eabi/14.2.1/thumb/v6-m/nofp\libg.a(libc_a-strlen-stub.o)
                0x1000a0ac                strlen
 .text._malloc_trim_r
                0x1000a108       0xb4 C:/Users/ASUS/.pico-sdk/toolchain/14_2_Rel1/bin/../lib/gcc/arm-none-eabi/14.2.1/thumb/v6-m/nofp\libg.a(libc_a-freer.o)
                0x1000a108                _malloc_trim_r
 .text._free_r  0x1000a1bc      0x1f0 C:/Users/ASUS/.pico-sdk/toolchain/14_2_Rel1/bin/../lib/gcc/arm-none-eabi/14.2.1/thumb/v6-m/nofp\libg.a(libc_a-freer.o)
                0x1000a1bc                _free_r
 *(.fini)
 .fini          0x1000a3ac        0x4 C:/Users/ASUS/.pico-sdk/toolchain/14_2_Rel1/bin/../lib/gcc/arm-none-eabi/14.2.1/thumb/v6-m/nofp/crti.o
                0x1000a3ac                _fini
 .fini.__stub   0x1000a3b0      0x110 linker stubs
 *crtbegin.o(.ctors)
 *crtbegin?.o(.ctors)
 *(EXCLUDE_FILE(*crtend.o *crtend?.o) .ctors)
 *(SORT_BY_NAME(.ctors.*))
 *(.ctors)
 *crtbegin.o(.dtors)
 *crtbegin?.o(.dtors)
 *(EXCLUDE_FILE(*crtend.o *crtend?.o) .dtors)
 *(SORT_BY_NAME(.dtors.*))
 *(.dtors)
                0x1000a4c0                        . = ALIGN (0x4)
                0x1000a4c0                        PROVIDE (__preinit_array_start = .)
 *(SORT_BY_NAME(.preinit_array.*))
 .preinit_array.00100
                0x1000a4c0        0x4 CMakeFiles/USB_DEVICE_AND_KEYBOARD.dir/C_/Users/ASUS/.pico-sdk/sdk/2.2.0/src/rp2_common/pico_runtime_init/runtime_init.c.obj
                0x1000a4c0                __pre_init_runtime_init_early_resets
 .preinit_array.00101
                0x1000a4c4        0x4 CMakeFiles/USB_DEVICE_AND_KEYBOARD.dir/C_/Users/ASUS/.pico-sdk/sdk/2.2.0/src/rp2_common/pico_runtime_init/runtime_init.c.obj
                0x1000a4c4                __pre_init_runtime_init_usb_power_down
 .preinit_array.00275
                0x1000a4c8        0x4 CMakeFiles/USB_DEVICE_AND_KEYBOARD.dir/C_/Users/ASUS/.pico-sdk/sdk/2.2.0/src/rp2_common/pico_bit_ops/bit_ops_aeabi.S.obj
 .preinit_array.00300
                0x1000a4cc        0x4 CMakeFiles/USB_DEVICE_AND_KEYBOARD.dir/C_/Users/ASUS/.pico-sdk/sdk/2.2.0/src/rp2_common/pico_mem_ops/mem_ops_aeabi.S.obj
 .preinit_array.00350
                0x1000a4d0        0x4 CMakeFiles/USB_DEVICE_AND_KEYBOARD.dir/C_/Users/ASUS/.pico-sdk/sdk/2.2.0/src/rp2_common/pico_double/double_aeabi_rp2040.S.obj
 .preinit_array.00350
                0x1000a4d4        0x4 CMakeFiles/USB_DEVICE_AND_KEYBOARD.dir/C_/Users/ASUS/.pico-sdk/sdk/2.2.0/src/rp2_common/pico_float/float_aeabi_rp2040.S.obj
 .preinit_array.00500
                0x1000a4d8        0x4 CMakeFiles/USB_DEVICE_AND_KEYBOARD.dir/C_/Users/ASUS/.pico-sdk/sdk/2.2.0/src/rp2_common/pico_runtime_init/runtime_init.c.obj
                0x1000a4d8                __pre_init_runtime_init_clocks
 .preinit_array.00600
                0x1000a4dc        0x4 CMakeFiles/USB_DEVICE_AND_KEYBOARD.dir/C_/Users/ASUS/.pico-sdk/sdk/2.2.0/src/rp2_common/pico_runtime_init/runtime_init.c.obj
                0x1000a4dc                __pre_init_runtime_init_post_clock_resets
 .preinit_array.00700
                0x1000a4e0        0x4 CMakeFiles/USB_DEVICE_AND_KEYBOARD.dir/C_/Users/ASUS/.pico-sdk/sdk/2.2.0/src/rp2_common/pico_runtime_init/runtime_init.c.obj
                0x1000a4e0                __pre_init_runtime_init_rp2040_gpio_ie_disable
 .preinit_array.01000
                0x1000a4e4        0x4 CMakeFiles/USB_DEVICE_AND_KEYBOARD.dir/C_/Users/ASUS/.pico-sdk/sdk/2.2.0/src/rp2_common/pico_runtime_init/runtime_init.c.obj
                0x1000a4e4                __pre_init_runtime_init_spin_locks_reset
 .preinit_array.01100
                0x1000a4e8        0x4 CMakeFiles/USB_DEVICE_AND_KEYBOARD.dir/C_/Users/ASUS/.pico-sdk/sdk/2.2.0/src/common/pico_sync/mutex.c.obj
                0x1000a4e8                __pre_init_runtime_init_mutex
 .preinit_array.10080
                0x1000a4ec        0x4 CMakeFiles/USB_DEVICE_AND_KEYBOARD.dir/C_/Users/ASUS/.pico-sdk/sdk/2.2.0/src/rp2_common/pico_runtime_init/runtime_init.c.obj
                0x1000a4ec                __pre_init_runtime_init_install_ram_vector_table
 .preinit_array.11000
                0x1000a4f0        0x4 CMakeFiles/USB_DEVICE_AND_KEYBOARD.dir/C_/Users/ASUS/.pico-sdk/sdk/2.2.0/src/common/pico_time/time.c.obj
                0x1000a4f0                __pre_init_runtime_init_default_alarm_pool
 .preinit_array.YYYYY
                0x1000a4f4        0x4 CMakeFiles/USB_DEVICE_AND_KEYBOARD.dir/C_/Users/ASUS/.pico-sdk/sdk/2.2.0/src/rp2_common/pico_runtime/runtime.c.obj
                0x1000a4f4                __pre_init_first_per_core_initializer
 .preinit_array.ZZZZZ.01200
                0x1000a4f8        0x4 CMakeFiles/USB_DEVICE_AND_KEYBOARD.dir/C_/Users/ASUS/.pico-sdk/sdk/2.2.0/src/rp2_common/hardware_irq/irq.c.obj
                0x1000a4f8                __pre_init_runtime_init_per_core_irq_priorities
 *(.preinit_array)
                0x1000a4fc                        PROVIDE (__preinit_array_end = .)
                0x1000a4fc                        . = ALIGN (0x4)
                0x1000a4fc                        PROVIDE (__init_array_start = .)
 *(SORT_BY_NAME(.init_array.*))
 *(.init_array)
 .init_array    0x1000a4fc        0x4 C:/Users/ASUS/.pico-sdk/toolchain/14_2_Rel1/bin/../lib/gcc/arm-none-eabi/14.2.1/thumb/v6-m/nofp/crtbegin.o
                0x1000a500                        PROVIDE (__init_array_end = .)
                0x1000a500                        . = ALIGN (0x4)
                [!provide]                        PROVIDE (__fini_array_start = .)
 *(SORT_BY_NAME(.fini_array.*))
 *(.fini_array)
                [!provide]                        PROVIDE (__fini_array_end = .)
 *(.eh_frame*)
 .eh_frame      0x1000a500        0x0 C:/Users/ASUS/.pico-sdk/toolchain/14_2_Rel1/bin/../lib/gcc/arm-none-eabi/14.2.1/thumb/v6-m/nofp/crtbegin.o
                0x1000a500                        . = ALIGN (0x4)

.glue_7         0x1000a500        0x0
 .glue_7        0x1000a500        0x0 linker stubs

.glue_7t        0x1000a500        0x0
 .glue_7t       0x1000a500        0x0 linker stubs

.vfp11_veneer   0x1000a500        0x0
 .vfp11_veneer  0x1000a500        0x0 linker stubs

.v4_bx          0x1000a500        0x0
 .v4_bx         0x1000a500        0x0 linker stubs

.iplt           0x1000a500        0x0
 .iplt          0x1000a500        0x0 C:/Users/ASUS/.pico-sdk/toolchain/14_2_Rel1/bin/../lib/gcc/arm-none-eabi/14.2.1/thumb/v6-m/nofp/crtbegin.o

.rodata         0x1000a500      0x998
 *(EXCLUDE_FILE(*libm.a: *libc.a:*lib_a-mem*.o *libgcc.a:) .rodata*)
 .rodata.main.str1.4
                0x1000a500      0x2f8 CMakeFiles/USB_DEVICE_AND_KEYBOARD.dir/main_device.c.obj
                                 0x32 (size before relaxing)
 .rodata.tuh_hid_mount_cb.str1.4
                0x1000a7f8       0x53 CMakeFiles/USB_DEVICE_AND_KEYBOARD.dir/main_host.c.obj
 .rodata.tuh_hid_umount_cb.str1.4
                0x1000a7f8       0x24 CMakeFiles/USB_DEVICE_AND_KEYBOARD.dir/main_host.c.obj
 .rodata.tuh_hid_report_received_cb.str1.4
                0x1000a7f8       0x1f CMakeFiles/USB_DEVICE_AND_KEYBOARD.dir/main_host.c.obj
 .rodata.str1.4
                0x1000a7f8       0x1a CMakeFiles/USB_DEVICE_AND_KEYBOARD.dir/main_host.c.obj
 .rodata.keycode2ascii
                0x1000a7f8      0x100 CMakeFiles/USB_DEVICE_AND_KEYBOARD.dir/main_host.c.obj
 .rodata        0x1000a8f8       0x30 CMakeFiles/USB_DEVICE_AND_KEYBOARD.dir/main_host.c.obj
 .rodata.str1.4
                0x1000a928       0x34 CMakeFiles/USB_DEVICE_AND_KEYBOARD.dir/usb_descriptors.c.obj
 .rodata.__compound_literal.0
                0x1000a928        0x2 CMakeFiles/USB_DEVICE_AND_KEYBOARD.dir/usb_descriptors.c.obj
 *fill*         0x1000a92a        0x2 
 .rodata.desc_fs_configuration
                0x1000a92c       0x64 CMakeFiles/USB_DEVICE_AND_KEYBOARD.dir/usb_descriptors.c.obj
                0x1000a92c                desc_fs_configuration
 .rodata.desc_hid_report
                0x1000a990       0x92 CMakeFiles/USB_DEVICE_AND_KEYBOARD.dir/usb_descriptors.c.obj
                0x1000a990                desc_hid_report
 *fill*         0x1000aa22        0x2 
 .rodata.desc_device
                0x1000aa24       0x12 CMakeFiles/USB_DEVICE_AND_KEYBOARD.dir/usb_descriptors.c.obj
                0x1000aa24                desc_device
 .rodata.panic.str1.4
                0x1000aa36       0x12 CMakeFiles/USB_DEVICE_AND_KEYBOARD.dir/C_/Users/ASUS/.pico-sdk/sdk/2.2.0/src/rp2_common/pico_platform_panic/panic.c.obj
 .rodata.spin_lock_claim_unused.str1.4
                0x1000aa36       0x1b CMakeFiles/USB_DEVICE_AND_KEYBOARD.dir/C_/Users/ASUS/.pico-sdk/sdk/2.2.0/src/rp2_common/hardware_sync/sync.c.obj
 .rodata.timer_hardware_alarm_claim.str1.4
                0x1000aa36       0x22 CMakeFiles/USB_DEVICE_AND_KEYBOARD.dir/C_/Users/ASUS/.pico-sdk/sdk/2.2.0/src/rp2_common/hardware_timer/timer.c.obj
 .rodata.hard_assertion_failure.str1.4
                0x1000aa36        0xc CMakeFiles/USB_DEVICE_AND_KEYBOARD.dir/C_/Users/ASUS/.pico-sdk/sdk/2.2.0/src/rp2_common/pico_runtime/runtime.c.obj
 .rodata.missing_double_func_shim.str1.4
                0x1000aa36       0x18 CMakeFiles/USB_DEVICE_AND_KEYBOARD.dir/C_/Users/ASUS/.pico-sdk/sdk/2.2.0/src/rp2_common/pico_double/double_init_rom_rp2040.c.obj
 .rodata.missing_float_func_shim.str1.4
                0x1000aa36        0x1 CMakeFiles/USB_DEVICE_AND_KEYBOARD.dir/C_/Users/ASUS/.pico-sdk/sdk/2.2.0/src/rp2_common/pico_float/float_init_rom_rp2040.c.obj
 .rodata.__wrap_malloc.str1.4
                0x1000aa36        0xe CMakeFiles/USB_DEVICE_AND_KEYBOARD.dir/C_/Users/ASUS/.pico-sdk/sdk/2.2.0/src/rp2_common/pico_malloc/malloc.c.obj
 .rodata.str1.4
                0x1000aa36       0x4c CMakeFiles/USB_DEVICE_AND_KEYBOARD.dir/C_/Users/ASUS/.pico-sdk/sdk/2.2.0/src/rp2_common/pico_standard_binary_info/standard_binary_info.c.obj
 *fill*         0x1000aa36        0x2 
 .rodata.__bi_84
                0x1000aa38        0xc CMakeFiles/USB_DEVICE_AND_KEYBOARD.dir/C_/Users/ASUS/.pico-sdk/sdk/2.2.0/src/rp2_common/pico_standard_binary_info/standard_binary_info.c.obj
 .rodata.__bi_78
                0x1000aa44        0xc CMakeFiles/USB_DEVICE_AND_KEYBOARD.dir/C_/Users/ASUS/.pico-sdk/sdk/2.2.0/src/rp2_common/pico_standard_binary_info/standard_binary_info.c.obj
 .rodata.__bi_54
                0x1000aa50        0xc CMakeFiles/USB_DEVICE_AND_KEYBOARD.dir/C_/Users/ASUS/.pico-sdk/sdk/2.2.0/src/rp2_common/pico_standard_binary_info/standard_binary_info.c.obj
 .rodata.__bi_48
                0x1000aa5c        0xc CMakeFiles/USB_DEVICE_AND_KEYBOARD.dir/C_/Users/ASUS/.pico-sdk/sdk/2.2.0/src/rp2_common/pico_standard_binary_info/standard_binary_info.c.obj
 .rodata.__bi_42
                0x1000aa68        0xc CMakeFiles/USB_DEVICE_AND_KEYBOARD.dir/C_/Users/ASUS/.pico-sdk/sdk/2.2.0/src/rp2_common/pico_standard_binary_info/standard_binary_info.c.obj
 .rodata.__bi_34
                0x1000aa74        0xc CMakeFiles/USB_DEVICE_AND_KEYBOARD.dir/C_/Users/ASUS/.pico-sdk/sdk/2.2.0/src/rp2_common/pico_standard_binary_info/standard_binary_info.c.obj
 .rodata.__bi_26
                0x1000aa80        0xc CMakeFiles/USB_DEVICE_AND_KEYBOARD.dir/C_/Users/ASUS/.pico-sdk/sdk/2.2.0/src/rp2_common/pico_standard_binary_info/standard_binary_info.c.obj
 .rodata._ftoa.str1.4
                0x1000aa8c       0x15 CMakeFiles/USB_DEVICE_AND_KEYBOARD.dir/C_/Users/ASUS/.pico-sdk/sdk/2.2.0/src/rp2_common/pico_printf/printf.c.obj
 .rodata._vsnprintf
                0x1000aa8c      0x19c CMakeFiles/USB_DEVICE_AND_KEYBOARD.dir/C_/Users/ASUS/.pico-sdk/sdk/2.2.0/src/rp2_common/pico_printf/printf.c.obj
 .rodata.pow10.0
                0x1000ac28       0x50 CMakeFiles/USB_DEVICE_AND_KEYBOARD.dir/C_/Users/ASUS/.pico-sdk/sdk/2.2.0/src/rp2_common/pico_printf/printf.c.obj
 .rodata.crlf_str.0
                0x1000ac78        0x2 CMakeFiles/USB_DEVICE_AND_KEYBOARD.dir/C_/Users/ASUS/.pico-sdk/sdk/2.2.0/src/rp2_common/pico_stdio/stdio.c.obj
 *fill*         0x1000ac7a        0x2 
 .rodata.usb_nrzi_decoder_debug_program
                0x1000ac7c        0x8 CMakeFiles/USB_DEVICE_AND_KEYBOARD.dir/Pico-PIO-USB/src/pio_usb.c.obj
 .rodata.usb_nrzi_decoder_debug_program_instructions
                0x1000ac84       0x14 CMakeFiles/USB_DEVICE_AND_KEYBOARD.dir/Pico-PIO-USB/src/pio_usb.c.obj
 .rodata.usb_nrzi_decoder_program
                0x1000ac98        0x8 CMakeFiles/USB_DEVICE_AND_KEYBOARD.dir/Pico-PIO-USB/src/pio_usb.c.obj
 .rodata.usb_nrzi_decoder_program_instructions
                0x1000aca0       0x14 CMakeFiles/USB_DEVICE_AND_KEYBOARD.dir/Pico-PIO-USB/src/pio_usb.c.obj
 .rodata.usb_edge_detector_debug_program
                0x1000acb4        0x8 CMakeFiles/USB_DEVICE_AND_KEYBOARD.dir/Pico-PIO-USB/src/pio_usb.c.obj
 .rodata.usb_edge_detector_debug_program_instructions
                0x1000acbc       0x22 CMakeFiles/USB_DEVICE_AND_KEYBOARD.dir/Pico-PIO-USB/src/pio_usb.c.obj
 *fill*         0x1000acde        0x2 
 .rodata.usb_edge_detector_program
                0x1000ace0        0x8 CMakeFiles/USB_DEVICE_AND_KEYBOARD.dir/Pico-PIO-USB/src/pio_usb.c.obj
 .rodata.usb_edge_detector_program_instructions
                0x1000ace8       0x22 CMakeFiles/USB_DEVICE_AND_KEYBOARD.dir/Pico-PIO-USB/src/pio_usb.c.obj
 .rodata.pio_usb_host_send_setup.str1.4
                0x1000ad0a       0x15 CMakeFiles/USB_DEVICE_AND_KEYBOARD.dir/Pico-PIO-USB/src/pio_usb_host.c.obj
 .rodata.pio_usb_host_endpoint_transfer.str1.4
                0x1000ad0a       0x15 CMakeFiles/USB_DEVICE_AND_KEYBOARD.dir/Pico-PIO-USB/src/pio_usb_host.c.obj
 .rodata.pio_sm_claim.str1.4
                0x1000ad0a       0x40 CMakeFiles/USB_DEVICE_AND_KEYBOARD.dir/C_/Users/ASUS/.pico-sdk/sdk/2.2.0/src/rp2_common/hardware_pio/pio.c.obj
 .rodata.dma_channel_claim.str1.4
                0x1000ad0a       0x22 CMakeFiles/USB_DEVICE_AND_KEYBOARD.dir/C_/Users/ASUS/.pico-sdk/sdk/2.2.0/src/rp2_common/hardware_dma/dma.c.obj
 .rodata.str1.4
                0x1000ad0a       0x14 CMakeFiles/USB_DEVICE_AND_KEYBOARD.dir/C_/Users/ASUS/.pico-sdk/sdk/2.2.0/lib/tinyusb/src/portable/raspberrypi/rp2040/dcd_rp2040.c.obj
 .rodata.str1.4
                0x1000ad0a       0x48 CMakeFiles/USB_DEVICE_AND_KEYBOARD.dir/C_/Users/ASUS/.pico-sdk/sdk/2.2.0/lib/tinyusb/src/portable/raspberrypi/rp2040/rp2040_usb.c.obj
 *fill*         0x1000ad0a        0x2 
 .rodata.tud_task_ext
                0x1000ad0c       0x8c CMakeFiles/USB_DEVICE_AND_KEYBOARD.dir/C_/Users/ASUS/.pico-sdk/sdk/2.2.0/lib/tinyusb/src/device/usbd.c.obj
 .rodata        0x1000ad98       0x1c CMakeFiles/USB_DEVICE_AND_KEYBOARD.dir/C_/Users/ASUS/.pico-sdk/sdk/2.2.0/lib/tinyusb/src/device/usbd.c.obj
 .rodata._usbd_driver
                0x1000adb4       0x40 CMakeFiles/USB_DEVICE_AND_KEYBOARD.dir/C_/Users/ASUS/.pico-sdk/sdk/2.2.0/lib/tinyusb/src/device/usbd.c.obj
 .rodata.hidd_control_xfer_cb
                0x1000adf4       0x30 CMakeFiles/USB_DEVICE_AND_KEYBOARD.dir/C_/Users/ASUS/.pico-sdk/sdk/2.2.0/lib/tinyusb/src/class/hid/hid_device.c.obj
 .rodata.process_enumeration
                0x1000ae24       0x34 CMakeFiles/USB_DEVICE_AND_KEYBOARD.dir/C_/Users/ASUS/.pico-sdk/sdk/2.2.0/lib/tinyusb/src/host/usbh.c.obj
 .rodata.usbh_class_drivers
                0x1000ae58       0x38 CMakeFiles/USB_DEVICE_AND_KEYBOARD.dir/C_/Users/ASUS/.pico-sdk/sdk/2.2.0/lib/tinyusb/src/host/usbh.c.obj
 .rodata        0x1000ae90        0x8 CMakeFiles/USB_DEVICE_AND_KEYBOARD.dir/C_/Users/ASUS/.pico-sdk/sdk/2.2.0/lib/tinyusb/src/host/hub.c.obj
                0x1000ae98                        . = ALIGN (0x4)
 *(SORT_BY_ALIGNMENT(SORT_BY_NAME(.flashdata*)))
                0x1000ae98                        . = ALIGN (0x4)

.ARM.extab
 *(.ARM.extab* .gnu.linkonce.armextab.*)
                0x1000ae98                        __exidx_start = .

.ARM.exidx
 *(.ARM.exidx* .gnu.linkonce.armexidx.*)
                0x1000ae98                        __exidx_end = .
                0x1000ae98                        . = ALIGN (0x4)
                0x1000ae98                        __binary_info_start = .

.binary_info    0x1000ae98       0x1c
 *(.binary_info.keep.*)
 .binary_info.keep.__bi_ptr84
                0x1000ae98        0x4 CMakeFiles/USB_DEVICE_AND_KEYBOARD.dir/C_/Users/ASUS/.pico-sdk/sdk/2.2.0/src/rp2_common/pico_standard_binary_info/standard_binary_info.c.obj
 .binary_info.keep.__bi_ptr78
                0x1000ae9c        0x4 CMakeFiles/USB_DEVICE_AND_KEYBOARD.dir/C_/Users/ASUS/.pico-sdk/sdk/2.2.0/src/rp2_common/pico_standard_binary_info/standard_binary_info.c.obj
 .binary_info.keep.__bi_ptr54
                0x1000aea0        0x4 CMakeFiles/USB_DEVICE_AND_KEYBOARD.dir/C_/Users/ASUS/.pico-sdk/sdk/2.2.0/src/rp2_common/pico_standard_binary_info/standard_binary_info.c.obj
 .binary_info.keep.__bi_ptr48
                0x1000aea4        0x4 CMakeFiles/USB_DEVICE_AND_KEYBOARD.dir/C_/Users/ASUS/.pico-sdk/sdk/2.2.0/src/rp2_common/pico_standard_binary_info/standard_binary_info.c.obj
 .binary_info.keep.__bi_ptr42
                0x1000aea8        0x4 CMakeFiles/USB_DEVICE_AND_KEYBOARD.dir/C_/Users/ASUS/.pico-sdk/sdk/2.2.0/src/rp2_common/pico_standard_binary_info/standard_binary_info.c.obj
 .binary_info.keep.__bi_ptr34
                0x1000aeac        0x4 CMakeFiles/USB_DEVICE_AND_KEYBOARD.dir/C_/Users/ASUS/.pico-sdk/sdk/2.2.0/src/rp2_common/pico_standard_binary_info/standard_binary_info.c.obj
 .binary_info.keep.__bi_ptr26
                0x1000aeb0        0x4 CMakeFiles/USB_DEVICE_AND_KEYBOARD.dir/C_/Users/ASUS/.pico-sdk/sdk/2.2.0/src/rp2_common/pico_standard_binary_info/standard_binary_info.c.obj
 *(.binary_info.*)
                0x1000aeb4                        __binary_info_end = .
                0x1000aeb4                        . = ALIGN (0x4)

.ram_vector_table
                0x20000000       0xc0
 *(.ram_vector_table)
 .ram_vector_table
                0x20000000       0xc0 CMakeFiles/USB_DEVICE_AND_KEYBOARD.dir/C_/Users/ASUS/.pico-sdk/sdk/2.2.0/src/rp2_common/pico_runtime_init/runtime_init.c.obj
                0x20000000                ram_vector_table

.uninitialized_data
                0x200000c0        0x0
                0x200000c0                        . = ALIGN (0x4)
 *(.uninitialized_data*)

.data           0x200000c0     0x4150 load address 0x1000aeb4
                0x200000c0                        __data_start__ = .
 *(vtable)
 *(.time_critical*)
 .time_critical.handle_endpoint_irq
                0x200000c0       0x90 CMakeFiles/USB_DEVICE_AND_KEYBOARD.dir/C_/Users/ASUS/.pico-sdk/sdk/2.2.0/lib/tinyusb/src/portable/raspberrypi/pio_usb/hcd_pio_usb.c.obj
 .time_critical.pio_usb_host_irq_handler
                0x20000150       0x88 CMakeFiles/USB_DEVICE_AND_KEYBOARD.dir/C_/Users/ASUS/.pico-sdk/sdk/2.2.0/lib/tinyusb/src/portable/raspberrypi/pio_usb/hcd_pio_usb.c.obj
                0x20000150                pio_usb_host_irq_handler
 .time_critical.mutex_enter_blocking